stm32l5xx_hal.c:198:13:HAL_MspInit	0	static
stm32l5xx_hal.c:209:13:HAL_MspDeInit	0	static
stm32l5xx_hal.c:169:19:HAL_DeInit	8	static
stm32l5xx_hal.c:232:26:HAL_InitTick	16	static
stm32l5xx_hal.c:139:19:HAL_Init	8	static
stm32l5xx_hal.c:299:13:HAL_IncTick	0	static
stm32l5xx_hal.c:310:17:HAL_GetTick	0	static
stm32l5xx_hal.c:319:10:HAL_GetTickPrio	0	static
stm32l5xx_hal.c:329:19:HAL_SetTickFreq	16	static
stm32l5xx_hal.c:351:10:HAL_GetTickFreq	0	static
stm32l5xx_hal.c:367:13:HAL_Delay	16	static
stm32l5xx_hal.c:393:13:HAL_SuspendTick	0	static
stm32l5xx_hal.c:409:13:HAL_ResumeTick	0	static
stm32l5xx_hal.c:419:10:HAL_GetHalVersion	0	static
stm32l5xx_hal.c:428:10:HAL_GetREVID	0	static
stm32l5xx_hal.c:437:10:HAL_GetDEVID	0	static
stm32l5xx_hal.c:446:10:HAL_GetUIDw0	0	static
stm32l5xx_hal.c:455:10:HAL_GetUIDw1	0	static
stm32l5xx_hal.c:464:10:HAL_GetUIDw2	0	static
stm32l5xx_hal.c:493:6:HAL_DBGMCU_EnableDBGSleepMode	0	static
stm32l5xx_hal.c:502:6:HAL_DBGMCU_DisableDBGSleepMode	0	static
stm32l5xx_hal.c:511:6:HAL_DBGMCU_EnableDBGStopMode	0	static
stm32l5xx_hal.c:520:6:HAL_DBGMCU_DisableDBGStopMode	0	static
stm32l5xx_hal.c:529:6:HAL_DBGMCU_EnableDBGStandbyMode	0	static
stm32l5xx_hal.c:538:6:HAL_DBGMCU_DisableDBGStandbyMode	0	static
stm32l5xx_hal.c:571:6:HAL_SYSCFG_SRAM2Erase	0	static
stm32l5xx_hal.c:624:6:HAL_SYSCFG_VREFBUF_HighImpedanceConfig	0	static
stm32l5xx_hal.c:636:6:HAL_SYSCFG_VREFBUF_TrimmingConfig	0	static
stm32l5xx_hal.c:593:6:HAL_SYSCFG_VREFBUF_VoltageScalingConfig	0	static
stm32l5xx_hal.c:648:19:HAL_SYSCFG_EnableVREFBUF	16	static
stm32l5xx_hal.c:674:6:HAL_SYSCFG_DisableVREFBUF	0	static
stm32l5xx_hal.c:684:6:HAL_SYSCFG_EnableIOAnalogBooster	0	static
stm32l5xx_hal.c:694:6:HAL_SYSCFG_DisableIOAnalogBooster	0	static
stm32l5xx_hal.c:704:6:HAL_SYSCFG_EnableIOAnalogSwitchVdd	0	static
stm32l5xx_hal.c:714:6:HAL_SYSCFG_DisableIOAnalogSwitchVdd	0	static
stm32l5xx_hal.c:743:6:HAL_SYSCFG_Lock	0	static
stm32l5xx_hal.c:764:19:HAL_SYSCFG_GetLock	0	static
stm32l5xx_hal.c:816:6:HAL_SYSCFG_ConfigAttributes	0	static
stm32l5xx_hal.c:848:19:HAL_SYSCFG_GetConfigAttributes	0	static
