stm32l5xx_hal_rcc.c:1787:26:RCC_SetFlashLatencyFromMSIRange	24	static
stm32l5xx_hal_rcc.c:239:19:HAL_RCC_DeInit	32	static
stm32l5xx_hal_rcc.c:1266:6:HAL_RCC_MCOConfig	40	static
stm32l5xx_hal_rcc.c:1321:10:HAL_RCC_GetSysClockFreq	0	static
stm32l5xx_hal_rcc.c:398:19:HAL_RCC_OscConfig	32	static
stm32l5xx_hal_rcc.c:1036:19:HAL_RCC_ClockConfig	32	static
stm32l5xx_hal_rcc.c:1410:10:HAL_RCC_GetHCLKFreq	8	static
stm32l5xx_hal_rcc.c:1423:10:HAL_RCC_GetPCLK1Freq	8	static
stm32l5xx_hal_rcc.c:1435:10:HAL_RCC_GetPCLK2Freq	8	static
stm32l5xx_hal_rcc.c:1448:6:HAL_RCC_GetOscConfig	0	static
stm32l5xx_hal_rcc.c:1578:6:HAL_RCC_GetClockConfig	0	static
stm32l5xx_hal_rcc.c:1613:6:HAL_RCC_EnableCSS	0	static
stm32l5xx_hal_rcc.c:1640:13:HAL_RCC_CSSCallback	0	static
stm32l5xx_hal_rcc.c:1623:6:HAL_RCC_NMI_IRQHandler	8	static
stm32l5xx_hal_rcc.c:1679:6:HAL_RCC_ConfigAttributes	0	static
stm32l5xx_hal_rcc.c:1726:19:HAL_RCC_GetConfigAttributes	0	static
