sha256_alt.c:57:6:mbedtls_sha256_init	8	static
sha256_alt.c:65:6:mbedtls_sha256_free	0	static
sha256_alt.c:74:6:mbedtls_sha256_clone	8	static
sha256_alt.c:80:5:mbedtls_sha256_starts_ret	24	static
sha256_alt.c:101:5:mbedtls_internal_sha256_process	24	static
sha256_alt.c:122:5:mbedtls_sha256_update_ret	32	static
sha256_alt.c:189:5:mbedtls_sha256_finish_ret	24	static
sha256_alt.c:215:6:mbedtls_sha256_starts	0	static
sha256_alt.c:221:6:mbedtls_sha256_update	0	static
sha256_alt.c:228:6:mbedtls_sha256_finish	0	static
