spm_hal.c:29:21:tfm_spm_hal_init_isolation_hw	8	static
spm_hal.c:38:6:tfm_spm_hal_configure_default_isolation	0	static
spm_hal.c:204:16:tfm_spm_hal_partition_sandbox_config	40	static
spm_hal.c:274:16:tfm_spm_hal_partition_sandbox_deconfig	8	static
spm_hal.c:362:21:tfm_spm_hal_setup_isolation_hw	40	static
spm_hal.c:377:10:tfm_spm_hal_get_ns_VTOR	0	static
spm_hal.c:382:10:tfm_spm_hal_get_ns_MSP	0	static
spm_hal.c:387:10:tfm_spm_hal_get_ns_entry_point	0	static
spm_hal.c:392:6:tfm_spm_hal_set_ns_mpu	0	static
spm_hal.c:459:21:tfm_spm_hal_set_secure_irq_priority	0	static
spm_hal.c:467:6:tfm_spm_hal_clear_pending_irq	0	static
spm_hal.c:472:6:tfm_spm_hal_enable_irq	0	static
spm_hal.c:477:6:tfm_spm_hal_disable_irq	0	static,ignoring_inline_asm
spm_hal.c:482:25:tfm_spm_hal_set_irq_target_state	0	static
spm_hal.c:507:21:tfm_spm_hal_enable_fault_handlers	0	static
spm_hal.c:512:21:tfm_spm_hal_system_reset_cfg	0	static
spm_hal.c:518:21:tfm_spm_hal_nvic_interrupt_target_state_cfg	0	static
spm_hal.c:524:21:tfm_spm_hal_nvic_interrupt_enable	0	static
