target_cfg.c:66:21:enable_fault_handlers	0	static
target_cfg.c:79:6:nvic_interrupt_target_state_cfg	0	static
target_cfg.c:87:6:system_reset_cfg	0	static
target_cfg.c:94:6:nvic_interrupt_enable	0	static
target_cfg.c:100:6:enable_ns_clk_config	0	static
target_cfg.c:107:6:pinmux_conf_init_ns	32	static
target_cfg.c:129:6:sau_and_idau_cfg	8	static,ignoring_inline_asm
target_cfg.c:188:7:unsecure_sram1	128	static
target_cfg.c:231:7:unsecure_sram2	128	static
target_cfg.c:274:7:lock_sram_config	120	static
target_cfg.c:291:6:mpc_init_cfg	16	static,ignoring_inline_asm
target_cfg.c:331:6:ppc_init_cfg	0	static
target_cfg.c:339:6:ppc_clear_irq	0	static
target_cfg.c:345:6:tfm_spm_hal_init_debug	0	static
