Archive member included to satisfy reference by file (symbol)

c:/st/stm32cubeide_1.5.0/stm32cubeide/plugins/com.st.stm32cube.ide.mcu.externaltools.gnu-tools-for-stm32.7-2018-q2-update.win32_1.5.0.202011040924/tools/bin/../lib/gcc/arm-none-eabi/7.3.1/../../../../arm-none-eabi/lib/thumb/v8-m.main/fpv5-sp/hard\libc_nano.a(lib_a-calloc.o)
                              Middlewares/mbedtls/platform.o (calloc)
c:/st/stm32cubeide_1.5.0/stm32cubeide/plugins/com.st.stm32cube.ide.mcu.externaltools.gnu-tools-for-stm32.7-2018-q2-update.win32_1.5.0.202011040924/tools/bin/../lib/gcc/arm-none-eabi/7.3.1/../../../../arm-none-eabi/lib/thumb/v8-m.main/fpv5-sp/hard\libc_nano.a(lib_a-exit.o)
                              c:/st/stm32cubeide_1.5.0/stm32cubeide/plugins/com.st.stm32cube.ide.mcu.externaltools.gnu-tools-for-stm32.7-2018-q2-update.win32_1.5.0.202011040924/tools/bin/../lib/gcc/arm-none-eabi/7.3.1/../../../../arm-none-eabi/lib/thumb/v8-m.main/fpv5-sp/hard/crt0.o (exit)
c:/st/stm32cubeide_1.5.0/stm32cubeide/plugins/com.st.stm32cube.ide.mcu.externaltools.gnu-tools-for-stm32.7-2018-q2-update.win32_1.5.0.202011040924/tools/bin/../lib/gcc/arm-none-eabi/7.3.1/../../../../arm-none-eabi/lib/thumb/v8-m.main/fpv5-sp/hard\libc_nano.a(lib_a-impure.o)
                              c:/st/stm32cubeide_1.5.0/stm32cubeide/plugins/com.st.stm32cube.ide.mcu.externaltools.gnu-tools-for-stm32.7-2018-q2-update.win32_1.5.0.202011040924/tools/bin/../lib/gcc/arm-none-eabi/7.3.1/../../../../arm-none-eabi/lib/thumb/v8-m.main/fpv5-sp/hard\libc_nano.a(lib_a-exit.o) (_global_impure_ptr)
c:/st/stm32cubeide_1.5.0/stm32cubeide/plugins/com.st.stm32cube.ide.mcu.externaltools.gnu-tools-for-stm32.7-2018-q2-update.win32_1.5.0.202011040924/tools/bin/../lib/gcc/arm-none-eabi/7.3.1/../../../../arm-none-eabi/lib/thumb/v8-m.main/fpv5-sp/hard\libc_nano.a(lib_a-init.o)
                              c:/st/stm32cubeide_1.5.0/stm32cubeide/plugins/com.st.stm32cube.ide.mcu.externaltools.gnu-tools-for-stm32.7-2018-q2-update.win32_1.5.0.202011040924/tools/bin/../lib/gcc/arm-none-eabi/7.3.1/../../../../arm-none-eabi/lib/thumb/v8-m.main/fpv5-sp/hard/crt0.o (__libc_init_array)
c:/st/stm32cubeide_1.5.0/stm32cubeide/plugins/com.st.stm32cube.ide.mcu.externaltools.gnu-tools-for-stm32.7-2018-q2-update.win32_1.5.0.202011040924/tools/bin/../lib/gcc/arm-none-eabi/7.3.1/../../../../arm-none-eabi/lib/thumb/v8-m.main/fpv5-sp/hard\libc_nano.a(lib_a-malloc.o)
                              Middlewares/mbedtls/platform.o (free)
c:/st/stm32cubeide_1.5.0/stm32cubeide/plugins/com.st.stm32cube.ide.mcu.externaltools.gnu-tools-for-stm32.7-2018-q2-update.win32_1.5.0.202011040924/tools/bin/../lib/gcc/arm-none-eabi/7.3.1/../../../../arm-none-eabi/lib/thumb/v8-m.main/fpv5-sp/hard\libc_nano.a(lib_a-memcmp.o)
                              Middlewares/mbedtls/asn1parse.o (memcmp)
c:/st/stm32cubeide_1.5.0/stm32cubeide/plugins/com.st.stm32cube.ide.mcu.externaltools.gnu-tools-for-stm32.7-2018-q2-update.win32_1.5.0.202011040924/tools/bin/../lib/gcc/arm-none-eabi/7.3.1/../../../../arm-none-eabi/lib/thumb/v8-m.main/fpv5-sp/hard\libc_nano.a(lib_a-memcpy-stub.o)
                              Application/User/low_level_flash.o (memcpy)
c:/st/stm32cubeide_1.5.0/stm32cubeide/plugins/com.st.stm32cube.ide.mcu.externaltools.gnu-tools-for-stm32.7-2018-q2-update.win32_1.5.0.202011040924/tools/bin/../lib/gcc/arm-none-eabi/7.3.1/../../../../arm-none-eabi/lib/thumb/v8-m.main/fpv5-sp/hard\libc_nano.a(lib_a-memset.o)
                              c:/st/stm32cubeide_1.5.0/stm32cubeide/plugins/com.st.stm32cube.ide.mcu.externaltools.gnu-tools-for-stm32.7-2018-q2-update.win32_1.5.0.202011040924/tools/bin/../lib/gcc/arm-none-eabi/7.3.1/../../../../arm-none-eabi/lib/thumb/v8-m.main/fpv5-sp/hard/crt0.o (memset)
c:/st/stm32cubeide_1.5.0/stm32cubeide/plugins/com.st.stm32cube.ide.mcu.externaltools.gnu-tools-for-stm32.7-2018-q2-update.win32_1.5.0.202011040924/tools/bin/../lib/gcc/arm-none-eabi/7.3.1/../../../../arm-none-eabi/lib/thumb/v8-m.main/fpv5-sp/hard\libc_nano.a(lib_a-nano-callocr.o)
                              c:/st/stm32cubeide_1.5.0/stm32cubeide/plugins/com.st.stm32cube.ide.mcu.externaltools.gnu-tools-for-stm32.7-2018-q2-update.win32_1.5.0.202011040924/tools/bin/../lib/gcc/arm-none-eabi/7.3.1/../../../../arm-none-eabi/lib/thumb/v8-m.main/fpv5-sp/hard\libc_nano.a(lib_a-calloc.o) (_calloc_r)
c:/st/stm32cubeide_1.5.0/stm32cubeide/plugins/com.st.stm32cube.ide.mcu.externaltools.gnu-tools-for-stm32.7-2018-q2-update.win32_1.5.0.202011040924/tools/bin/../lib/gcc/arm-none-eabi/7.3.1/../../../../arm-none-eabi/lib/thumb/v8-m.main/fpv5-sp/hard\libc_nano.a(lib_a-nano-freer.o)
                              c:/st/stm32cubeide_1.5.0/stm32cubeide/plugins/com.st.stm32cube.ide.mcu.externaltools.gnu-tools-for-stm32.7-2018-q2-update.win32_1.5.0.202011040924/tools/bin/../lib/gcc/arm-none-eabi/7.3.1/../../../../arm-none-eabi/lib/thumb/v8-m.main/fpv5-sp/hard\libc_nano.a(lib_a-malloc.o) (_free_r)
[...]
Memory Configuration

Name             Origin             Length             Attributes
FLASH            0x000000000c000000 0x000000000000c000 xr
RAM              0x0000000030030000 0x000000000000fc00 xrw
*default*        0x0000000000000000 0xffffffffffffffff

Linker script and memory map

LOAD c:/st/stm32cubeide_1.5.0/stm32cubeide/plugins/com.st.stm32cube.ide.mcu.externaltools.gnu-tools-for-stm32.7-2018-q2-update.win32_1.5.0.202011040924/tools/bin/../lib/gcc/arm-none-eabi/7.3.1/thumb/v8-m.main/fpv5-sp/hard/crti.o
LOAD c:/st/stm32cubeide_1.5.0/stm32cubeide/plugins/com.st.stm32cube.ide.mcu.externaltools.gnu-tools-for-stm32.7-2018-q2-update.win32_1.5.0.202011040924/tools/bin/../lib/gcc/arm-none-eabi/7.3.1/thumb/v8-m.main/fpv5-sp/hard/crtbegin.o
LOAD c:/st/stm32cubeide_1.5.0/stm32cubeide/plugins/com.st.stm32cube.ide.mcu.externaltools.gnu-tools-for-stm32.7-2018-q2-update.win32_1.5.0.202011040924/tools/bin/../lib/gcc/arm-none-eabi/7.3.1/../../../../arm-none-eabi/lib/thumb/v8-m.main/fpv5-sp/hard/crt0.o
LOAD Application/Startup/startup_stm32l5xx_bl2.o
LOAD Application/User/bl2_nv_services.o
LOAD Application/User/jumper.o
LOAD Application/User/low_level_com.o
LOAD Application/User/low_level_flash.o
LOAD Application/User/low_level_rng.o
LOAD Application/User/main.o
LOAD Application/User/mpu_armv8m_drv.o
LOAD Application/User/sha256_alt.o
LOAD Application/User/stm32l5xx_hal_msp.o
LOAD Application/User/system_stm32l5xx.o
LOAD Application/User/tfm_bl2_shared_data.o
LOAD Application/User/tfm_low_level_security.o
LOAD Drivers/STM32L5xx_HAL_Driver/stm32l5xx_hal.o
LOAD Drivers/STM32L5xx_HAL_Driver/stm32l5xx_hal_cortex.o
LOAD Drivers/STM32L5xx_HAL_Driver/stm32l5xx_hal_dma.o
LOAD Drivers/STM32L5xx_HAL_Driver/stm32l5xx_hal_dma_ex.o
LOAD Drivers/STM32L5xx_HAL_Driver/stm32l5xx_hal_exti.o
LOAD Drivers/STM32L5xx_HAL_Driver/stm32l5xx_hal_flash.o
LOAD Drivers/STM32L5xx_HAL_Driver/stm32l5xx_hal_flash_ex.o
LOAD Drivers/STM32L5xx_HAL_Driver/stm32l5xx_hal_gpio.o
LOAD Drivers/STM32L5xx_HAL_Driver/stm32l5xx_hal_gtzc.o
LOAD Drivers/STM32L5xx_HAL_Driver/stm32l5xx_hal_hash.o
LOAD Drivers/STM32L5xx_HAL_Driver/stm32l5xx_hal_hash_ex.o
LOAD Drivers/STM32L5xx_HAL_Driver/stm32l5xx_hal_pwr.o
LOAD Drivers/STM32L5xx_HAL_Driver/stm32l5xx_hal_pwr_ex.o
LOAD Drivers/STM32L5xx_HAL_Driver/stm32l5xx_hal_rcc.o
LOAD Drivers/STM32L5xx_HAL_Driver/stm32l5xx_hal_rcc_ex.o
LOAD Drivers/STM32L5xx_HAL_Driver/stm32l5xx_hal_rng.o
LOAD Drivers/STM32L5xx_HAL_Driver/stm32l5xx_hal_rng_ex.o
LOAD Drivers/STM32L5xx_HAL_Driver/stm32l5xx_hal_rtc.o
LOAD Drivers/STM32L5xx_HAL_Driver/stm32l5xx_hal_rtc_ex.o
LOAD Drivers/STM32L5xx_HAL_Driver/stm32l5xx_hal_uart.o
LOAD Drivers/STM32L5xx_HAL_Driver/stm32l5xx_hal_uart_ex.o
LOAD Drivers/STM32L5xx_HAL_Driver/stm32l5xx_ll_rcc.o
LOAD Middlewares/mbedtls/asn1parse.o
LOAD Middlewares/mbedtls/bignum.o
LOAD Middlewares/mbedtls/ctr_drbg.o
LOAD Middlewares/mbedtls/debug.o
LOAD Middlewares/mbedtls/error.o
LOAD Middlewares/mbedtls/memory_buffer_alloc.o
LOAD Middlewares/mbedtls/platform.o
LOAD Middlewares/mbedtls/platform_util.o
LOAD Middlewares/mbedtls/rsa.o
LOAD Middlewares/mbedtls/rsa_internal.o
LOAD Middlewares/mbedtls/sha256.o
LOAD Middlewares/trustedfirmware/bl2_main.o
LOAD Middlewares/trustedfirmware/boot_record.o
LOAD Middlewares/trustedfirmware/bootutil_misc.o
LOAD Middlewares/trustedfirmware/flash_map.o
LOAD Middlewares/trustedfirmware/image_rsa.o
LOAD Middlewares/trustedfirmware/image_validate.o
LOAD Middlewares/trustedfirmware/keys.o
LOAD Middlewares/trustedfirmware/loader.o
LOAD Middlewares/trustedfirmware/security_cnt.o
LOAD Middlewares/trustedfirmware/uart_stdout.o
START GROUP
LOAD c:/st/stm32cubeide_1.5.0/stm32cubeide/plugins/com.st.stm32cube.ide.mcu.externaltools.gnu-tools-for-stm32.7-2018-q2-update.win32_1.5.0.202011040924/tools/bin/../lib/gcc/arm-none-eabi/7.3.1/../../../../arm-none-eabi/lib/thumb/v8-m.main/fpv5-sp/hard\libc_nano.a
LOAD c:/st/stm32cubeide_1.5.0/stm32cubeide/plugins/com.st.stm32cube.ide.mcu.externaltools.gnu-tools-for-stm32.7-2018-q2-update.win32_1.5.0.202011040924/tools/bin/../lib/gcc/arm-none-eabi/7.3.1/../../../../arm-none-eabi/lib/thumb/v8-m.main/fpv5-sp/hard\libm.a
END GROUP
START GROUP
LOAD c:/st/stm32cubeide_1.5.0/stm32cubeide/plugins/com.st.stm32cube.ide.mcu.externaltools.gnu-tools-for-stm32.7-2018-q2-update.win32_1.5.0.202011040924/tools/bin/../lib/gcc/arm-none-eabi/7.3.1/thumb/v8-m.main/fpv5-sp/hard\libgcc.a
LOAD c:/st/stm32cubeide_1.5.0/stm32cubeide/plugins/com.st.stm32cube.ide.mcu.externaltools.gnu-tools-for-stm32.7-2018-q2-update.win32_1.5.0.202011040924/tools/bin/../lib/gcc/arm-none-eabi/7.3.1/../../../../arm-none-eabi/lib/thumb/v8-m.main/fpv5-sp/hard\libc_nano.a
END GROUP
START GROUP
LOAD c:/st/stm32cubeide_1.5.0/stm32cubeide/plugins/com.st.stm32cube.ide.mcu.externaltools.gnu-tools-for-stm32.7-2018-q2-update.win32_1.5.0.202011040924/tools/bin/../lib/gcc/arm-none-eabi/7.3.1/thumb/v8-m.main/fpv5-sp/hard\libgcc.a
LOAD c:/st/stm32cubeide_1.5.0/stm32cubeide/plugins/com.st.stm32cube.ide.mcu.externaltools.gnu-tools-for-stm32.7-2018-q2-update.win32_1.5.0.202011040924/tools/bin/../lib/gcc/arm-none-eabi/7.3.1/../../../../arm-none-eabi/lib/thumb/v8-m.main/fpv5-sp/hard\libc_nano.a
LOAD c:/st/stm32cubeide_1.5.0/stm32cubeide/plugins/com.st.stm32cube.ide.mcu.externaltools.gnu-tools-for-stm32.7-2018-q2-update.win32_1.5.0.202011040924/tools/bin/../lib/gcc/arm-none-eabi/7.3.1/../../../../arm-none-eabi/lib/thumb/v8-m.main/fpv5-sp/hard\libnosys.a
END GROUP
START GROUP
LOAD c:/st/stm32cubeide_1.5.0/stm32cubeide/plugins/com.st.stm32cube.ide.mcu.externaltools.gnu-tools-for-stm32.7-2018-q2-update.win32_1.5.0.202011040924/tools/bin/../lib/gcc/arm-none-eabi/7.3.1/thumb/v8-m.main/fpv5-sp/hard\libgcc.a
LOAD c:/st/stm32cubeide_1.5.0/stm32cubeide/plugins/com.st.stm32cube.ide.mcu.externaltools.gnu-tools-for-stm32.7-2018-q2-update.win32_1.5.0.202011040924/tools/bin/../lib/gcc/arm-none-eabi/7.3.1/../../../../arm-none-eabi/lib/thumb/v8-m.main/fpv5-sp/hard\libc_nano.a
LOAD c:/st/stm32cubeide_1.5.0/stm32cubeide/plugins/com.st.stm32cube.ide.mcu.externaltools.gnu-tools-for-stm32.7-2018-q2-update.win32_1.5.0.202011040924/tools/bin/../lib/gcc/arm-none-eabi/7.3.1/../../../../arm-none-eabi/lib/thumb/v8-m.main/fpv5-sp/hard\libnosys.a
END GROUP
LOAD c:/st/stm32cubeide_1.5.0/stm32cubeide/plugins/com.st.stm32cube.ide.mcu.externaltools.gnu-tools-for-stm32.7-2018-q2-update.win32_1.5.0.202011040924/tools/bin/../lib/gcc/arm-none-eabi/7.3.1/thumb/v8-m.main/fpv5-sp/hard/crtend.o
LOAD c:/st/stm32cubeide_1.5.0/stm32cubeide/plugins/com.st.stm32cube.ide.mcu.externaltools.gnu-tools-for-stm32.7-2018-q2-update.win32_1.5.0.202011040924/tools/bin/../lib/gcc/arm-none-eabi/7.3.1/thumb/v8-m.main/fpv5-sp/hard/crtn.o
                0x0000000000001000                __heap_size__ = 0x1000
                0x0000000000001800                __msp_stack_size__ = 0x1800
START GROUP
LOAD c:/st/stm32cubeide_1.5.0/stm32cubeide/plugins/com.st.stm32cube.ide.mcu.externaltools.gnu-tools-for-stm32.7-2018-q2-update.win32_1.5.0.202011040924/tools/bin/../lib/gcc/arm-none-eabi/7.3.1/thumb/v8-m.main/fpv5-sp/hard\libgcc.a
LOAD c:/st/stm32cubeide_1.5.0/stm32cubeide/plugins/com.st.stm32cube.ide.mcu.externaltools.gnu-tools-for-stm32.7-2018-q2-update.win32_1.5.0.202011040924/tools/bin/../lib/gcc/arm-none-eabi/7.3.1/../../../../arm-none-eabi/lib/thumb/v8-m.main/fpv5-sp/hard\libc.a
LOAD c:/st/stm32cubeide_1.5.0/stm32cubeide/plugins/com.st.stm32cube.ide.mcu.externaltools.gnu-tools-for-stm32.7-2018-q2-update.win32_1.5.0.202011040924/tools/bin/../lib/gcc/arm-none-eabi/7.3.1/../../../../arm-none-eabi/lib/thumb/v8-m.main/fpv5-sp/hard\libm.a
LOAD c:/st/stm32cubeide_1.5.0/stm32cubeide/plugins/com.st.stm32cube.ide.mcu.externaltools.gnu-tools-for-stm32.7-2018-q2-update.win32_1.5.0.202011040924/tools/bin/../lib/gcc/arm-none-eabi/7.3.1/../../../../arm-none-eabi/lib/thumb/v8-m.main/fpv5-sp/hard\libnosys.a
END GROUP

.provision      0x000000000c000000      0x3ce
 *(.provision)
 .provision     0x000000000c000000       0xa8 Application/User/tfm_bl2_shared_data.o
                0x000000000c000000                huk_value
                0x000000000c000021                initial_attestation_public_x_key
                0x000000000c000041                initial_attestation_public_y_key
                0x000000000c000061                initial_attestation_raw_public_key_hash
                0x000000000c000081                initial_attestation_curve_type
                0x000000000c000082                initial_attestation_private_key
                0x000000000c0000a4                initial_attestation_private_key_size
 .provision     0x000000000c0000a8      0x326 Middlewares/trustedfirmware/keys.o
                0x000000000c0000a8                rsa_pub_key_len_1
                0x000000000c0000ac                rsa_pub_key_1
                0x000000000c00023c                rsa_pub_key_len
                0x000000000c000240                rsa_pub_key

.text           0x000000000c000800     0xa43c
 *(.vectors)
 .vectors       0x000000000c000800      0x1f4 Application/Startup/startup_stm32l5xx_bl2.o
                0x000000000c000800                __Vectors
                0x000000000c0009f4                __Vectors_End = .
                0x00000000000001f4                __Vectors_Size = (__Vectors_End - __Vectors)
                0x000000000c0009f4                __end__ = .
 *(.text*)
 .text          0x000000000c0009f4       0x40 c:/st/stm32cubeide_1.5.0/stm32cubeide/plugins/com.st.stm32cube.ide.mcu.externaltools.gnu-tools-for-stm32.7-2018-q2-update.win32_1.5.0.202011040924/tools/bin/../lib/gcc/arm-none-eabi/7.3.1/thumb/v8-m.main/fpv5-sp/hard/crtbegin.o
 .text          0x000000000c000a34       0x74 c:/st/stm32cubeide_1.5.0/stm32cubeide/plugins/com.st.stm32cube.ide.mcu.externaltools.gnu-tools-for-stm32.7-2018-q2-update.win32_1.5.0.202011040924/tools/bin/../lib/gcc/arm-none-eabi/7.3.1/../../../../arm-none-eabi/lib/thumb/v8-m.main/fpv5-sp/hard/crt0.o
                0x000000000c000a34                _start
                0x000000000c000a34                _mainCRTStartup
 .text          0x000000000c000aa8      0x1f0 Application/Startup/startup_stm32l5xx_bl2.o
                0x000000000c000aa8                Reset_Handler
                0x000000000c000ad4                HardFault_Handler
                0x000000000c000ad8                MemManage_Handler
                0x000000000c000adc                BusFault_Handler
                0x000000000c000ae0                UsageFault_Handler
                0x000000000c000ae4                SecureFault_Handler
                0x000000000c000ae8                SVC_Handler
                0x000000000c000aec                DebugMon_Handler
                0x000000000c000af0                PendSV_Handler
                0x000000000c000af4                SysTick_Handler
                0x000000000c000af8                WWDG_IRQHandler
                0x000000000c000afc                PVD_PVM_IRQHandler
                0x000000000c000b00                RTC_IRQHandler
                0x000000000c000b04                RTC_IRQHandler_S
                0x000000000c000b08                TAMP_IRQHandler
                0x000000000c000b0c                TAMP_IRQHandler_S
                0x000000000c000b10                FLASH_IRQHandler
                0x000000000c000b14                FLASH_IRQHandler_S
                0x000000000c000b18                SERR_IRQHandler
                0x000000000c000b1c                RCC_IRQHandler
                0x000000000c000b20                RCC_IRQHandler_S
                0x000000000c000b24                EXTI0_IRQHandler
                0x000000000c000b28                EXTI1_IRQHandler
                0x000000000c000b2c                EXTI2_IRQHandler
                0x000000000c000b30                EXTI3_IRQHandler
                0x000000000c000b34                EXTI4_IRQHandler
                0x000000000c000b38                EXTI5_IRQHandler
                0x000000000c000b3c                EXTI6_IRQHandler
                0x000000000c000b40                EXTI7_IRQHandler
                0x000000000c000b44                EXTI8_IRQHandler
                0x000000000c000b48                EXTI9_IRQHandler
                0x000000000c000b4c                EXTI10_IRQHandler
                0x000000000c000b50                EXTI11_IRQHandler
                0x000000000c000b54                EXTI12_IRQHandler
                0x000000000c000b58                EXTI13_IRQHandler
                0x000000000c000b5c                EXTI14_IRQHandler
                0x000000000c000b60                EXTI15_IRQHandler
                0x000000000c000b64                DMAMUX1_IRQHandler
                0x000000000c000b68                DMAMUX1_IRQHandler_S
                0x000000000c000b6c                DMA1_Channel1_IRQHandler
                0x000000000c000b70                DMA1_Channel2_IRQHandler
                0x000000000c000b74                DMA1_Channel3_IRQHandler
                0x000000000c000b78                DMA1_Channel4_IRQHandler
                0x000000000c000b7c                DMA1_Channel5_IRQHandler
                0x000000000c000b80                DMA1_Channel6_IRQHandler
                0x000000000c000b84                DMA1_Channel7_IRQHandler
                0x000000000c000b88                DMA1_Channel8_IRQHandler
                0x000000000c000b8c                ADC1_2_IRQHandler
                0x000000000c000b90                DAC_IRQHandler
                0x000000000c000b94                FDCAN1_IT0_IRQHandler
                0x000000000c000b98                FDCAN1_IT1_IRQHandler
                0x000000000c000b9c                TIM1_BRK_IRQHandler
                0x000000000c000ba0                TIM1_UP_IRQHandler
                0x000000000c000ba4                TIM1_TRG_COM_IRQHandler
                0x000000000c000ba8                TIM1_CC_IRQHandler
                0x000000000c000bac                TIM2_IRQHandler
                0x000000000c000bb0                TIM3_IRQHandler
                0x000000000c000bb4                TIM4_IRQHandler
                0x000000000c000bb8                TIM5_IRQHandler
                0x000000000c000bbc                TIM6_IRQHandler
                0x000000000c000bc0                TIM7_IRQHandler
                0x000000000c000bc4                TIM8_BRK_IRQHandler
                0x000000000c000bc8                TIM8_UP_IRQHandler
                0x000000000c000bcc                TIM8_TRG_COM_IRQHandler
                0x000000000c000bd0                TIM8_CC_IRQHandler
                0x000000000c000bd4                I2C1_EV_IRQHandler
                0x000000000c000bd8                I2C1_ER_IRQHandler
                0x000000000c000bdc                I2C2_EV_IRQHandler
                0x000000000c000be0                I2C2_ER_IRQHandler
                0x000000000c000be4                SPI1_IRQHandler
                0x000000000c000be8                SPI2_IRQHandler
                0x000000000c000bec                USART1_IRQHandler
                0x000000000c000bf0                USART2_IRQHandler
                0x000000000c000bf4                USART3_IRQHandler
                0x000000000c000bf8                UART4_IRQHandler
                0x000000000c000bfc                UART5_IRQHandler
                0x000000000c000c00                LPUART1_IRQHandler
                0x000000000c000c04                LPTIM1_IRQHandler
                0x000000000c000c08                LPTIM2_IRQHandler
                0x000000000c000c0c                TIM15_IRQHandler
                0x000000000c000c10                TIM16_IRQHandler
                0x000000000c000c14                TIM17_IRQHandler
                0x000000000c000c18                COMP_IRQHandler
                0x000000000c000c1c                USB_FS_IRQHandler
                0x000000000c000c20                CRS_IRQHandler
                0x000000000c000c24                FMC_IRQHandler
                0x000000000c000c28                OCTOSPI1_IRQHandler
                0x000000000c000c2c                SDMMC1_IRQHandler
                0x000000000c000c30                DMA2_Channel1_IRQHandler
                0x000000000c000c34                DMA2_Channel2_IRQHandler
                0x000000000c000c38                DMA2_Channel3_IRQHandler
                0x000000000c000c3c                DMA2_Channel4_IRQHandler
                0x000000000c000c40                DMA2_Channel5_IRQHandler
                0x000000000c000c44                DMA2_Channel6_IRQHandler
                0x000000000c000c48                DMA2_Channel7_IRQHandler
                0x000000000c000c4c                DMA2_Channel8_IRQHandler
                0x000000000c000c50                I2C3_EV_IRQHandler
                0x000000000c000c54                I2C3_ER_IRQHandler
                0x000000000c000c58                SAI1_IRQHandler
                0x000000000c000c5c                SAI2_IRQHandler
                0x000000000c000c60                TSC_IRQHandler
                0x000000000c000c64                RNG_IRQHandler
                0x000000000c000c68                FPU_IRQHandler
                0x000000000c000c6c                LPTIM3_IRQHandler
                0x000000000c000c70                SPI3_IRQHandler
                0x000000000c000c74                I2C4_ER_IRQHandler
                0x000000000c000c78                I2C4_EV_IRQHandler
                0x000000000c000c7c                DFSDM1_FLT0_IRQHandler
                0x000000000c000c80                DFSDM1_FLT1_IRQHandler
                0x000000000c000c84                DFSDM1_FLT2_IRQHandler
                0x000000000c000c88                DFSDM1_FLT3_IRQHandler
                0x000000000c000c8c                UCPD1_IRQHandler
                0x000000000c000c90                ICACHE_IRQHandler
                0x000000000c000c94                OTFDEC1_IRQHandler
 .text.CalculateCrc
                0x000000000c000c98       0x48 Application/User/bl2_nv_services.o
 .text.tfm_plat_read_nv_counter
                0x000000000c000ce0       0x88 Application/User/bl2_nv_services.o
                0x000000000c000ce0                tfm_plat_read_nv_counter
 .text.tfm_plat_init_nv_counter
                0x000000000c000d68      0x244 Application/User/bl2_nv_services.o
                0x000000000c000d68                tfm_plat_init_nv_counter
 .text.tfm_plat_set_nv_counter
                0x000000000c000fac       0x94 Application/User/bl2_nv_services.o
                0x000000000c000fac                tfm_plat_set_nv_counter
 .text.jumper   0x000000000c001040       0x6c Application/User/jumper.o
                0x000000000c001040                jumper
 .text.USART_GetVersion
                0x000000000c0010ac       0x14 Application/User/low_level_com.o
 .text.USART_GetCapabilities
                0x000000000c0010c0        0x4 Application/User/low_level_com.o
 .text.USART0_Uninitialize
                0x000000000c0010c4        0x4 Application/User/low_level_com.o
 .text.USART0_PowerControl
                0x000000000c0010c8        0x6 Application/User/low_level_com.o
 .text.USART0_Transfer
                0x000000000c0010ce        0x6 Application/User/low_level_com.o
 .text.USART0_GetTxCount
                0x000000000c0010d4        0x6 Application/User/low_level_com.o
 .text.USART0_Control
                0x000000000c0010da        0x4 Application/User/low_level_com.o
 .text.USART0_GetStatus
                0x000000000c0010de        0xc Application/User/low_level_com.o
 .text.USART0_GetModemStatus
                0x000000000c0010ea        0xc Application/User/low_level_com.o
 *fill*         0x000000000c0010f6        0x2 
 .text.USART0_Receive
                0x000000000c0010f8       0x20 Application/User/low_level_com.o
 .text.USART0_Send
                0x000000000c001118       0x24 Application/User/low_level_com.o
 .text.USART0_Initialize
                0x000000000c00113c       0xc4 Application/User/low_level_com.o
 .text.USART0_SetModemControl
                0x000000000c001200        0x6 Application/User/low_level_com.o
 .text.USART0_GetRxCount
                0x000000000c001206        0x6 Application/User/low_level_com.o
 .text.Flash_GetVersion
                0x000000000c00120c       0x14 Application/User/low_level_flash.o
 .text.Flash_GetCapabilities
                0x000000000c001220        0x4 Application/User/low_level_flash.o
 .text.Flash_Uninitialize
                0x000000000c001224        0x4 Application/User/low_level_flash.o
 .text.Flash_PowerControl
                0x000000000c001228       0x16 Application/User/low_level_flash.o
 .text.Flash_EraseChip
                0x000000000c00123e        0x6 Application/User/low_level_flash.o
 .text.Flash_GetStatus
                0x000000000c001244        0xc Application/User/low_level_flash.o
 .text.Flash_GetInfo
                0x000000000c001250        0xc Application/User/low_level_flash.o
 .text.Flash_ReadData
                0x000000000c00125c       0x5c Application/User/low_level_flash.o
 .text.Flash_Initialize
                0x000000000c0012b8        0xe Application/User/low_level_flash.o
 *fill*         0x000000000c0012c6        0x2 
 .text.Flash_ProgramData
                0x000000000c0012c8       0xc8 Application/User/low_level_flash.o
 .text.Flash_EraseSector
                0x000000000c001390       0xb0 Application/User/low_level_flash.o
 .text.NMI_Handler
                0x000000000c001440       0x68 Application/User/low_level_flash.o
                0x000000000c001440                NMI_Handler
 .text.mbedtls_hardware_poll
                0x000000000c0014a8       0xfc Application/User/low_level_rng.o
                0x000000000c0014a8                mbedtls_hardware_poll
 .text.HAL_InitTick
                0x000000000c0015a4       0x1c Application/User/main.o
                0x000000000c0015a4                HAL_InitTick
 .text.HAL_GetTick
                0x000000000c0015c0       0x58 Application/User/main.o
                0x000000000c0015c0                HAL_GetTick
 .text.Error_Handler
                0x000000000c001618       0x70 Application/User/main.o
                0x000000000c001618                Error_Handler
 .text.startup.main
                0x000000000c001688      0x330 Application/User/main.o
                0x000000000c001688                main
 .text.mpu_config_appli
                0x000000000c0019b8       0x74 Application/User/main.o
                0x000000000c0019b8                mpu_config_appli
 .text.mpu_armv8m_enable
                0x000000000c001a2c       0x34 Application/User/mpu_armv8m_drv.o
                0x000000000c001a2c                mpu_armv8m_enable
 .text.mpu_armv8m_region_enable
                0x000000000c001a60       0x5a Application/User/mpu_armv8m_drv.o
                0x000000000c001a60                mpu_armv8m_region_enable
 *fill*         0x000000000c001aba        0x2 
 .text.mbedtls_sha256_init
                0x000000000c001abc       0x30 Application/User/sha256_alt.o
                0x000000000c001abc                mbedtls_sha256_init
 .text.mbedtls_sha256_starts_ret
                0x000000000c001aec       0x36 Application/User/sha256_alt.o
                0x000000000c001aec                mbedtls_sha256_starts_ret
 .text.mbedtls_sha256_update_ret
                0x000000000c001b22       0xb4 Application/User/sha256_alt.o
                0x000000000c001b22                mbedtls_sha256_update_ret
 .text.mbedtls_sha256_finish_ret
                0x000000000c001bd6       0x44 Application/User/sha256_alt.o
                0x000000000c001bd6                mbedtls_sha256_finish_ret
 .text.mbedtls_sha256_starts
                0x000000000c001c1a        0x4 Application/User/sha256_alt.o
                0x000000000c001c1a                mbedtls_sha256_starts
 .text.mbedtls_sha256_update
                0x000000000c001c1e        0x4 Application/User/sha256_alt.o
                0x000000000c001c1e                mbedtls_sha256_update
 .text.mbedtls_sha256_finish
                0x000000000c001c22        0x4 Application/User/sha256_alt.o
                0x000000000c001c22                mbedtls_sha256_finish
 *fill*         0x000000000c001c26        0x2 
 .text.HAL_RTC_MspInit
                0x000000000c001c28       0x98 Application/User/stm32l5xx_hal_msp.o
                0x000000000c001c28                HAL_RTC_MspInit
 .text.SystemInit
                0x000000000c001cc0       0x14 Application/User/system_stm32l5xx.o
                0x000000000c001cc0                SystemInit
 .text.SystemCoreClockUpdate
                0x000000000c001cd4       0xa4 Application/User/system_stm32l5xx.o
                0x000000000c001cd4                SystemCoreClockUpdate
 .text.TFM_BL2_CopySharedData
                0x000000000c001d78      0x128 Application/User/tfm_bl2_shared_data.o
                0x000000000c001d78                TFM_BL2_CopySharedData
 .text.TFM_LL_SECU_ApplyRunTimeProtections
                0x000000000c001ea0       0x18 Application/User/tfm_low_level_security.o
                0x000000000c001ea0                TFM_LL_SECU_ApplyRunTimeProtections
 .text.TFM_LL_SECU_CheckStaticProtections
                0x000000000c001eb8      0x2c8 Application/User/tfm_low_level_security.o
                0x000000000c001eb8                TFM_LL_SECU_CheckStaticProtections
 .text.HAL_MspInit
                0x000000000c002180        0x2 Drivers/STM32L5xx_HAL_Driver/stm32l5xx_hal.o
                0x000000000c002180                HAL_MspInit
 .text.HAL_Init
                0x000000000c002182       0x22 Drivers/STM32L5xx_HAL_Driver/stm32l5xx_hal.o
                0x000000000c002182                HAL_Init
 .text.HAL_Delay
                0x000000000c0021a4       0x24 Drivers/STM32L5xx_HAL_Driver/stm32l5xx_hal.o
                0x000000000c0021a4                HAL_Delay
 .text.HAL_NVIC_SetPriorityGrouping
                0x000000000c0021c8       0x24 Drivers/STM32L5xx_HAL_Driver/stm32l5xx_hal_cortex.o
                0x000000000c0021c8                HAL_NVIC_SetPriorityGrouping
 .text.HAL_NVIC_SetPriority
                0x000000000c0021ec       0x68 Drivers/STM32L5xx_HAL_Driver/stm32l5xx_hal_cortex.o
                0x000000000c0021ec                HAL_NVIC_SetPriority
 .text.HAL_NVIC_EnableIRQ
                0x000000000c002254       0x1c Drivers/STM32L5xx_HAL_Driver/stm32l5xx_hal_cortex.o
                0x000000000c002254                HAL_NVIC_EnableIRQ
 .text.HAL_NVIC_SystemReset
                0x000000000c002270       0x24 Drivers/STM32L5xx_HAL_Driver/stm32l5xx_hal_cortex.o
                0x000000000c002270                HAL_NVIC_SystemReset
 .text.FLASH_Program_DoubleWord
                0x000000000c002294       0x3c Drivers/STM32L5xx_HAL_Driver/stm32l5xx_hal_flash.o
 .text.HAL_FLASH_Unlock
                0x000000000c0022d0       0x40 Drivers/STM32L5xx_HAL_Driver/stm32l5xx_hal_flash.o
                0x000000000c0022d0                HAL_FLASH_Unlock
 .text.HAL_FLASH_Lock
                0x000000000c002310       0x28 Drivers/STM32L5xx_HAL_Driver/stm32l5xx_hal_flash.o
                0x000000000c002310                HAL_FLASH_Lock
 .text.HAL_FLASH_OB_Unlock
                0x000000000c002338       0x24 Drivers/STM32L5xx_HAL_Driver/stm32l5xx_hal_flash.o
                0x000000000c002338                HAL_FLASH_OB_Unlock
 .text.HAL_FLASH_OB_Launch
                0x000000000c00235c       0x14 Drivers/STM32L5xx_HAL_Driver/stm32l5xx_hal_flash.o
                0x000000000c00235c                HAL_FLASH_OB_Launch
 .text.FLASH_WaitForLastOperation
                0x000000000c002370       0x7c Drivers/STM32L5xx_HAL_Driver/stm32l5xx_hal_flash.o
                0x000000000c002370                FLASH_WaitForLastOperation
 .text.HAL_FLASH_Program
                0x000000000c0023ec       0x6c Drivers/STM32L5xx_HAL_Driver/stm32l5xx_hal_flash.o
                0x000000000c0023ec                HAL_FLASH_Program
 .text.FLASH_MassErase
                0x000000000c002458       0x64 Drivers/STM32L5xx_HAL_Driver/stm32l5xx_hal_flash_ex.o
 .text.HAL_FLASHEx_OBProgram
                0x000000000c0024bc      0x264 Drivers/STM32L5xx_HAL_Driver/stm32l5xx_hal_flash_ex.o
                0x000000000c0024bc                HAL_FLASHEx_OBProgram
 .text.HAL_FLASHEx_OBGetConfig
                0x000000000c002720      0x108 Drivers/STM32L5xx_HAL_Driver/stm32l5xx_hal_flash_ex.o
                0x000000000c002720                HAL_FLASHEx_OBGetConfig
 .text.HAL_FLASHEx_ConfigPrivMode
                0x000000000c002828       0x18 Drivers/STM32L5xx_HAL_Driver/stm32l5xx_hal_flash_ex.o
                0x000000000c002828                HAL_FLASHEx_ConfigPrivMode
 .text.FLASH_PageErase
                0x000000000c002840       0x68 Drivers/STM32L5xx_HAL_Driver/stm32l5xx_hal_flash_ex.o
                0x000000000c002840                FLASH_PageErase
 .text.HAL_FLASHEx_Erase
                0x000000000c0028a8       0xac Drivers/STM32L5xx_HAL_Driver/stm32l5xx_hal_flash_ex.o
                0x000000000c0028a8                HAL_FLASHEx_Erase
 .text.HAL_GPIO_Init
                0x000000000c002954      0x190 Drivers/STM32L5xx_HAL_Driver/stm32l5xx_hal_gpio.o
                0x000000000c002954                HAL_GPIO_Init
 .text.HAL_GTZC_MPCBB_ConfigMem
                0x000000000c002ae4       0x80 Drivers/STM32L5xx_HAL_Driver/stm32l5xx_hal_gtzc.o
                0x000000000c002ae4                HAL_GTZC_MPCBB_ConfigMem
 .text.HAL_GTZC_MPCBB_GetConfigMem
                0x000000000c002b64       0x68 Drivers/STM32L5xx_HAL_Driver/stm32l5xx_hal_gtzc.o
                0x000000000c002b64                HAL_GTZC_MPCBB_GetConfigMem
 .text.HASH_GetDigest
                0x000000000c002bcc       0xc4 Drivers/STM32L5xx_HAL_Driver/stm32l5xx_hal_hash.o
 .text.HASH_WaitOnFlagUntilTimeout
                0x000000000c002c90       0x70 Drivers/STM32L5xx_HAL_Driver/stm32l5xx_hal_hash.o
 .text.HASH_WriteData
                0x000000000c002d00       0xb4 Drivers/STM32L5xx_HAL_Driver/stm32l5xx_hal_hash.o
 .text.HAL_HASH_MspInit
                0x000000000c002db4        0x2 Drivers/STM32L5xx_HAL_Driver/stm32l5xx_hal_hash.o
                0x000000000c002db4                HAL_HASH_MspInit
 *fill*         0x000000000c002db6        0x2 
 .text.HAL_HASH_Init
                0x000000000c002db8       0x60 Drivers/STM32L5xx_HAL_Driver/stm32l5xx_hal_hash.o
                0x000000000c002db8                HAL_HASH_Init
 .text.HAL_HASH_MspDeInit
                0x000000000c002e18        0x2 Drivers/STM32L5xx_HAL_Driver/stm32l5xx_hal_hash.o
                0x000000000c002e18                HAL_HASH_MspDeInit
 .text.HAL_HASH_DeInit
                0x000000000c002e1a       0x32 Drivers/STM32L5xx_HAL_Driver/stm32l5xx_hal_hash.o
                0x000000000c002e1a                HAL_HASH_DeInit
 .text.HAL_HASH_ContextSaving
                0x000000000c002e4c       0x4c Drivers/STM32L5xx_HAL_Driver/stm32l5xx_hal_hash.o
                0x000000000c002e4c                HAL_HASH_ContextSaving
 .text.HAL_HASH_ContextRestoring
                0x000000000c002e98       0x40 Drivers/STM32L5xx_HAL_Driver/stm32l5xx_hal_hash.o
                0x000000000c002e98                HAL_HASH_ContextRestoring
 .text.HASH_Start
                0x000000000c002ed8      0x11c Drivers/STM32L5xx_HAL_Driver/stm32l5xx_hal_hash.o
                0x000000000c002ed8                HASH_Start
 .text.HASH_Accumulate
                0x000000000c002ff4       0x98 Drivers/STM32L5xx_HAL_Driver/stm32l5xx_hal_hash.o
                0x000000000c002ff4                HASH_Accumulate
 .text.HAL_HASHEx_SHA224_Start
                0x000000000c00308c       0x14 Drivers/STM32L5xx_HAL_Driver/stm32l5xx_hal_hash_ex.o
                0x000000000c00308c                HAL_HASHEx_SHA224_Start
 .text.HAL_HASHEx_SHA224_Accmlt
                0x000000000c0030a0        0x8 Drivers/STM32L5xx_HAL_Driver/stm32l5xx_hal_hash_ex.o
                0x000000000c0030a0                HAL_HASHEx_SHA224_Accmlt
 .text.HAL_HASHEx_SHA224_Accmlt_End
                0x000000000c0030a8        0x4 Drivers/STM32L5xx_HAL_Driver/stm32l5xx_hal_hash_ex.o
                0x000000000c0030a8                HAL_HASHEx_SHA224_Accmlt_End
 .text.HAL_HASHEx_SHA256_Start
                0x000000000c0030ac       0x18 Drivers/STM32L5xx_HAL_Driver/stm32l5xx_hal_hash_ex.o
                0x000000000c0030ac                HAL_HASHEx_SHA256_Start
 .text.HAL_HASHEx_SHA256_Accmlt
                0x000000000c0030c4        0xc Drivers/STM32L5xx_HAL_Driver/stm32l5xx_hal_hash_ex.o
                0x000000000c0030c4                HAL_HASHEx_SHA256_Accmlt
 .text.HAL_HASHEx_SHA256_Accmlt_End
                0x000000000c0030d0        0x4 Drivers/STM32L5xx_HAL_Driver/stm32l5xx_hal_hash_ex.o
                0x000000000c0030d0                HAL_HASHEx_SHA256_Accmlt_End
 .text.HAL_PWR_EnableBkUpAccess
                0x000000000c0030d4       0x10 Drivers/STM32L5xx_HAL_Driver/stm32l5xx_hal_pwr.o
                0x000000000c0030d4                HAL_PWR_EnableBkUpAccess
 .text.HAL_PWREx_GetVoltageRange
                0x000000000c0030e4       0x10 Drivers/STM32L5xx_HAL_Driver/stm32l5xx_hal_pwr_ex.o
                0x000000000c0030e4                HAL_PWREx_GetVoltageRange
 .text.HAL_PWREx_EnableVddIO2
                0x000000000c0030f4       0x10 Drivers/STM32L5xx_HAL_Driver/stm32l5xx_hal_pwr_ex.o
                0x000000000c0030f4                HAL_PWREx_EnableVddIO2
 .text.HAL_PWREx_ConfigSRAM2ContentRetention
                0x000000000c003104       0x14 Drivers/STM32L5xx_HAL_Driver/stm32l5xx_hal_pwr_ex.o
                0x000000000c003104                HAL_PWREx_ConfigSRAM2ContentRetention
 .text.HAL_PWREx_EnableSRAM2ContentRetention
                0x000000000c003118        0x8 Drivers/STM32L5xx_HAL_Driver/stm32l5xx_hal_pwr_ex.o
                0x000000000c003118                HAL_PWREx_EnableSRAM2ContentRetention
 .text.HAL_PWREx_SMPS_GetEffectiveMode
                0x000000000c003120       0x20 Drivers/STM32L5xx_HAL_Driver/stm32l5xx_hal_pwr_ex.o
                0x000000000c003120                HAL_PWREx_SMPS_GetEffectiveMode
 .text.HAL_PWREx_ControlVoltageScaling
                0x000000000c003140       0x6c Drivers/STM32L5xx_HAL_Driver/stm32l5xx_hal_pwr_ex.o
                0x000000000c003140                HAL_PWREx_ControlVoltageScaling
 .text.RCC_SetFlashLatencyFromMSIRange
                0x000000000c0031ac       0x80 Drivers/STM32L5xx_HAL_Driver/stm32l5xx_hal_rcc.o
 .text.HAL_RCC_GetSysClockFreq
                0x000000000c00322c       0xa0 Drivers/STM32L5xx_HAL_Driver/stm32l5xx_hal_rcc.o
                0x000000000c00322c                HAL_RCC_GetSysClockFreq
 .text.HAL_RCC_OscConfig
                0x000000000c0032cc      0x5f4 Drivers/STM32L5xx_HAL_Driver/stm32l5xx_hal_rcc.o
                0x000000000c0032cc                HAL_RCC_OscConfig
 .text.HAL_RCC_ClockConfig
                0x000000000c0038c0      0x204 Drivers/STM32L5xx_HAL_Driver/stm32l5xx_hal_rcc.o
                0x000000000c0038c0                HAL_RCC_ClockConfig
 .text.HAL_RCC_GetPCLK1Freq
                0x000000000c003ac4       0x28 Drivers/STM32L5xx_HAL_Driver/stm32l5xx_hal_rcc.o
                0x000000000c003ac4                HAL_RCC_GetPCLK1Freq
 .text.HAL_RCC_GetPCLK2Freq
                0x000000000c003aec       0x28 Drivers/STM32L5xx_HAL_Driver/stm32l5xx_hal_rcc.o
                0x000000000c003aec                HAL_RCC_GetPCLK2Freq
 .text.RCCEx_PLLSAI1_Config
                0x000000000c003b14       0xf8 Drivers/STM32L5xx_HAL_Driver/stm32l5xx_hal_rcc_ex.o
 .text.RCCEx_PLLSAI2_Config.constprop.4
                0x000000000c003c0c       0xb0 Drivers/STM32L5xx_HAL_Driver/stm32l5xx_hal_rcc_ex.o
 .text.HAL_RCCEx_PeriphCLKConfig
                0x000000000c003cbc      0x494 Drivers/STM32L5xx_HAL_Driver/stm32l5xx_hal_rcc_ex.o
                0x000000000c003cbc                HAL_RCCEx_PeriphCLKConfig
 .text.HAL_RNG_MspInit
                0x000000000c004150        0x2 Drivers/STM32L5xx_HAL_Driver/stm32l5xx_hal_rng.o
                0x000000000c004150                HAL_RNG_MspInit
 .text.HAL_RNG_Init
                0x000000000c004152       0xa2 Drivers/STM32L5xx_HAL_Driver/stm32l5xx_hal_rng.o
                0x000000000c004152                HAL_RNG_Init
 .text.HAL_RNG_MspDeInit
                0x000000000c0041f4        0x2 Drivers/STM32L5xx_HAL_Driver/stm32l5xx_hal_rng.o
                0x000000000c0041f4                HAL_RNG_MspDeInit
 .text.HAL_RNG_DeInit
                0x000000000c0041f6       0x68 Drivers/STM32L5xx_HAL_Driver/stm32l5xx_hal_rng.o
                0x000000000c0041f6                HAL_RNG_DeInit
 .text.HAL_RNG_GenerateRandomNumber
                0x000000000c00425e       0x5c Drivers/STM32L5xx_HAL_Driver/stm32l5xx_hal_rng.o
                0x000000000c00425e                HAL_RNG_GenerateRandomNumber
 *fill*         0x000000000c0042ba        0x2 
 .text.HAL_RTC_WaitForSynchro
                0x000000000c0042bc       0x30 Drivers/STM32L5xx_HAL_Driver/stm32l5xx_hal_rtc.o
                0x000000000c0042bc                HAL_RTC_WaitForSynchro
 .text.RTC_EnterInitMode
                0x000000000c0042ec       0x50 Drivers/STM32L5xx_HAL_Driver/stm32l5xx_hal_rtc.o
                0x000000000c0042ec                RTC_EnterInitMode
 .text.RTC_ExitInitMode
                0x000000000c00433c       0x44 Drivers/STM32L5xx_HAL_Driver/stm32l5xx_hal_rtc.o
                0x000000000c00433c                RTC_ExitInitMode
 .text.HAL_RTC_Init
                0x000000000c004380       0x90 Drivers/STM32L5xx_HAL_Driver/stm32l5xx_hal_rtc.o
                0x000000000c004380                HAL_RTC_Init
 .text.HAL_RTCEx_BKUPWrite
                0x000000000c004410        0xe Drivers/STM32L5xx_HAL_Driver/stm32l5xx_hal_rtc_ex.o
                0x000000000c004410                HAL_RTCEx_BKUPWrite
 .text.HAL_UART_MspInit
                0x000000000c00441e        0x2 Drivers/STM32L5xx_HAL_Driver/stm32l5xx_hal_uart.o
                0x000000000c00441e                HAL_UART_MspInit
 .text.HAL_UART_Receive_IT
                0x000000000c004420       0xf0 Drivers/STM32L5xx_HAL_Driver/stm32l5xx_hal_uart.o
                0x000000000c004420                HAL_UART_Receive_IT
 .text.HAL_UART_RxCpltCallback
                0x000000000c004510        0x2 Drivers/STM32L5xx_HAL_Driver/stm32l5xx_hal_uart.o
                0x000000000c004510                HAL_UART_RxCpltCallback
 .text.UART_RxISR_8BIT
                0x000000000c004512       0x5c Drivers/STM32L5xx_HAL_Driver/stm32l5xx_hal_uart.o
 .text.UART_RxISR_16BIT
                0x000000000c00456e       0x58 Drivers/STM32L5xx_HAL_Driver/stm32l5xx_hal_uart.o
 *fill*         0x000000000c0045c6        0x2 
 .text.UART_RxISR_8BIT_FIFOEN
                0x000000000c0045c8       0xa4 Drivers/STM32L5xx_HAL_Driver/stm32l5xx_hal_uart.o
 .text.UART_RxISR_16BIT_FIFOEN
                0x000000000c00466c       0xa0 Drivers/STM32L5xx_HAL_Driver/stm32l5xx_hal_uart.o
 *fill*         0x000000000c00470c        0x4 
 .text.UART_SetConfig
                0x000000000c004710      0xa00 Drivers/STM32L5xx_HAL_Driver/stm32l5xx_hal_uart.o
                0x000000000c004710                UART_SetConfig
 .text.UART_AdvFeatureConfig
                0x000000000c005110       0xaa Drivers/STM32L5xx_HAL_Driver/stm32l5xx_hal_uart.o
                0x000000000c005110                UART_AdvFeatureConfig
 .text.UART_WaitOnFlagUntilTimeout
                0x000000000c0051ba       0x8e Drivers/STM32L5xx_HAL_Driver/stm32l5xx_hal_uart.o
                0x000000000c0051ba                UART_WaitOnFlagUntilTimeout
 .text.HAL_UART_Transmit
                0x000000000c005248       0xb8 Drivers/STM32L5xx_HAL_Driver/stm32l5xx_hal_uart.o
                0x000000000c005248                HAL_UART_Transmit
 .text.UART_CheckIdleState
                0x000000000c005300       0x66 Drivers/STM32L5xx_HAL_Driver/stm32l5xx_hal_uart.o
                0x000000000c005300                UART_CheckIdleState
 .text.HAL_UART_Init
                0x000000000c005366       0x60 Drivers/STM32L5xx_HAL_Driver/stm32l5xx_hal_uart.o
                0x000000000c005366                HAL_UART_Init
 .text.mbedtls_asn1_get_len
                0x000000000c0053c6       0x8e Middlewares/mbedtls/asn1parse.o
                0x000000000c0053c6                mbedtls_asn1_get_len
 .text.mbedtls_asn1_get_tag
                0x000000000c005454       0x28 Middlewares/mbedtls/asn1parse.o
                0x000000000c005454                mbedtls_asn1_get_tag
 .text.mbedtls_asn1_get_mpi
                0x000000000c00547c       0x26 Middlewares/mbedtls/asn1parse.o
                0x000000000c00547c                mbedtls_asn1_get_mpi
 .text.mpi_sub_hlp
                0x000000000c0054a2       0x54 Middlewares/mbedtls/bignum.o
 .text.mpi_mul_hlp
                0x000000000c0054f6      0x4e0 Middlewares/mbedtls/bignum.o
 .text.mbedtls_mpi_init
                0x000000000c0059d6        0xe Middlewares/mbedtls/bignum.o
                0x000000000c0059d6                mbedtls_mpi_init
 .text.mbedtls_mpi_free
                0x000000000c0059e4       0x24 Middlewares/mbedtls/bignum.o
                0x000000000c0059e4                mbedtls_mpi_free
 .text.mbedtls_mpi_grow
                0x000000000c005a08       0x4c Middlewares/mbedtls/bignum.o
                0x000000000c005a08                mbedtls_mpi_grow
 .text.mbedtls_mpi_copy
                0x000000000c005a54       0x58 Middlewares/mbedtls/bignum.o
                0x000000000c005a54                mbedtls_mpi_copy
 .text.mbedtls_mpi_lset
                0x000000000c005aac       0x38 Middlewares/mbedtls/bignum.o
                0x000000000c005aac                mbedtls_mpi_lset
 .text.mbedtls_mpi_get_bit
                0x000000000c005ae4       0x20 Middlewares/mbedtls/bignum.o
                0x000000000c005ae4                mbedtls_mpi_get_bit
 .text.mbedtls_mpi_bitlen
                0x000000000c005b04       0x40 Middlewares/mbedtls/bignum.o
                0x000000000c005b04                mbedtls_mpi_bitlen
 .text.mbedtls_mpi_size
                0x000000000c005b44        0xc Middlewares/mbedtls/bignum.o
                0x000000000c005b44                mbedtls_mpi_size
 .text.mbedtls_mpi_read_binary
                0x000000000c005b50       0x66 Middlewares/mbedtls/bignum.o
                0x000000000c005b50                mbedtls_mpi_read_binary
 .text.mbedtls_mpi_write_binary
                0x000000000c005bb6       0x6a Middlewares/mbedtls/bignum.o
                0x000000000c005bb6                mbedtls_mpi_write_binary
 .text.mbedtls_mpi_shift_l
                0x000000000c005c20       0x90 Middlewares/mbedtls/bignum.o
                0x000000000c005c20                mbedtls_mpi_shift_l
 .text.mbedtls_mpi_shift_r
                0x000000000c005cb0       0x76 Middlewares/mbedtls/bignum.o
                0x000000000c005cb0                mbedtls_mpi_shift_r
 .text.mbedtls_mpi_cmp_abs
                0x000000000c005d26       0x62 Middlewares/mbedtls/bignum.o
                0x000000000c005d26                mbedtls_mpi_cmp_abs
 .text.mpi_montmul
                0x000000000c005d88       0xc8 Middlewares/mbedtls/bignum.o
 .text.mbedtls_mpi_cmp_mpi
                0x000000000c005e50       0x80 Middlewares/mbedtls/bignum.o
                0x000000000c005e50                mbedtls_mpi_cmp_mpi
 .text.mbedtls_mpi_cmp_int
                0x000000000c005ed0       0x2c Middlewares/mbedtls/bignum.o
                0x000000000c005ed0                mbedtls_mpi_cmp_int
 .text.mbedtls_mpi_add_abs
                0x000000000c005efc       0xc2 Middlewares/mbedtls/bignum.o
                0x000000000c005efc                mbedtls_mpi_add_abs
 .text.mbedtls_mpi_sub_abs
                0x000000000c005fbe       0x7c Middlewares/mbedtls/bignum.o
                0x000000000c005fbe                mbedtls_mpi_sub_abs
 .text.mbedtls_mpi_add_mpi
                0x000000000c00603a       0x44 Middlewares/mbedtls/bignum.o
                0x000000000c00603a                mbedtls_mpi_add_mpi
 .text.mbedtls_mpi_sub_mpi
                0x000000000c00607e       0x46 Middlewares/mbedtls/bignum.o
                0x000000000c00607e                mbedtls_mpi_sub_mpi
 .text.mbedtls_mpi_mul_mpi
                0x000000000c0060c4       0xd2 Middlewares/mbedtls/bignum.o
                0x000000000c0060c4                mbedtls_mpi_mul_mpi
 .text.mbedtls_mpi_mul_int
                0x000000000c006196       0x1a Middlewares/mbedtls/bignum.o
                0x000000000c006196                mbedtls_mpi_mul_int
 .text.mbedtls_mpi_div_mpi
                0x000000000c0061b0      0x36c Middlewares/mbedtls/bignum.o
                0x000000000c0061b0                mbedtls_mpi_div_mpi
 .text.mbedtls_mpi_mod_mpi
                0x000000000c00651c       0x64 Middlewares/mbedtls/bignum.o
                0x000000000c00651c                mbedtls_mpi_mod_mpi
 .text.mbedtls_mpi_exp_mod
                0x000000000c006580      0x46e Middlewares/mbedtls/bignum.o
                0x000000000c006580                mbedtls_mpi_exp_mod
 *fill*         0x000000000c0069ee        0x2 
 .text.verify_header
                0x000000000c0069f0       0x40 Middlewares/mbedtls/memory_buffer_alloc.o
 .text.verify_chain
                0x000000000c006a30       0x3c Middlewares/mbedtls/memory_buffer_alloc.o
 .text.buffer_alloc_calloc
                0x000000000c006a6c      0x11c Middlewares/mbedtls/memory_buffer_alloc.o
 .text.buffer_alloc_free
                0x000000000c006b88      0x110 Middlewares/mbedtls/memory_buffer_alloc.o
 .text.mbedtls_memory_buffer_alloc_init
                0x000000000c006c98       0x64 Middlewares/mbedtls/memory_buffer_alloc.o
                0x000000000c006c98                mbedtls_memory_buffer_alloc_init
 .text.mbedtls_calloc
                0x000000000c006cfc        0xc Middlewares/mbedtls/platform.o
                0x000000000c006cfc                mbedtls_calloc
 .text.mbedtls_free
                0x000000000c006d08        0xc Middlewares/mbedtls/platform.o
                0x000000000c006d08                mbedtls_free
 .text.mbedtls_platform_set_calloc_free
                0x000000000c006d14       0x14 Middlewares/mbedtls/platform.o
                0x000000000c006d14                mbedtls_platform_set_calloc_free
 .text.mbedtls_platform_zeroize
                0x000000000c006d28       0x10 Middlewares/mbedtls/platform_util.o
                0x000000000c006d28                mbedtls_platform_zeroize
 .text.rsa_check_context.isra.0
                0x000000000c006d38       0xb8 Middlewares/mbedtls/rsa.o
 .text.mbedtls_rsa_import
                0x000000000c006df0       0x88 Middlewares/mbedtls/rsa.o
                0x000000000c006df0                mbedtls_rsa_import
 .text.mbedtls_rsa_init
                0x000000000c006e78       0x14 Middlewares/mbedtls/rsa.o
                0x000000000c006e78                mbedtls_rsa_init
 .text.mbedtls_rsa_check_pubkey
                0x000000000c006e8c       0x48 Middlewares/mbedtls/rsa.o
                0x000000000c006e8c                mbedtls_rsa_check_pubkey
 .text.mbedtls_rsa_public
                0x000000000c006ed4       0x7c Middlewares/mbedtls/rsa.o
                0x000000000c006ed4                mbedtls_rsa_public
 .text.mbedtls_rsa_free
                0x000000000c006f50       0x6e Middlewares/mbedtls/rsa.o
                0x000000000c006f50                mbedtls_rsa_free
 *fill*         0x000000000c006fbe        0x2 
 .text.bl2_main
                0x000000000c006fc0       0xe4 Middlewares/trustedfirmware/bl2_main.o
                0x000000000c006fc0                bl2_main
 .text.boot_add_data_to_shared_area
                0x000000000c0070a4       0xd4 Middlewares/trustedfirmware/boot_record.o
                0x000000000c0070a4                boot_add_data_to_shared_area
 .text.boot_save_boot_status
                0x000000000c007178      0x148 Middlewares/trustedfirmware/boot_record.o
                0x000000000c007178                boot_save_boot_status
 .text.boot_secure_memequal
                0x000000000c0072c0       0x1a Middlewares/trustedfirmware/bootutil_misc.o
                0x000000000c0072c0                boot_secure_memequal
 .text.boot_magic_compatible_check
                0x000000000c0072da       0x1e Middlewares/trustedfirmware/bootutil_misc.o
                0x000000000c0072da                boot_magic_compatible_check
 .text.boot_read_swap_state
                0x000000000c0072f8       0xc4 Middlewares/trustedfirmware/bootutil_misc.o
                0x000000000c0072f8                boot_read_swap_state
 .text.boot_read_swap_state_by_id
                0x000000000c0073bc       0x54 Middlewares/trustedfirmware/bootutil_misc.o
                0x000000000c0073bc                boot_read_swap_state_by_id
 .text.boot_swap_type
                0x000000000c007410       0xe4 Middlewares/trustedfirmware/bootutil_misc.o
                0x000000000c007410                boot_swap_type
 .text.boot_is_version_sufficient
                0x000000000c0074f4       0x2a Middlewares/trustedfirmware/bootutil_misc.o
                0x000000000c0074f4                boot_is_version_sufficient
 .text.boot_add_uint32_overflow_check
                0x000000000c00751e        0xc Middlewares/trustedfirmware/bootutil_misc.o
                0x000000000c00751e                boot_add_uint32_overflow_check
 .text.boot_add_uint16_overflow_check
                0x000000000c00752a       0x10 Middlewares/trustedfirmware/bootutil_misc.o
                0x000000000c00752a                boot_add_uint16_overflow_check
 *fill*         0x000000000c00753a        0x2 
 .text.validate_idx
                0x000000000c00753c       0x58 Middlewares/trustedfirmware/flash_map.o
 .text.flash_device_base
                0x000000000c007594       0x24 Middlewares/trustedfirmware/flash_map.o
                0x000000000c007594                flash_device_base
 .text.flash_area_open
                0x000000000c0075b8       0x34 Middlewares/trustedfirmware/flash_map.o
                0x000000000c0075b8                flash_area_open
 .text.flash_area_close
                0x000000000c0075ec       0x34 Middlewares/trustedfirmware/flash_map.o
                0x000000000c0075ec                flash_area_close
 .text.flash_area_warn_on_open
                0x000000000c007620       0x28 Middlewares/trustedfirmware/flash_map.o
                0x000000000c007620                flash_area_warn_on_open
 .text.flash_area_erased_val
                0x000000000c007648       0x10 Middlewares/trustedfirmware/flash_map.o
                0x000000000c007648                flash_area_erased_val
 .text.flash_area_read
                0x000000000c007658       0x1c Middlewares/trustedfirmware/flash_map.o
                0x000000000c007658                flash_area_read
 .text.flash_area_read_is_empty
                0x000000000c007674       0x44 Middlewares/trustedfirmware/flash_map.o
                0x000000000c007674                flash_area_read_is_empty
 .text.flash_area_write
                0x000000000c0076b8       0x1c Middlewares/trustedfirmware/flash_map.o
                0x000000000c0076b8                flash_area_write
 .text.flash_area_erase
                0x000000000c0076d4       0x3c Middlewares/trustedfirmware/flash_map.o
                0x000000000c0076d4                flash_area_erase
 .text.flash_area_align
                0x000000000c007710       0x10 Middlewares/trustedfirmware/flash_map.o
                0x000000000c007710                flash_area_align
 .text.flash_area_id_from_image_slot
                0x000000000c007720       0x48 Middlewares/trustedfirmware/flash_map.o
                0x000000000c007720                flash_area_id_from_image_slot
 .text.flash_area_get_sectors
                0x000000000c007768       0x78 Middlewares/trustedfirmware/flash_map.o
                0x000000000c007768                flash_area_get_sectors
 .text.bootutil_verify_sig
                0x000000000c0077e0      0x1f8 Middlewares/trustedfirmware/image_rsa.o
                0x000000000c0077e0                bootutil_verify_sig
 .text.bootutil_get_img_security_cnt
                0x000000000c0079d8       0x9e Middlewares/trustedfirmware/image_validate.o
                0x000000000c0079d8                bootutil_get_img_security_cnt
 *fill*         0x000000000c007a76        0x2 
 .text.bootutil_img_validate
                0x000000000c007a78      0x270 Middlewares/trustedfirmware/image_validate.o
                0x000000000c007a78                bootutil_img_validate
 .text.boot_review_image_swap_types
                0x000000000c007ce8       0x44 Middlewares/trustedfirmware/loader.o
 .text.boot_update_security_counter.constprop.7
                0x000000000c007d2c       0x48 Middlewares/trustedfirmware/loader.o
 .text.boot_read_image_headers.constprop.8
                0x000000000c007d74       0xd8 Middlewares/trustedfirmware/loader.o
 .text.boot_validate_slot.isra.2
                0x000000000c007e4c       0xf4 Middlewares/trustedfirmware/loader.o
 .text.boot_initialize_area.constprop.10
                0x000000000c007f40       0x78 Middlewares/trustedfirmware/loader.o
 .text.boot_go  0x000000000c007fb8      0x5d8 Middlewares/trustedfirmware/loader.o
                0x000000000c007fb8                boot_go
 .text.boot_nv_security_counter_init
                0x000000000c008590       0x10 Middlewares/trustedfirmware/security_cnt.o
                0x000000000c008590                boot_nv_security_counter_init
 .text.boot_nv_security_counter_get
                0x000000000c0085a0       0x28 Middlewares/trustedfirmware/security_cnt.o
                0x000000000c0085a0                boot_nv_security_counter_get
 .text.boot_nv_security_counter_update
                0x000000000c0085c8       0x22 Middlewares/trustedfirmware/security_cnt.o
                0x000000000c0085c8                boot_nv_security_counter_update
 *fill*         0x000000000c0085ea        0x2 
 .text._write   0x000000000c0085ec       0x30 Middlewares/trustedfirmware/uart_stdout.o
                0x000000000c0085ec                _write
 .text.stdio_init
                0x000000000c00861c       0x1c Middlewares/trustedfirmware/uart_stdout.o
                0x000000000c00861c                stdio_init
 .text.stdio_uninit
                0x000000000c008638        0xc Middlewares/trustedfirmware/uart_stdout.o
                0x000000000c008638                stdio_uninit
 .text.calloc   0x000000000c008644       0x10 c:/st/stm32cubeide_1.5.0/stm32cubeide/plugins/com.st.stm32cube.ide.mcu.externaltools.gnu-tools-for-stm32.7-2018-q2-update.win32_1.5.0.202011040924/tools/bin/../lib/gcc/arm-none-eabi/7.3.1/../../../../arm-none-eabi/lib/thumb/v8-m.main/fpv5-sp/hard\libc_nano.a(lib_a-calloc.o)
                0x000000000c008644                calloc
 .text.exit     0x000000000c008654       0x28 c:/st/stm32cubeide_1.5.0/stm32cubeide/plugins/com.st.stm32cube.ide.mcu.externaltools.gnu-tools-for-stm32.7-2018-q2-update.win32_1.5.0.202011040924/tools/bin/../lib/gcc/arm-none-eabi/7.3.1/../../../../arm-none-eabi/lib/thumb/v8-m.main/fpv5-sp/hard\libc_nano.a(lib_a-exit.o)
                0x000000000c008654                exit
 .text.__libc_init_array
                0x000000000c00867c       0x48 c:/st/stm32cubeide_1.5.0/stm32cubeide/plugins/com.st.stm32cube.ide.mcu.externaltools.gnu-tools-for-stm32.7-2018-q2-update.win32_1.5.0.202011040924/tools/bin/../lib/gcc/arm-none-eabi/7.3.1/../../../../arm-none-eabi/lib/thumb/v8-m.main/fpv5-sp/hard\libc_nano.a(lib_a-init.o)
                0x000000000c00867c                __libc_init_array
 .text.free     0x000000000c0086c4       0x10 c:/st/stm32cubeide_1.5.0/stm32cubeide/plugins/com.st.stm32cube.ide.mcu.externaltools.gnu-tools-for-stm32.7-2018-q2-update.win32_1.5.0.202011040924/tools/bin/../lib/gcc/arm-none-eabi/7.3.1/../../../../arm-none-eabi/lib/thumb/v8-m.main/fpv5-sp/hard\libc_nano.a(lib_a-malloc.o)
                0x000000000c0086c4                free
 .text.memcpy   0x000000000c0086d4       0x16 c:/st/stm32cubeide_1.5.0/stm32cubeide/plugins/com.st.stm32cube.ide.mcu.externaltools.gnu-tools-for-stm32.7-2018-q2-update.win32_1.5.0.202011040924/tools/bin/../lib/gcc/arm-none-eabi/7.3.1/../../../../arm-none-eabi/lib/thumb/v8-m.main/fpv5-sp/hard\libc_nano.a(lib_a-memcpy-stub.o)
                0x000000000c0086d4                memcpy
 .text.memset   0x000000000c0086ea       0x10 c:/st/stm32cubeide_1.5.0/stm32cubeide/plugins/com.st.stm32cube.ide.mcu.externaltools.gnu-tools-for-stm32.7-2018-q2-update.win32_1.5.0.202011040924/tools/bin/../lib/gcc/arm-none-eabi/7.3.1/../../../../arm-none-eabi/lib/thumb/v8-m.main/fpv5-sp/hard\libc_nano.a(lib_a-memset.o)
                0x000000000c0086ea                memset
 .text._calloc_r
                0x000000000c0086fa       0x1c c:/st/stm32cubeide_1.5.0/stm32cubeide/plugins/com.st.stm32cube.ide.mcu.externaltools.gnu-tools-for-stm32.7-2018-q2-update.win32_1.5.0.202011040924/tools/bin/../lib/gcc/arm-none-eabi/7.3.1/../../../../arm-none-eabi/lib/thumb/v8-m.main/fpv5-sp/hard\libc_nano.a(lib_a-nano-callocr.o)
                0x000000000c0086fa                _calloc_r
 *fill*         0x000000000c008716        0x2 
 .text._free_r  0x000000000c008718       0x9c c:/st/stm32cubeide_1.5.0/stm32cubeide/plugins/com.st.stm32cube.ide.mcu.externaltools.gnu-tools-for-stm32.7-2018-q2-update.win32_1.5.0.202011040924/tools/bin/../lib/gcc/arm-none-eabi/7.3.1/../../../../arm-none-eabi/lib/thumb/v8-m.main/fpv5-sp/hard\libc_nano.a(lib_a-nano-freer.o)
                0x000000000c008718                _free_r
 .text._malloc_r
                0x000000000c0087b4       0xb4 c:/st/stm32cubeide_1.5.0/stm32cubeide/plugins/com.st.stm32cube.ide.mcu.externaltools.gnu-tools-for-stm32.7-2018-q2-update.win32_1.5.0.202011040924/tools/bin/../lib/gcc/arm-none-eabi/7.3.1/../../../../arm-none-eabi/lib/thumb/v8-m.main/fpv5-sp/hard\libc_nano.a(lib_a-nano-mallocr.o)
                0x000000000c0087b4                _malloc_r
 .text.printf   0x000000000c008868       0x30 c:/st/stm32cubeide_1.5.0/stm32cubeide/plugins/com.st.stm32cube.ide.mcu.externaltools.gnu-tools-for-stm32.7-2018-q2-update.win32_1.5.0.202011040924/tools/bin/../lib/gcc/arm-none-eabi/7.3.1/../../../../arm-none-eabi/lib/thumb/v8-m.main/fpv5-sp/hard\libc_nano.a(lib_a-printf.o)
                0x000000000c008868                iprintf
                0x000000000c008868                printf
 .text._puts_r  0x000000000c008898       0xb8 c:/st/stm32cubeide_1.5.0/stm32cubeide/plugins/com.st.stm32cube.ide.mcu.externaltools.gnu-tools-for-stm32.7-2018-q2-update.win32_1.5.0.202011040924/tools/bin/../lib/gcc/arm-none-eabi/7.3.1/../../../../arm-none-eabi/lib/thumb/v8-m.main/fpv5-sp/hard\libc_nano.a(lib_a-puts.o)
                0x000000000c008898                _puts_r
 .text.puts     0x000000000c008950       0x10 c:/st/stm32cubeide_1.5.0/stm32cubeide/plugins/com.st.stm32cube.ide.mcu.externaltools.gnu-tools-for-stm32.7-2018-q2-update.win32_1.5.0.202011040924/tools/bin/../lib/gcc/arm-none-eabi/7.3.1/../../../../arm-none-eabi/lib/thumb/v8-m.main/fpv5-sp/hard\libc_nano.a(lib_a-puts.o)
                0x000000000c008950                puts
 .text._sbrk_r  0x000000000c008960       0x20 c:/st/stm32cubeide_1.5.0/stm32cubeide/plugins/com.st.stm32cube.ide.mcu.externaltools.gnu-tools-for-stm32.7-2018-q2-update.win32_1.5.0.202011040924/tools/bin/../lib/gcc/arm-none-eabi/7.3.1/../../../../arm-none-eabi/lib/thumb/v8-m.main/fpv5-sp/hard\libc_nano.a(lib_a-sbrkr.o)
                0x000000000c008960                _sbrk_r
 .text.snprintf
                0x000000000c008980       0x68 c:/st/stm32cubeide_1.5.0/stm32cubeide/plugins/com.st.stm32cube.ide.mcu.externaltools.gnu-tools-for-stm32.7-2018-q2-update.win32_1.5.0.202011040924/tools/bin/../lib/gcc/arm-none-eabi/7.3.1/../../../../arm-none-eabi/lib/thumb/v8-m.main/fpv5-sp/hard\libc_nano.a(lib_a-snprintf.o)
                0x000000000c008980                sniprintf
                0x000000000c008980                snprintf
 .text          0x000000000c0089e8       0x10 c:/st/stm32cubeide_1.5.0/stm32cubeide/plugins/com.st.stm32cube.ide.mcu.externaltools.gnu-tools-for-stm32.7-2018-q2-update.win32_1.5.0.202011040924/tools/bin/../lib/gcc/arm-none-eabi/7.3.1/../../../../arm-none-eabi/lib/thumb/v8-m.main/fpv5-sp/hard\libc_nano.a(lib_a-strlen.o)
                0x000000000c0089e8                strlen
 .text.__swbuf_r
                0x000000000c0089f8       0xa4 c:/st/stm32cubeide_1.5.0/stm32cubeide/plugins/com.st.stm32cube.ide.mcu.externaltools.gnu-tools-for-stm32.7-2018-q2-update.win32_1.5.0.202011040924/tools/bin/../lib/gcc/arm-none-eabi/7.3.1/../../../../arm-none-eabi/lib/thumb/v8-m.main/fpv5-sp/hard\libc_nano.a(lib_a-wbuf.o)
                0x000000000c0089f8                __swbuf_r
 .text.__swsetup_r
                0x000000000c008a9c       0xdc c:/st/stm32cubeide_1.5.0/stm32cubeide/plugins/com.st.stm32cube.ide.mcu.externaltools.gnu-tools-for-stm32.7-2018-q2-update.win32_1.5.0.202011040924/tools/bin/../lib/gcc/arm-none-eabi/7.3.1/../../../../arm-none-eabi/lib/thumb/v8-m.main/fpv5-sp/hard\libc_nano.a(lib_a-wsetup.o)
                0x000000000c008a9c                __swsetup_r
 .text.__sflush_r
                0x000000000c008b78      0x108 c:/st/stm32cubeide_1.5.0/stm32cubeide/plugins/com.st.stm32cube.ide.mcu.externaltools.gnu-tools-for-stm32.7-2018-q2-update.win32_1.5.0.202011040924/tools/bin/../lib/gcc/arm-none-eabi/7.3.1/../../../../arm-none-eabi/lib/thumb/v8-m.main/fpv5-sp/hard\libc_nano.a(lib_a-fflush.o)
                0x000000000c008b78                __sflush_r
 .text._fflush_r
                0x000000000c008c80       0x54 c:/st/stm32cubeide_1.5.0/stm32cubeide/plugins/com.st.stm32cube.ide.mcu.externaltools.gnu-tools-for-stm32.7-2018-q2-update.win32_1.5.0.202011040924/tools/bin/../lib/gcc/arm-none-eabi/7.3.1/../../../../arm-none-eabi/lib/thumb/v8-m.main/fpv5-sp/hard\libc_nano.a(lib_a-fflush.o)
                0x000000000c008c80                _fflush_r
 .text.std      0x000000000c008cd4       0x48 c:/st/stm32cubeide_1.5.0/stm32cubeide/plugins/com.st.stm32cube.ide.mcu.externaltools.gnu-tools-for-stm32.7-2018-q2-update.win32_1.5.0.202011040924/tools/bin/../lib/gcc/arm-none-eabi/7.3.1/../../../../arm-none-eabi/lib/thumb/v8-m.main/fpv5-sp/hard\libc_nano.a(lib_a-findfp.o)
 .text._cleanup_r
                0x000000000c008d1c        0xc c:/st/stm32cubeide_1.5.0/stm32cubeide/plugins/com.st.stm32cube.ide.mcu.externaltools.gnu-tools-for-stm32.7-2018-q2-update.win32_1.5.0.202011040924/tools/bin/../lib/gcc/arm-none-eabi/7.3.1/../../../../arm-none-eabi/lib/thumb/v8-m.main/fpv5-sp/hard\libc_nano.a(lib_a-findfp.o)
                0x000000000c008d1c                _cleanup_r
 .text.__sfmoreglue
                0x000000000c008d28       0x2c c:/st/stm32cubeide_1.5.0/stm32cubeide/plugins/com.st.stm32cube.ide.mcu.externaltools.gnu-tools-for-stm32.7-2018-q2-update.win32_1.5.0.202011040924/tools/bin/../lib/gcc/arm-none-eabi/7.3.1/../../../../arm-none-eabi/lib/thumb/v8-m.main/fpv5-sp/hard\libc_nano.a(lib_a-findfp.o)
                0x000000000c008d28                __sfmoreglue
 .text.__sinit  0x000000000c008d54       0x60 c:/st/stm32cubeide_1.5.0/stm32cubeide/plugins/com.st.stm32cube.ide.mcu.externaltools.gnu-tools-for-stm32.7-2018-q2-update.win32_1.5.0.202011040924/tools/bin/../lib/gcc/arm-none-eabi/7.3.1/../../../../arm-none-eabi/lib/thumb/v8-m.main/fpv5-sp/hard\libc_nano.a(lib_a-findfp.o)
                0x000000000c008d54                __sinit
 .text.__sfp    0x000000000c008db4       0x78 c:/st/stm32cubeide_1.5.0/stm32cubeide/plugins/com.st.stm32cube.ide.mcu.externaltools.gnu-tools-for-stm32.7-2018-q2-update.win32_1.5.0.202011040924/tools/bin/../lib/gcc/arm-none-eabi/7.3.1/../../../../arm-none-eabi/lib/thumb/v8-m.main/fpv5-sp/hard\libc_nano.a(lib_a-findfp.o)
                0x000000000c008db4                __sfp
 .text._fwalk_reent
                0x000000000c008e2c       0x3c c:/st/stm32cubeide_1.5.0/stm32cubeide/plugins/com.st.stm32cube.ide.mcu.externaltools.gnu-tools-for-stm32.7-2018-q2-update.win32_1.5.0.202011040924/tools/bin/../lib/gcc/arm-none-eabi/7.3.1/../../../../arm-none-eabi/lib/thumb/v8-m.main/fpv5-sp/hard\libc_nano.a(lib_a-fwalk.o)
                0x000000000c008e2c                _fwalk_reent
 .text.__swhatbuf_r
                0x000000000c008e68       0x48 c:/st/stm32cubeide_1.5.0/stm32cubeide/plugins/com.st.stm32cube.ide.mcu.externaltools.gnu-tools-for-stm32.7-2018-q2-update.win32_1.5.0.202011040924/tools/bin/../lib/gcc/arm-none-eabi/7.3.1/../../../../arm-none-eabi/lib/thumb/v8-m.main/fpv5-sp/hard\libc_nano.a(lib_a-makebuf.o)
                0x000000000c008e68                __swhatbuf_r
 .text.__smakebuf_r
                0x000000000c008eb0       0x80 c:/st/stm32cubeide_1.5.0/stm32cubeide/plugins/com.st.stm32cube.ide.mcu.externaltools.gnu-tools-for-stm32.7-2018-q2-update.win32_1.5.0.202011040924/tools/bin/../lib/gcc/arm-none-eabi/7.3.1/../../../../arm-none-eabi/lib/thumb/v8-m.main/fpv5-sp/hard\libc_nano.a(lib_a-makebuf.o)
                0x000000000c008eb0                __smakebuf_r
 .text.__malloc_lock
                0x000000000c008f30        0x2 c:/st/stm32cubeide_1.5.0/stm32cubeide/plugins/com.st.stm32cube.ide.mcu.externaltools.gnu-tools-for-stm32.7-2018-q2-update.win32_1.5.0.202011040924/tools/bin/../lib/gcc/arm-none-eabi/7.3.1/../../../../arm-none-eabi/lib/thumb/v8-m.main/fpv5-sp/hard\libc_nano.a(lib_a-mlock.o)
                0x000000000c008f30                __malloc_lock
 .text.__malloc_unlock
                0x000000000c008f32        0x2 c:/st/stm32cubeide_1.5.0/stm32cubeide/plugins/com.st.stm32cube.ide.mcu.externaltools.gnu-tools-for-stm32.7-2018-q2-update.win32_1.5.0.202011040924/tools/bin/../lib/gcc/arm-none-eabi/7.3.1/../../../../arm-none-eabi/lib/thumb/v8-m.main/fpv5-sp/hard\libc_nano.a(lib_a-mlock.o)
                0x000000000c008f32                __malloc_unlock
 .text.__ssputs_r
                0x000000000c008f34       0xb4 c:/st/stm32cubeide_1.5.0/stm32cubeide/plugins/com.st.stm32cube.ide.mcu.externaltools.gnu-tools-for-stm32.7-2018-q2-update.win32_1.5.0.202011040924/tools/bin/../lib/gcc/arm-none-eabi/7.3.1/../../../../arm-none-eabi/lib/thumb/v8-m.main/fpv5-sp/hard\libc_nano.a(lib_a-nano-svfprintf.o)
                0x000000000c008f34                __ssputs_r
 .text._svfprintf_r
                0x000000000c008fe8      0x1f0 c:/st/stm32cubeide_1.5.0/stm32cubeide/plugins/com.st.stm32cube.ide.mcu.externaltools.gnu-tools-for-stm32.7-2018-q2-update.win32_1.5.0.202011040924/tools/bin/../lib/gcc/arm-none-eabi/7.3.1/../../../../arm-none-eabi/lib/thumb/v8-m.main/fpv5-sp/hard\libc_nano.a(lib_a-nano-svfprintf.o)
                0x000000000c008fe8                _svfiprintf_r
                0x000000000c008fe8                _svfprintf_r
 .text.__sfputc_r
                0x000000000c0091d8       0x2e c:/st/stm32cubeide_1.5.0/stm32cubeide/plugins/com.st.stm32cube.ide.mcu.externaltools.gnu-tools-for-stm32.7-2018-q2-update.win32_1.5.0.202011040924/tools/bin/../lib/gcc/arm-none-eabi/7.3.1/../../../../arm-none-eabi/lib/thumb/v8-m.main/fpv5-sp/hard\libc_nano.a(lib_a-nano-vfprintf.o)
 .text.__sfputs_r
                0x000000000c009206       0x24 c:/st/stm32cubeide_1.5.0/stm32cubeide/plugins/com.st.stm32cube.ide.mcu.externaltools.gnu-tools-for-stm32.7-2018-q2-update.win32_1.5.0.202011040924/tools/bin/../lib/gcc/arm-none-eabi/7.3.1/../../../../arm-none-eabi/lib/thumb/v8-m.main/fpv5-sp/hard\libc_nano.a(lib_a-nano-vfprintf.o)
                0x000000000c009206                __sfputs_r
 *fill*         0x000000000c00922a        0x2 
 .text._vfprintf_r
                0x000000000c00922c      0x22c c:/st/stm32cubeide_1.5.0/stm32cubeide/plugins/com.st.stm32cube.ide.mcu.externaltools.gnu-tools-for-stm32.7-2018-q2-update.win32_1.5.0.202011040924/tools/bin/../lib/gcc/arm-none-eabi/7.3.1/../../../../arm-none-eabi/lib/thumb/v8-m.main/fpv5-sp/hard\libc_nano.a(lib_a-nano-vfprintf.o)
                0x000000000c00922c                _vfprintf_r
                0x000000000c00922c                _vfiprintf_r
 .text._printf_common
                0x000000000c009458       0xf0 c:/st/stm32cubeide_1.5.0/stm32cubeide/plugins/com.st.stm32cube.ide.mcu.externaltools.gnu-tools-for-stm32.7-2018-q2-update.win32_1.5.0.202011040924/tools/bin/../lib/gcc/arm-none-eabi/7.3.1/../../../../arm-none-eabi/lib/thumb/v8-m.main/fpv5-sp/hard\libc_nano.a(lib_a-nano-vfprintf_i.o)
                0x000000000c009458                _printf_common
 .text._printf_i
                0x000000000c009548      0x224 c:/st/stm32cubeide_1.5.0/stm32cubeide/plugins/com.st.stm32cube.ide.mcu.externaltools.gnu-tools-for-stm32.7-2018-q2-update.win32_1.5.0.202011040924/tools/bin/../lib/gcc/arm-none-eabi/7.3.1/../../../../arm-none-eabi/lib/thumb/v8-m.main/fpv5-sp/hard\libc_nano.a(lib_a-nano-vfprintf_i.o)
                0x000000000c009548                _printf_i
 .text.__sread  0x000000000c00976c       0x22 c:/st/stm32cubeide_1.5.0/stm32cubeide/plugins/com.st.stm32cube.ide.mcu.externaltools.gnu-tools-for-stm32.7-2018-q2-update.win32_1.5.0.202011040924/tools/bin/../lib/gcc/arm-none-eabi/7.3.1/../../../../arm-none-eabi/lib/thumb/v8-m.main/fpv5-sp/hard\libc_nano.a(lib_a-stdio.o)
                0x000000000c00976c                __sread
 .text.__swrite
                0x000000000c00978e       0x38 c:/st/stm32cubeide_1.5.0/stm32cubeide/plugins/com.st.stm32cube.ide.mcu.externaltools.gnu-tools-for-stm32.7-2018-q2-update.win32_1.5.0.202011040924/tools/bin/../lib/gcc/arm-none-eabi/7.3.1/../../../../arm-none-eabi/lib/thumb/v8-m.main/fpv5-sp/hard\libc_nano.a(lib_a-stdio.o)
                0x000000000c00978e                __swrite
 .text.__sseek  0x000000000c0097c6       0x24 c:/st/stm32cubeide_1.5.0/stm32cubeide/plugins/com.st.stm32cube.ide.mcu.externaltools.gnu-tools-for-stm32.7-2018-q2-update.win32_1.5.0.202011040924/tools/bin/../lib/gcc/arm-none-eabi/7.3.1/../../../../arm-none-eabi/lib/thumb/v8-m.main/fpv5-sp/hard\libc_nano.a(lib_a-stdio.o)
                0x000000000c0097c6                __sseek
 .text.__sclose
                0x000000000c0097ea        0x8 c:/st/stm32cubeide_1.5.0/stm32cubeide/plugins/com.st.stm32cube.ide.mcu.externaltools.gnu-tools-for-stm32.7-2018-q2-update.win32_1.5.0.202011040924/tools/bin/../lib/gcc/arm-none-eabi/7.3.1/../../../../arm-none-eabi/lib/thumb/v8-m.main/fpv5-sp/hard\libc_nano.a(lib_a-stdio.o)
                0x000000000c0097ea                __sclose
 *fill*         0x000000000c0097f2        0x2 
 .text._write_r
                0x000000000c0097f4       0x24 c:/st/stm32cubeide_1.5.0/stm32cubeide/plugins/com.st.stm32cube.ide.mcu.externaltools.gnu-tools-for-stm32.7-2018-q2-update.win32_1.5.0.202011040924/tools/bin/../lib/gcc/arm-none-eabi/7.3.1/../../../../arm-none-eabi/lib/thumb/v8-m.main/fpv5-sp/hard\libc_nano.a(lib_a-writer.o)
                0x000000000c0097f4                _write_r
 .text._close_r
                0x000000000c009818       0x20 c:/st/stm32cubeide_1.5.0/stm32cubeide/plugins/com.st.stm32cube.ide.mcu.externaltools.gnu-tools-for-stm32.7-2018-q2-update.win32_1.5.0.202011040924/tools/bin/../lib/gcc/arm-none-eabi/7.3.1/../../../../arm-none-eabi/lib/thumb/v8-m.main/fpv5-sp/hard\libc_nano.a(lib_a-closer.o)
                0x000000000c009818                _close_r
 .text._fstat_r
                0x000000000c009838       0x24 c:/st/stm32cubeide_1.5.0/stm32cubeide/plugins/com.st.stm32cube.ide.mcu.externaltools.gnu-tools-for-stm32.7-2018-q2-update.win32_1.5.0.202011040924/tools/bin/../lib/gcc/arm-none-eabi/7.3.1/../../../../arm-none-eabi/lib/thumb/v8-m.main/fpv5-sp/hard\libc_nano.a(lib_a-fstatr.o)
                0x000000000c009838                _fstat_r
 .text._isatty_r
                0x000000000c00985c       0x20 c:/st/stm32cubeide_1.5.0/stm32cubeide/plugins/com.st.stm32cube.ide.mcu.externaltools.gnu-tools-for-stm32.7-2018-q2-update.win32_1.5.0.202011040924/tools/bin/../lib/gcc/arm-none-eabi/7.3.1/../../../../arm-none-eabi/lib/thumb/v8-m.main/fpv5-sp/hard\libc_nano.a(lib_a-isattyr.o)
                0x000000000c00985c                _isatty_r
 .text._lseek_r
                0x000000000c00987c       0x24 c:/st/stm32cubeide_1.5.0/stm32cubeide/plugins/com.st.stm32cube.ide.mcu.externaltools.gnu-tools-for-stm32.7-2018-q2-update.win32_1.5.0.202011040924/tools/bin/../lib/gcc/arm-none-eabi/7.3.1/../../../../arm-none-eabi/lib/thumb/v8-m.main/fpv5-sp/hard\libc_nano.a(lib_a-lseekr.o)
                0x000000000c00987c                _lseek_r
 .text.memchr   0x000000000c0098a0       0x1c c:/st/stm32cubeide_1.5.0/stm32cubeide/plugins/com.st.stm32cube.ide.mcu.externaltools.gnu-tools-for-stm32.7-2018-q2-update.win32_1.5.0.202011040924/tools/bin/../lib/gcc/arm-none-eabi/7.3.1/../../../../arm-none-eabi/lib/thumb/v8-m.main/fpv5-sp/hard\libc_nano.a(lib_a-memchr-stub.o)
                0x000000000c0098a0                memchr
 .text.memmove  0x000000000c0098bc       0x32 c:/st/stm32cubeide_1.5.0/stm32cubeide/plugins/com.st.stm32cube.ide.mcu.externaltools.gnu-tools-for-stm32.7-2018-q2-update.win32_1.5.0.202011040924/tools/bin/../lib/gcc/arm-none-eabi/7.3.1/../../../../arm-none-eabi/lib/thumb/v8-m.main/fpv5-sp/hard\libc_nano.a(lib_a-memmove.o)
                0x000000000c0098bc                memmove
 .text._realloc_r
                0x000000000c0098ee       0x4c c:/st/stm32cubeide_1.5.0/stm32cubeide/plugins/com.st.stm32cube.ide.mcu.externaltools.gnu-tools-for-stm32.7-2018-q2-update.win32_1.5.0.202011040924/tools/bin/../lib/gcc/arm-none-eabi/7.3.1/../../../../arm-none-eabi/lib/thumb/v8-m.main/fpv5-sp/hard\libc_nano.a(lib_a-nano-reallocr.o)
                0x000000000c0098ee                _realloc_r
 *fill*         0x000000000c00993a        0x2 
 .text._read_r  0x000000000c00993c       0x24 c:/st/stm32cubeide_1.5.0/stm32cubeide/plugins/com.st.stm32cube.ide.mcu.externaltools.gnu-tools-for-stm32.7-2018-q2-update.win32_1.5.0.202011040924/tools/bin/../lib/gcc/arm-none-eabi/7.3.1/../../../../arm-none-eabi/lib/thumb/v8-m.main/fpv5-sp/hard\libc_nano.a(lib_a-readr.o)
                0x000000000c00993c                _read_r
 .text._malloc_usable_size_r
                0x000000000c009960       0x10 c:/st/stm32cubeide_1.5.0/stm32cubeide/plugins/com.st.stm32cube.ide.mcu.externaltools.gnu-tools-for-stm32.7-2018-q2-update.win32_1.5.0.202011040924/tools/bin/../lib/gcc/arm-none-eabi/7.3.1/../../../../arm-none-eabi/lib/thumb/v8-m.main/fpv5-sp/hard\libc_nano.a(lib_a-nano-msizer.o)
                0x000000000c009960                _malloc_usable_size_r
 .text          0x000000000c009970       0x5c c:/st/stm32cubeide_1.5.0/stm32cubeide/plugins/com.st.stm32cube.ide.mcu.externaltools.gnu-tools-for-stm32.7-2018-q2-update.win32_1.5.0.202011040924/tools/bin/../lib/gcc/arm-none-eabi/7.3.1/thumb/v8-m.main/fpv5-sp/hard\libgcc.a(cmse_nonsecure_call.o)
                0x000000000c009970                __gnu_cmse_nonsecure_call
 .text          0x000000000c0099cc       0x30 c:/st/stm32cubeide_1.5.0/stm32cubeide/plugins/com.st.stm32cube.ide.mcu.externaltools.gnu-tools-for-stm32.7-2018-q2-update.win32_1.5.0.202011040924/tools/bin/../lib/gcc/arm-none-eabi/7.3.1/thumb/v8-m.main/fpv5-sp/hard\libgcc.a(_aeabi_uldivmod.o)
                0x000000000c0099cc                __aeabi_uldivmod
 .text          0x000000000c0099fc      0x2e0 c:/st/stm32cubeide_1.5.0/stm32cubeide/plugins/com.st.stm32cube.ide.mcu.externaltools.gnu-tools-for-stm32.7-2018-q2-update.win32_1.5.0.202011040924/tools/bin/../lib/gcc/arm-none-eabi/7.3.1/thumb/v8-m.main/fpv5-sp/hard\libgcc.a(_udivmoddi4.o)
                0x000000000c0099fc                __udivmoddi4
 .text          0x000000000c009cdc        0x4 c:/st/stm32cubeide_1.5.0/stm32cubeide/plugins/com.st.stm32cube.ide.mcu.externaltools.gnu-tools-for-stm32.7-2018-q2-update.win32_1.5.0.202011040924/tools/bin/../lib/gcc/arm-none-eabi/7.3.1/thumb/v8-m.main/fpv5-sp/hard\libgcc.a(_dvmd_tls.o)
                0x000000000c009cdc                __aeabi_idiv0
                0x000000000c009cdc                __aeabi_ldiv0
 .text._close   0x000000000c009ce0       0x10 c:/st/stm32cubeide_1.5.0/stm32cubeide/plugins/com.st.stm32cube.ide.mcu.externaltools.gnu-tools-for-stm32.7-2018-q2-update.win32_1.5.0.202011040924/tools/bin/../lib/gcc/arm-none-eabi/7.3.1/../../../../arm-none-eabi/lib/thumb/v8-m.main/fpv5-sp/hard\libnosys.a(close.o)
                0x000000000c009ce0                _close
 .text._fstat   0x000000000c009cf0       0x10 c:/st/stm32cubeide_1.5.0/stm32cubeide/plugins/com.st.stm32cube.ide.mcu.externaltools.gnu-tools-for-stm32.7-2018-q2-update.win32_1.5.0.202011040924/tools/bin/../lib/gcc/arm-none-eabi/7.3.1/../../../../arm-none-eabi/lib/thumb/v8-m.main/fpv5-sp/hard\libnosys.a(fstat.o)
                0x000000000c009cf0                _fstat
 .text._isatty  0x000000000c009d00       0x10 c:/st/stm32cubeide_1.5.0/stm32cubeide/plugins/com.st.stm32cube.ide.mcu.externaltools.gnu-tools-for-stm32.7-2018-q2-update.win32_1.5.0.202011040924/tools/bin/../lib/gcc/arm-none-eabi/7.3.1/../../../../arm-none-eabi/lib/thumb/v8-m.main/fpv5-sp/hard\libnosys.a(isatty.o)
                0x000000000c009d00                _isatty
 .text._lseek   0x000000000c009d10       0x10 c:/st/stm32cubeide_1.5.0/stm32cubeide/plugins/com.st.stm32cube.ide.mcu.externaltools.gnu-tools-for-stm32.7-2018-q2-update.win32_1.5.0.202011040924/tools/bin/../lib/gcc/arm-none-eabi/7.3.1/../../../../arm-none-eabi/lib/thumb/v8-m.main/fpv5-sp/hard\libnosys.a(lseek.o)
                0x000000000c009d10                _lseek
 .text._read    0x000000000c009d20       0x10 c:/st/stm32cubeide_1.5.0/stm32cubeide/plugins/com.st.stm32cube.ide.mcu.externaltools.gnu-tools-for-stm32.7-2018-q2-update.win32_1.5.0.202011040924/tools/bin/../lib/gcc/arm-none-eabi/7.3.1/../../../../arm-none-eabi/lib/thumb/v8-m.main/fpv5-sp/hard\libnosys.a(read.o)
                0x000000000c009d20                _read
 .text._sbrk    0x000000000c009d30       0x1c c:/st/stm32cubeide_1.5.0/stm32cubeide/plugins/com.st.stm32cube.ide.mcu.externaltools.gnu-tools-for-stm32.7-2018-q2-update.win32_1.5.0.202011040924/tools/bin/../lib/gcc/arm-none-eabi/7.3.1/../../../../arm-none-eabi/lib/thumb/v8-m.main/fpv5-sp/hard\libnosys.a(sbrk.o)
                0x000000000c009d30                _sbrk
 .text._exit    0x000000000c009d4c        0x2 c:/st/stm32cubeide_1.5.0/stm32cubeide/plugins/com.st.stm32cube.ide.mcu.externaltools.gnu-tools-for-stm32.7-2018-q2-update.win32_1.5.0.202011040924/tools/bin/../lib/gcc/arm-none-eabi/7.3.1/../../../../arm-none-eabi/lib/thumb/v8-m.main/fpv5-sp/hard\libnosys.a(_exit.o)
                0x000000000c009d4c                _exit
 *(.init)
 *fill*         0x000000000c009d4e        0x2 
 .init          0x000000000c009d50        0x4 c:/st/stm32cubeide_1.5.0/stm32cubeide/plugins/com.st.stm32cube.ide.mcu.externaltools.gnu-tools-for-stm32.7-2018-q2-update.win32_1.5.0.202011040924/tools/bin/../lib/gcc/arm-none-eabi/7.3.1/thumb/v8-m.main/fpv5-sp/hard/crti.o
                0x000000000c009d50                _init
 .init          0x000000000c009d54        0x8 c:/st/stm32cubeide_1.5.0/stm32cubeide/plugins/com.st.stm32cube.ide.mcu.externaltools.gnu-tools-for-stm32.7-2018-q2-update.win32_1.5.0.202011040924/tools/bin/../lib/gcc/arm-none-eabi/7.3.1/thumb/v8-m.main/fpv5-sp/hard/crtn.o
 *(.fini)
 .fini          0x000000000c009d5c        0x4 c:/st/stm32cubeide_1.5.0/stm32cubeide/plugins/com.st.stm32cube.ide.mcu.externaltools.gnu-tools-for-stm32.7-2018-q2-update.win32_1.5.0.202011040924/tools/bin/../lib/gcc/arm-none-eabi/7.3.1/thumb/v8-m.main/fpv5-sp/hard/crti.o
                0x000000000c009d5c                _fini
 .fini          0x000000000c009d60        0x8 c:/st/stm32cubeide_1.5.0/stm32cubeide/plugins/com.st.stm32cube.ide.mcu.externaltools.gnu-tools-for-stm32.7-2018-q2-update.win32_1.5.0.202011040924/tools/bin/../lib/gcc/arm-none-eabi/7.3.1/thumb/v8-m.main/fpv5-sp/hard/crtn.o
 *crtbegin.o(.ctors)
 *crtbegin?.o(.ctors)
 *(EXCLUDE_FILE(*crtend.o *crtend?.o) .ctors)
 *(SORT_BY_NAME(.ctors.*))
 *(.ctors)
 *crtbegin.o(.dtors)
 *crtbegin?.o(.dtors)
 *(EXCLUDE_FILE(*crtend.o *crtend?.o) .dtors)
 *(SORT_BY_NAME(.dtors.*))
 *(.dtors)
 *(.rodata*)
 .rodata.tfm_plat_init_nv_counter.str1.1
                0x000000000c009d68      0x217 Application/User/bl2_nv_services.o
 .rodata.tfm_plat_set_nv_counter.str1.1
                0x000000000c009f7f       0x1f Application/User/bl2_nv_services.o
 .rodata.jumper.str1.1
                0x000000000c009f9e       0x5e Application/User/jumper.o
 .rodata.DriverVersion
                0x000000000c009ffc        0x4 Application/User/low_level_com.o
 .rodata.TFM_Driver_USART0
                0x000000000c00a000       0x38 Application/User/low_level_com.o
                0x000000000c00a000                TFM_Driver_USART0
 .rodata.ARM_FLASH0_DEV_DATA
                0x000000000c00a038       0x18 Application/User/low_level_flash.o
 .rodata.DriverVersion
                0x000000000c00a050        0x4 Application/User/low_level_flash.o
 .rodata.TFM_Driver_FLASH0
                0x000000000c00a054       0x2c Application/User/low_level_flash.o
                0x000000000c00a054                TFM_Driver_FLASH0
 .rodata.AHBPrescTable
                0x000000000c00a080       0x10 Application/User/system_stm32l5xx.o
                0x000000000c00a080                AHBPrescTable
 .rodata.APBPrescTable
                0x000000000c00a090        0x8 Application/User/system_stm32l5xx.o
                0x000000000c00a090                APBPrescTable
 .rodata.MSIRangeTable
                0x000000000c00a098       0x40 Application/User/system_stm32l5xx.o
                0x000000000c00a098                MSIRangeTable
 .rodata.TFM_BL2_CopySharedData.str1.1
                0x000000000c00a0d8       0x57 Application/User/tfm_bl2_shared_data.o
 .rodata.TFM_LL_SECU_ApplyRunTimeProtections.str1.1
                0x000000000c00a12f       0x32 Application/User/tfm_low_level_security.o
 .rodata.TFM_LL_SECU_CheckStaticProtections.str1.1
                0x000000000c00a161      0x42c Application/User/tfm_low_level_security.o
 .rodata.CSWTCH.301
                0x000000000c00a58d        0x4 Drivers/STM32L5xx_HAL_Driver/stm32l5xx_hal_uart.o
 .rodata.CSWTCH.302
                0x000000000c00a591        0xd Drivers/STM32L5xx_HAL_Driver/stm32l5xx_hal_uart.o
 .rodata.bl2_main.str1.1
                0x000000000c00a59e      0x14d Middlewares/trustedfirmware/bl2_main.o
 .rodata.boot_save_boot_status.str1.1
                0x000000000c00a6eb       0x10 Middlewares/trustedfirmware/boot_record.o
 .rodata.sw_comp_ns.11063
                0x000000000c00a6fb        0x5 Middlewares/trustedfirmware/boot_record.o
 .rodata.sw_comp_ns_s.11064
                0x000000000c00a700        0x9 Middlewares/trustedfirmware/boot_record.o
 .rodata.sw_comp_s.11062
                0x000000000c00a709        0x4 Middlewares/trustedfirmware/boot_record.o
 *fill*         0x000000000c00a70d        0x3 
 .rodata.boot_img_magic
                0x000000000c00a710       0x10 Middlewares/trustedfirmware/bootutil_misc.o
                0x000000000c00a710                boot_img_magic
 .rodata.boot_swap_tables
                0x000000000c00a720       0x12 Middlewares/trustedfirmware/bootutil_misc.o
 .rodata.boot_swap_type.str1.1
                0x000000000c00a732       0x50 Middlewares/trustedfirmware/bootutil_misc.o
 .rodata.flash_area_close.str1.1
                0x000000000c00a782       0x44 Middlewares/trustedfirmware/flash_map.o
 .rodata.flash_area_to_sectors.str1.1
                0x000000000c00a7c6       0x68 Middlewares/trustedfirmware/flash_map.o
 .rodata.flash_area_warn_on_open.str1.1
                0x000000000c00a82e       0x1d Middlewares/trustedfirmware/flash_map.o
 .rodata.flash_device_base.str1.1
                0x000000000c00a84b       0x29 Middlewares/trustedfirmware/flash_map.o
 .rodata.validate_idx.str1.1
                0x000000000c00a874       0x1e Middlewares/trustedfirmware/flash_map.o
 .rodata.pss_zeros
                0x000000000c00a892        0x8 Middlewares/trustedfirmware/image_rsa.o
 *fill*         0x000000000c00a89a        0x2 
 .rodata.bootutil_key_cnt
                0x000000000c00a89c        0x4 Middlewares/trustedfirmware/keys.o
                0x000000000c00a89c                bootutil_key_cnt
 .rodata.bootutil_keys
                0x000000000c00a8a0       0x10 Middlewares/trustedfirmware/keys.o
                0x000000000c00a8a0                bootutil_keys
 .rodata.boot_go.str1.1
                0x000000000c00a8b0      0x29a Middlewares/trustedfirmware/loader.o
 .rodata.boot_validate_slot.isra.2.str1.1
                0x000000000c00ab4a       0x54 Middlewares/trustedfirmware/loader.o
 *fill*         0x000000000c00ab9e        0x2 
 .rodata._global_impure_ptr
                0x000000000c00aba0        0x4 c:/st/stm32cubeide_1.5.0/stm32cubeide/plugins/com.st.stm32cube.ide.mcu.externaltools.gnu-tools-for-stm32.7-2018-q2-update.win32_1.5.0.202011040924/tools/bin/../lib/gcc/arm-none-eabi/7.3.1/../../../../arm-none-eabi/lib/thumb/v8-m.main/fpv5-sp/hard\libc_nano.a(lib_a-impure.o)
                0x000000000c00aba0                _global_impure_ptr
 .rodata.__sf_fake_stderr
                0x000000000c00aba4       0x20 c:/st/stm32cubeide_1.5.0/stm32cubeide/plugins/com.st.stm32cube.ide.mcu.externaltools.gnu-tools-for-stm32.7-2018-q2-update.win32_1.5.0.202011040924/tools/bin/../lib/gcc/arm-none-eabi/7.3.1/../../../../arm-none-eabi/lib/thumb/v8-m.main/fpv5-sp/hard\libc_nano.a(lib_a-findfp.o)
                0x000000000c00aba4                __sf_fake_stderr
 .rodata.__sf_fake_stdin
                0x000000000c00abc4       0x20 c:/st/stm32cubeide_1.5.0/stm32cubeide/plugins/com.st.stm32cube.ide.mcu.externaltools.gnu-tools-for-stm32.7-2018-q2-update.win32_1.5.0.202011040924/tools/bin/../lib/gcc/arm-none-eabi/7.3.1/../../../../arm-none-eabi/lib/thumb/v8-m.main/fpv5-sp/hard\libc_nano.a(lib_a-findfp.o)
                0x000000000c00abc4                __sf_fake_stdin
 .rodata.__sf_fake_stdout
                0x000000000c00abe4       0x20 c:/st/stm32cubeide_1.5.0/stm32cubeide/plugins/com.st.stm32cube.ide.mcu.externaltools.gnu-tools-for-stm32.7-2018-q2-update.win32_1.5.0.202011040924/tools/bin/../lib/gcc/arm-none-eabi/7.3.1/../../../../arm-none-eabi/lib/thumb/v8-m.main/fpv5-sp/hard\libc_nano.a(lib_a-findfp.o)
                0x000000000c00abe4                __sf_fake_stdout
 .rodata._svfprintf_r.str1.1
                0x000000000c00ac04       0x11 c:/st/stm32cubeide_1.5.0/stm32cubeide/plugins/com.st.stm32cube.ide.mcu.externaltools.gnu-tools-for-stm32.7-2018-q2-update.win32_1.5.0.202011040924/tools/bin/../lib/gcc/arm-none-eabi/7.3.1/../../../../arm-none-eabi/lib/thumb/v8-m.main/fpv5-sp/hard\libc_nano.a(lib_a-nano-svfprintf.o)
 .rodata._vfprintf_r.str1.1
                0x000000000c00ac15       0x11 c:/st/stm32cubeide_1.5.0/stm32cubeide/plugins/com.st.stm32cube.ide.mcu.externaltools.gnu-tools-for-stm32.7-2018-q2-update.win32_1.5.0.202011040924/tools/bin/../lib/gcc/arm-none-eabi/7.3.1/../../../../arm-none-eabi/lib/thumb/v8-m.main/fpv5-sp/hard\libc_nano.a(lib_a-nano-vfprintf.o)
 .rodata._printf_i.str1.1
                0x000000000c00ac15       0x22 c:/st/stm32cubeide_1.5.0/stm32cubeide/plugins/com.st.stm32cube.ide.mcu.externaltools.gnu-tools-for-stm32.7-2018-q2-update.win32_1.5.0.202011040924/tools/bin/../lib/gcc/arm-none-eabi/7.3.1/../../../../arm-none-eabi/lib/thumb/v8-m.main/fpv5-sp/hard\libc_nano.a(lib_a-nano-vfprintf_i.o)
 *(.eh_frame*)
 *fill*         0x000000000c00ac37        0x1 
 .eh_frame      0x000000000c00ac38        0x0 c:/st/stm32cubeide_1.5.0/stm32cubeide/plugins/com.st.stm32cube.ide.mcu.externaltools.gnu-tools-for-stm32.7-2018-q2-update.win32_1.5.0.202011040924/tools/bin/../lib/gcc/arm-none-eabi/7.3.1/thumb/v8-m.main/fpv5-sp/hard/crtbegin.o
 .eh_frame      0x000000000c00ac38        0x4 c:/st/stm32cubeide_1.5.0/stm32cubeide/plugins/com.st.stm32cube.ide.mcu.externaltools.gnu-tools-for-stm32.7-2018-q2-update.win32_1.5.0.202011040924/tools/bin/../lib/gcc/arm-none-eabi/7.3.1/thumb/v8-m.main/fpv5-sp/hard/crtend.o

.glue_7         0x000000000c00ac3c        0x0
 .glue_7        0x000000000c00ac3c        0x0 linker stubs

.glue_7t        0x000000000c00ac3c        0x0
 .glue_7t       0x000000000c00ac3c        0x0 linker stubs

.vfp11_veneer   0x000000000c00ac3c        0x0
 .vfp11_veneer  0x000000000c00ac3c        0x0 linker stubs

.v4_bx          0x000000000c00ac3c        0x0
 .v4_bx         0x000000000c00ac3c        0x0 linker stubs

.iplt           0x000000000c00ac3c        0x0
 .iplt          0x000000000c00ac3c        0x0 c:/st/stm32cubeide_1.5.0/stm32cubeide/plugins/com.st.stm32cube.ide.mcu.externaltools.gnu-tools-for-stm32.7-2018-q2-update.win32_1.5.0.202011040924/tools/bin/../lib/gcc/arm-none-eabi/7.3.1/thumb/v8-m.main/fpv5-sp/hard/crtbegin.o

.ARM.extab
 *(.ARM.extab* .gnu.linkonce.armextab.*)
                0x000000000c00ac3c                __exidx_start = .

.ARM.exidx      0x000000000c00ac3c        0x8
 *(.ARM.exidx* .gnu.linkonce.armexidx.*)
 .ARM.exidx     0x000000000c00ac3c        0x8 c:/st/stm32cubeide_1.5.0/stm32cubeide/plugins/com.st.stm32cube.ide.mcu.externaltools.gnu-tools-for-stm32.7-2018-q2-update.win32_1.5.0.202011040924/tools/bin/../lib/gcc/arm-none-eabi/7.3.1/../../../../arm-none-eabi/lib/thumb/v8-m.main/fpv5-sp/hard/crt0.o
 .ARM.exidx     0x000000000c00ac44        0x0 c:/st/stm32cubeide_1.5.0/stm32cubeide/plugins/com.st.stm32cube.ide.mcu.externaltools.gnu-tools-for-stm32.7-2018-q2-update.win32_1.5.0.202011040924/tools/bin/../lib/gcc/arm-none-eabi/7.3.1/thumb/v8-m.main/fpv5-sp/hard\libgcc.a(_udivmoddi4.o)
                                          0x8 (size before relaxing)
                0x000000000c00ac44                __exidx_end = .

.rel.dyn        0x000000000c00ac44        0x0
 .rel.iplt      0x000000000c00ac44        0x0 c:/st/stm32cubeide_1.5.0/stm32cubeide/plugins/com.st.stm32cube.ide.mcu.externaltools.gnu-tools-for-stm32.7-2018-q2-update.win32_1.5.0.202011040924/tools/bin/../lib/gcc/arm-none-eabi/7.3.1/thumb/v8-m.main/fpv5-sp/hard/crtbegin.o

.copy.table     0x000000000c00ac44       0x18
                0x000000000c00ac44                . = ALIGN (0x4)
                0x000000000c00ac44                __copy_table_start__ = .
                0x000000000c00ac44        0x4 LONG 0xc00ac6c __etext
                0x000000000c00ac48        0x4 LONG 0x30030000 __data_start__
                0x000000000c00ac4c        0x4 LONG 0x10c (__data_end__ - __data_start__)
                0x000000000c00ac50        0x4 LONG 0x0 DEFINED (__etext2)?__etext2:0x0
                0x000000000c00ac54        0x4 LONG 0x0 DEFINED (__data2_start__)?__data2_start__:0x0
                0x000000000c00ac58        0x4 LONG 0x0 DEFINED (__data2_start__)?(__data2_end__ - __data2_start__):0x0
                0x000000000c00ac5c                __copy_table_end__ = .

.zero.table     0x000000000c00ac5c       0x10
                0x000000000c00ac5c                . = ALIGN (0x4)
                0x000000000c00ac5c                __zero_table_start__ = .
                0x000000000c00ac5c        0x4 LONG 0x3003010c __bss_start__
                0x000000000c00ac60        0x4 LONG 0x388c (__bss_end__ - __bss_start__)
                0x000000000c00ac64        0x4 LONG 0x0 DEFINED (__bss2_start__)?__bss2_start__:0x0
                0x000000000c00ac68        0x4 LONG 0x0 DEFINED (__bss2_start__)?(__bss2_end__ - __bss2_start__):0x0
                0x000000000c00ac6c                __zero_table_end__ = .
                0x000000000c00ac6c                __etext = .

.data           0x0000000030030000      0x10c load address 0x000000000c00ac6c
                0x0000000030030000                __data_start__ = .
 *(vtable)
 *(.data*)
 .data.uwAddressNextWrite
                0x0000000030030000        0x4 Application/User/bl2_nv_services.o
 .data.ARM_FLASH0_DEV
                0x0000000030030004        0x4 Application/User/low_level_flash.o
 .data.SystemCoreClock
                0x0000000030030008        0x4 Application/User/system_stm32l5xx.o
                0x0000000030030008                SystemCoreClock
 .data.uwTickFreq
                0x000000003003000c        0x4 Drivers/STM32L5xx_HAL_Driver/stm32l5xx_hal.o
                0x000000003003000c                uwTickFreq
 .data.pFlash   0x0000000030030010       0x1c Drivers/STM32L5xx_HAL_Driver/stm32l5xx_hal_flash.o
                0x0000000030030010                pFlash
 .data.mbedtls_calloc_func
                0x000000003003002c        0x4 Middlewares/mbedtls/platform.o
 .data.mbedtls_exit
                0x0000000030030030        0x4 Middlewares/mbedtls/platform.o
                0x0000000030030030                mbedtls_exit
 .data.mbedtls_free_func
                0x0000000030030034        0x4 Middlewares/mbedtls/platform.o
 .data.memset_func
                0x0000000030030038        0x4 Middlewares/mbedtls/platform_util.o
 .data.part_map
                0x000000003003003c       0x64 Middlewares/trustedfirmware/flash_map.o
 .data._impure_ptr
                0x00000000300300a0        0x4 c:/st/stm32cubeide_1.5.0/stm32cubeide/plugins/com.st.stm32cube.ide.mcu.externaltools.gnu-tools-for-stm32.7-2018-q2-update.win32_1.5.0.202011040924/tools/bin/../lib/gcc/arm-none-eabi/7.3.1/../../../../arm-none-eabi/lib/thumb/v8-m.main/fpv5-sp/hard\libc_nano.a(lib_a-impure.o)
                0x00000000300300a0                _impure_ptr
 .data.impure_data
                0x00000000300300a4       0x60 c:/st/stm32cubeide_1.5.0/stm32cubeide/plugins/com.st.stm32cube.ide.mcu.externaltools.gnu-tools-for-stm32.7-2018-q2-update.win32_1.5.0.202011040924/tools/bin/../lib/gcc/arm-none-eabi/7.3.1/../../../../arm-none-eabi/lib/thumb/v8-m.main/fpv5-sp/hard\libc_nano.a(lib_a-impure.o)
                0x0000000030030104                . = ALIGN (0x4)
                0x0000000030030104                PROVIDE (__preinit_array_start = .)
 *(.preinit_array)
                0x0000000030030104                PROVIDE (__preinit_array_end = .)
                0x0000000030030104                . = ALIGN (0x4)
                0x0000000030030104                PROVIDE (__init_array_start = .)
 *(SORT_BY_NAME(.init_array.*))
 *(.init_array)
 .init_array    0x0000000030030104        0x4 c:/st/stm32cubeide_1.5.0/stm32cubeide/plugins/com.st.stm32cube.ide.mcu.externaltools.gnu-tools-for-stm32.7-2018-q2-update.win32_1.5.0.202011040924/tools/bin/../lib/gcc/arm-none-eabi/7.3.1/thumb/v8-m.main/fpv5-sp/hard/crtbegin.o
                0x0000000030030108                PROVIDE (__init_array_end = .)
                0x0000000030030108                . = ALIGN (0x4)
                [!provide]                        PROVIDE (__fini_array_start = .)
 *(SORT_BY_NAME(.fini_array.*))
 *(.fini_array)