Archive member included to satisfy reference by file (symbol)

c:/st/stm32cubeide_1.5.0/stm32cubeide/plugins/com.st.stm32cube.ide.mcu.externaltools.gnu-tools-for-stm32.7-2018-q2-update.win32_1.5.0.202011040924/tools/bin/../lib/gcc/arm-none-eabi/7.3.1/../../../../arm-none-eabi/lib/thumb/v8-m.main/fpv5-sp/softfp\libc_nano.a(lib_a-exit.o)
                              c:/st/stm32cubeide_1.5.0/stm32cubeide/plugins/com.st.stm32cube.ide.mcu.externaltools.gnu-tools-for-stm32.7-2018-q2-update.win32_1.5.0.202011040924/tools/bin/../lib/gcc/arm-none-eabi/7.3.1/../../../../arm-none-eabi/lib/thumb/v8-m.main/fpv5-sp/softfp/crt0.o (exit)
c:/st/stm32cubeide_1.5.0/stm32cubeide/plugins/com.st.stm32cube.ide.mcu.externaltools.gnu-tools-for-stm32.7-2018-q2-update.win32_1.5.0.202011040924/tools/bin/../lib/gcc/arm-none-eabi/7.3.1/../../../../arm-none-eabi/lib/thumb/v8-m.main/fpv5-sp/softfp\libc_nano.a(lib_a-impure.o)
                              c:/st/stm32cubeide_1.5.0/stm32cubeide/plugins/com.st.stm32cube.ide.mcu.externaltools.gnu-tools-for-stm32.7-2018-q2-update.win32_1.5.0.202011040924/tools/bin/../lib/gcc/arm-none-eabi/7.3.1/../../../../arm-none-eabi/lib/thumb/v8-m.main/fpv5-sp/softfp\libc_nano.a(lib_a-exit.o) (_global_impure_ptr)
c:/st/stm32cubeide_1.5.0/stm32cubeide/plugins/com.st.stm32cube.ide.mcu.externaltools.gnu-tools-for-stm32.7-2018-q2-update.win32_1.5.0.202011040924/tools/bin/../lib/gcc/arm-none-eabi/7.3.1/../../../../arm-none-eabi/lib/thumb/v8-m.main/fpv5-sp/softfp\libc_nano.a(lib_a-init.o)
                              c:/st/stm32cubeide_1.5.0/stm32cubeide/plugins/com.st.stm32cube.ide.mcu.externaltools.gnu-tools-for-stm32.7-2018-q2-update.win32_1.5.0.202011040924/tools/bin/../lib/gcc/arm-none-eabi/7.3.1/../../../../arm-none-eabi/lib/thumb/v8-m.main/fpv5-sp/softfp/crt0.o (__libc_init_array)
c:/st/stm32cubeide_1.5.0/stm32cubeide/plugins/com.st.stm32cube.ide.mcu.externaltools.gnu-tools-for-stm32.7-2018-q2-update.win32_1.5.0.202011040924/tools/bin/../lib/gcc/arm-none-eabi/7.3.1/../../../../arm-none-eabi/lib/thumb/v8-m.main/fpv5-sp/softfp\libc_nano.a(lib_a-memcmp.o)
                              Application/User/tfm_app.o (memcmp)
c:/st/stm32cubeide_1.5.0/stm32cubeide/plugins/com.st.stm32cube.ide.mcu.externaltools.gnu-tools-for-stm32.7-2018-q2-update.win32_1.5.0.202011040924/tools/bin/../lib/gcc/arm-none-eabi/7.3.1/../../../../arm-none-eabi/lib/thumb/v8-m.main/fpv5-sp/softfp\libc_nano.a(lib_a-memcpy-stub.o)
                              Application/User/fw_update_app.o (memcpy)
c:/st/stm32cubeide_1.5.0/stm32cubeide/plugins/com.st.stm32cube.ide.mcu.externaltools.gnu-tools-for-stm32.7-2018-q2-update.win32_1.5.0.202011040924/tools/bin/../lib/gcc/arm-none-eabi/7.3.1/../../../../arm-none-eabi/lib/thumb/v8-m.main/fpv5-sp/softfp\libc_nano.a(lib_a-memmove.o)
                              Middlewares/trustedfirmware/core/UsefulBuf.o (memmove)
c:/st/stm32cubeide_1.5.0/stm32cubeide/plugins/com.st.stm32cube.ide.mcu.externaltools.gnu-tools-for-stm32.7-2018-q2-update.win32_1.5.0.202011040924/tools/bin/../lib/gcc/arm-none-eabi/7.3.1/../../../../arm-none-eabi/lib/thumb/v8-m.main/fpv5-sp/softfp\libc_nano.a(lib_a-memset.o)
                              c:/st/stm32cubeide_1.5.0/stm32cubeide/plugins/com.st.stm32cube.ide.mcu.externaltools.gnu-tools-for-stm32.7-2018-q2-update.win32_1.5.0.202011040924/tools/bin/../lib/gcc/arm-none-eabi/7.3.1/../../../../arm-none-eabi/lib/thumb/v8-m.main/fpv5-sp/softfp/crt0.o (memset)
c:/st/stm32cubeide_1.5.0/stm32cubeide/plugins/com.st.stm32cube.ide.mcu.externaltools.gnu-tools-for-stm32.7-2018-q2-update.win32_1.5.0.202011040924/tools/bin/../lib/gcc/arm-none-eabi/7.3.1/../../../../arm-none-eabi/lib/thumb/v8-m.main/fpv5-sp/softfp\libc_nano.a(lib_a-printf.o)
                              Application/User/fw_update_app.o (printf)
c:/st/stm32cubeide_1.5.0/stm32cubeide/plugins/com.st.stm32cube.ide.mcu.externaltools.gnu-tools-for-stm32.7-2018-q2-update.win32_1.5.0.202011040924/tools/bin/../lib/gcc/arm-none-eabi/7.3.1/../../../../arm-none-eabi/lib/thumb/v8-m.main/fpv5-sp/softfp\libc_nano.a(lib_a-puts.o)
                              Application/User/flash_if.o (puts)
c:/st/stm32cubeide_1.5.0/stm32cubeide/plugins/com.st.stm32cube.ide.mcu.externaltools.gnu-tools-for-stm32.7-2018-q2-update.win32_1.5.0.202011040924/tools/bin/../lib/gcc/arm-none-eabi/7.3.1/../../../../arm-none-eabi/lib/thumb/v8-m.main/fpv5-sp/softfp\libc_nano.a(lib_a-setvbuf.o)
                              Application/User/com.o (setvbuf)
c:/st/stm32cubeide_1.5.0/stm32cubeide/plugins/com.st.stm32cube.ide.mcu.externaltools.gnu-tools-for-stm32.7-2018-q2-update.win32_1.5.0.202011040924/tools/bin/../lib/gcc/arm-none-eabi/7.3.1/../../../../arm-none-eabi/lib/thumb/v8-m.main/fpv5-sp/softfp\libc_nano.a(lib_a-strncmp.o)
                              Application/User/test_protections.o (strncmp)
[...]
Memory Configuration

Name             Origin             Length             Attributes
FLASH            0x0000000008038400 0x000000000000fc00 xr
RAM              0x0000000020000000 0x0000000000030000 xrw
*default*        0x0000000000000000 0xffffffffffffffff

Linker script and memory map

LOAD c:/st/stm32cubeide_1.5.0/stm32cubeide/plugins/com.st.stm32cube.ide.mcu.externaltools.gnu-tools-for-stm32.7-2018-q2-update.win32_1.5.0.202011040924/tools/bin/../lib/gcc/arm-none-eabi/7.3.1/thumb/v8-m.main/fpv5-sp/softfp/crti.o
LOAD c:/st/stm32cubeide_1.5.0/stm32cubeide/plugins/com.st.stm32cube.ide.mcu.externaltools.gnu-tools-for-stm32.7-2018-q2-update.win32_1.5.0.202011040924/tools/bin/../lib/gcc/arm-none-eabi/7.3.1/thumb/v8-m.main/fpv5-sp/softfp/crtbegin.o
LOAD c:/st/stm32cubeide_1.5.0/stm32cubeide/plugins/com.st.stm32cube.ide.mcu.externaltools.gnu-tools-for-stm32.7-2018-q2-update.win32_1.5.0.202011040924/tools/bin/../lib/gcc/arm-none-eabi/7.3.1/../../../../arm-none-eabi/lib/thumb/v8-m.main/fpv5-sp/softfp/crt0.o
LOAD Application/Startup/startup_stm32l5xx_ns.o
LOAD Application/User/com.o
LOAD Application/User/common.o
LOAD Application/User/flash_if.o
LOAD Application/User/fw_update_app.o
LOAD Application/User/main.o
LOAD Application/User/mpu_armv8m_drv.o
LOAD Application/User/stm32l5xx_it.o
LOAD Application/User/system_stm32l5xx.o
LOAD Application/User/test_protections.o
LOAD Application/User/tfm_app.o
LOAD Application/User/tfm_ns_lock.o
LOAD Application/User/ymodem.o
LOAD Drivers/STM32L5xx_HAL_Driver/stm32l5xx_hal.o
LOAD Drivers/STM32L5xx_HAL_Driver/stm32l5xx_hal_cortex.o
LOAD Drivers/STM32L5xx_HAL_Driver/stm32l5xx_hal_crc.o
LOAD Drivers/STM32L5xx_HAL_Driver/stm32l5xx_hal_crc_ex.o
LOAD Drivers/STM32L5xx_HAL_Driver/stm32l5xx_hal_dma.o
LOAD Drivers/STM32L5xx_HAL_Driver/stm32l5xx_hal_dma_ex.o
LOAD Drivers/STM32L5xx_HAL_Driver/stm32l5xx_hal_exti.o
LOAD Drivers/STM32L5xx_HAL_Driver/stm32l5xx_hal_flash.o
LOAD Drivers/STM32L5xx_HAL_Driver/stm32l5xx_hal_flash_ex.o
LOAD Drivers/STM32L5xx_HAL_Driver/stm32l5xx_hal_gpio.o
LOAD Drivers/STM32L5xx_HAL_Driver/stm32l5xx_hal_pwr.o
LOAD Drivers/STM32L5xx_HAL_Driver/stm32l5xx_hal_pwr_ex.o
LOAD Drivers/STM32L5xx_HAL_Driver/stm32l5xx_hal_rcc.o
LOAD Drivers/STM32L5xx_HAL_Driver/stm32l5xx_hal_rcc_ex.o
LOAD Drivers/STM32L5xx_HAL_Driver/stm32l5xx_hal_uart.o
LOAD Drivers/STM32L5xx_HAL_Driver/stm32l5xx_hal_uart_ex.o
LOAD Middlewares/trustedfirmware/core/UsefulBuf.o
LOAD Middlewares/trustedfirmware/core/tfm_crypto_ipc_api.o
LOAD Middlewares/trustedfirmware/core/tfm_initial_attestation_ipc_api.o
LOAD Middlewares/trustedfirmware/core/tfm_its_ipc_api.o
LOAD Middlewares/trustedfirmware/core/tfm_psa_ns_api.o
LOAD Middlewares/trustedfirmware/core/tfm_sst_ipc_api.o
LOAD Middlewares/trustedfirmware/test/crypto_tests_common.o
LOAD Middlewares/trustedfirmware/test/test_framework.o
LOAD Middlewares/trustedfirmware/test/test_framework_helpers.o
LOAD C:/Users/hanne/Documents/UNI/Sem1/Softwareprojekt/TF-M_ported_for_L552ZE-Q/Projects/TFM/TFM_Appli/STM32CubeIDE/Secure/Release/s_veneers.o
START GROUP
LOAD c:/st/stm32cubeide_1.5.0/stm32cubeide/plugins/com.st.stm32cube.ide.mcu.externaltools.gnu-tools-for-stm32.7-2018-q2-update.win32_1.5.0.202011040924/tools/bin/../lib/gcc/arm-none-eabi/7.3.1/../../../../arm-none-eabi/lib/thumb/v8-m.main/fpv5-sp/softfp\libc_nano.a
LOAD c:/st/stm32cubeide_1.5.0/stm32cubeide/plugins/com.st.stm32cube.ide.mcu.externaltools.gnu-tools-for-stm32.7-2018-q2-update.win32_1.5.0.202011040924/tools/bin/../lib/gcc/arm-none-eabi/7.3.1/../../../../arm-none-eabi/lib/thumb/v8-m.main/fpv5-sp/softfp\libm.a
END GROUP
START GROUP
LOAD c:/st/stm32cubeide_1.5.0/stm32cubeide/plugins/com.st.stm32cube.ide.mcu.externaltools.gnu-tools-for-stm32.7-2018-q2-update.win32_1.5.0.202011040924/tools/bin/../lib/gcc/arm-none-eabi/7.3.1/thumb/v8-m.main/fpv5-sp/softfp\libgcc.a
LOAD c:/st/stm32cubeide_1.5.0/stm32cubeide/plugins/com.st.stm32cube.ide.mcu.externaltools.gnu-tools-for-stm32.7-2018-q2-update.win32_1.5.0.202011040924/tools/bin/../lib/gcc/arm-none-eabi/7.3.1/../../../../arm-none-eabi/lib/thumb/v8-m.main/fpv5-sp/softfp\libc_nano.a
END GROUP
START GROUP
LOAD c:/st/stm32cubeide_1.5.0/stm32cubeide/plugins/com.st.stm32cube.ide.mcu.externaltools.gnu-tools-for-stm32.7-2018-q2-update.win32_1.5.0.202011040924/tools/bin/../lib/gcc/arm-none-eabi/7.3.1/thumb/v8-m.main/fpv5-sp/softfp\libgcc.a
LOAD c:/st/stm32cubeide_1.5.0/stm32cubeide/plugins/com.st.stm32cube.ide.mcu.externaltools.gnu-tools-for-stm32.7-2018-q2-update.win32_1.5.0.202011040924/tools/bin/../lib/gcc/arm-none-eabi/7.3.1/../../../../arm-none-eabi/lib/thumb/v8-m.main/fpv5-sp/softfp\libc_nano.a
LOAD c:/st/stm32cubeide_1.5.0/stm32cubeide/plugins/com.st.stm32cube.ide.mcu.externaltools.gnu-tools-for-stm32.7-2018-q2-update.win32_1.5.0.202011040924/tools/bin/../lib/gcc/arm-none-eabi/7.3.1/../../../../arm-none-eabi/lib/thumb/v8-m.main/fpv5-sp/softfp\libnosys.a
END GROUP
START GROUP
LOAD c:/st/stm32cubeide_1.5.0/stm32cubeide/plugins/com.st.stm32cube.ide.mcu.externaltools.gnu-tools-for-stm32.7-2018-q2-update.win32_1.5.0.202011040924/tools/bin/../lib/gcc/arm-none-eabi/7.3.1/thumb/v8-m.main/fpv5-sp/softfp\libgcc.a
LOAD c:/st/stm32cubeide_1.5.0/stm32cubeide/plugins/com.st.stm32cube.ide.mcu.externaltools.gnu-tools-for-stm32.7-2018-q2-update.win32_1.5.0.202011040924/tools/bin/../lib/gcc/arm-none-eabi/7.3.1/../../../../arm-none-eabi/lib/thumb/v8-m.main/fpv5-sp/softfp\libc_nano.a
LOAD c:/st/stm32cubeide_1.5.0/stm32cubeide/plugins/com.st.stm32cube.ide.mcu.externaltools.gnu-tools-for-stm32.7-2018-q2-update.win32_1.5.0.202011040924/tools/bin/../lib/gcc/arm-none-eabi/7.3.1/../../../../arm-none-eabi/lib/thumb/v8-m.main/fpv5-sp/softfp\libnosys.a
END GROUP
LOAD c:/st/stm32cubeide_1.5.0/stm32cubeide/plugins/com.st.stm32cube.ide.mcu.externaltools.gnu-tools-for-stm32.7-2018-q2-update.win32_1.5.0.202011040924/tools/bin/../lib/gcc/arm-none-eabi/7.3.1/thumb/v8-m.main/fpv5-sp/softfp/crtend.o
LOAD c:/st/stm32cubeide_1.5.0/stm32cubeide/plugins/com.st.stm32cube.ide.mcu.externaltools.gnu-tools-for-stm32.7-2018-q2-update.win32_1.5.0.202011040924/tools/bin/../lib/gcc/arm-none-eabi/7.3.1/thumb/v8-m.main/fpv5-sp/softfp/crtn.o
                0x0000000000001000                __heap_size__ = 0x1000
                0x0000000000000c00                __psp_stack_size__ = 0xc00
                0x0000000000000400                __msp_stack_size__ = 0x400
START GROUP
LOAD c:/st/stm32cubeide_1.5.0/stm32cubeide/plugins/com.st.stm32cube.ide.mcu.externaltools.gnu-tools-for-stm32.7-2018-q2-update.win32_1.5.0.202011040924/tools/bin/../lib/gcc/arm-none-eabi/7.3.1/thumb/v8-m.main/fpv5-sp/softfp\libgcc.a
LOAD c:/st/stm32cubeide_1.5.0/stm32cubeide/plugins/com.st.stm32cube.ide.mcu.externaltools.gnu-tools-for-stm32.7-2018-q2-update.win32_1.5.0.202011040924/tools/bin/../lib/gcc/arm-none-eabi/7.3.1/../../../../arm-none-eabi/lib/thumb/v8-m.main/fpv5-sp/softfp\libc.a
LOAD c:/st/stm32cubeide_1.5.0/stm32cubeide/plugins/com.st.stm32cube.ide.mcu.externaltools.gnu-tools-for-stm32.7-2018-q2-update.win32_1.5.0.202011040924/tools/bin/../lib/gcc/arm-none-eabi/7.3.1/../../../../arm-none-eabi/lib/thumb/v8-m.main/fpv5-sp/softfp\libm.a
LOAD c:/st/stm32cubeide_1.5.0/stm32cubeide/plugins/com.st.stm32cube.ide.mcu.externaltools.gnu-tools-for-stm32.7-2018-q2-update.win32_1.5.0.202011040924/tools/bin/../lib/gcc/arm-none-eabi/7.3.1/../../../../arm-none-eabi/lib/thumb/v8-m.main/fpv5-sp/softfp\libnosys.a
END GROUP

.text           0x0000000008038400     0x6ed8
 *(.vectors)
 .vectors       0x0000000008038400      0x1f4 Application/Startup/startup_stm32l5xx_ns.o
                0x0000000008038400                __Vectors
                0x00000000080385f4                __Vectors_End = .
                0x00000000000001f4                __Vectors_Size = (__Vectors_End - __Vectors)
                0x00000000080385f4                __end__ = .
 *(.text*)
 .text          0x00000000080385f4       0x40 c:/st/stm32cubeide_1.5.0/stm32cubeide/plugins/com.st.stm32cube.ide.mcu.externaltools.gnu-tools-for-stm32.7-2018-q2-update.win32_1.5.0.202011040924/tools/bin/../lib/gcc/arm-none-eabi/7.3.1/thumb/v8-m.main/fpv5-sp/softfp/crtbegin.o
 .text          0x0000000008038634       0x74 c:/st/stm32cubeide_1.5.0/stm32cubeide/plugins/com.st.stm32cube.ide.mcu.externaltools.gnu-tools-for-stm32.7-2018-q2-update.win32_1.5.0.202011040924/tools/bin/../lib/gcc/arm-none-eabi/7.3.1/../../../../arm-none-eabi/lib/thumb/v8-m.main/fpv5-sp/softfp/crt0.o
                0x0000000008038634                _start
                0x0000000008038634                _mainCRTStartup
 .text          0x00000000080386a8      0x218 Application/Startup/startup_stm32l5xx_ns.o
                0x00000000080386a8                Reset_Handler
                0x000000000803870c                SecureFault_Handler
                0x0000000008038710                SVC_Handler
                0x0000000008038718                PendSV_Handler
                0x0000000008038720                WWDG_IRQHandler
                0x0000000008038724                PVD_PVM_IRQHandler
                0x0000000008038728                RTC_IRQHandler
                0x000000000803872c                RTC_IRQHandler_S
                0x0000000008038730                TAMP_IRQHandler
                0x0000000008038734                TAMP_IRQHandler_S
                0x000000000803873c                FLASH_IRQHandler_S
                0x0000000008038740                SERR_IRQHandler
                0x0000000008038744                RCC_IRQHandler
                0x0000000008038748                RCC_IRQHandler_S
                0x000000000803874c                EXTI0_IRQHandler
                0x0000000008038750                EXTI1_IRQHandler
                0x0000000008038754                EXTI2_IRQHandler
                0x0000000008038758                EXTI3_IRQHandler
                0x000000000803875c                EXTI4_IRQHandler
                0x0000000008038760                EXTI5_IRQHandler
                0x0000000008038764                EXTI6_IRQHandler
                0x0000000008038768                EXTI7_IRQHandler
                0x000000000803876c                EXTI8_IRQHandler
                0x0000000008038770                EXTI9_IRQHandler
                0x0000000008038774                EXTI10_IRQHandler
                0x0000000008038778                EXTI11_IRQHandler
                0x000000000803877c                EXTI12_IRQHandler
                0x0000000008038780                EXTI13_IRQHandler
                0x0000000008038784                EXTI14_IRQHandler
                0x0000000008038788                EXTI15_IRQHandler
                0x000000000803878c                DMAMUX1_IRQHandler
                0x0000000008038790                DMAMUX1_IRQHandler_S
                0x0000000008038794                DMA1_Channel1_IRQHandler
                0x0000000008038798                DMA1_Channel2_IRQHandler
                0x000000000803879c                DMA1_Channel3_IRQHandler
                0x00000000080387a0                DMA1_Channel4_IRQHandler
                0x00000000080387a4                DMA1_Channel5_IRQHandler
                0x00000000080387a8                DMA1_Channel6_IRQHandler
                0x00000000080387ac                DMA1_Channel7_IRQHandler
                0x00000000080387b0                DMA1_Channel8_IRQHandler
                0x00000000080387b4                ADC1_2_IRQHandler
                0x00000000080387b8                DAC_IRQHandler
                0x00000000080387bc                FDCAN1_IT0_IRQHandler
                0x00000000080387c0                FDCAN1_IT1_IRQHandler
                0x00000000080387c4                TIM1_BRK_IRQHandler
                0x00000000080387c8                TIM1_UP_IRQHandler
                0x00000000080387cc                TIM1_TRG_COM_IRQHandler
                0x00000000080387d0                TIM1_CC_IRQHandler
                0x00000000080387d4                TIM2_IRQHandler
                0x00000000080387d8                TIM3_IRQHandler
                0x00000000080387dc                TIM4_IRQHandler
                0x00000000080387e0                TIM5_IRQHandler
                0x00000000080387e4                TIM6_IRQHandler
                0x00000000080387e8                TIM7_IRQHandler
                0x00000000080387ec                TIM8_BRK_IRQHandler
                0x00000000080387f0                TIM8_UP_IRQHandler
                0x00000000080387f4                TIM8_TRG_COM_IRQHandler
                0x00000000080387f8                TIM8_CC_IRQHandler
                0x00000000080387fc                I2C1_EV_IRQHandler
                0x0000000008038800                I2C1_ER_IRQHandler
                0x0000000008038804                I2C2_EV_IRQHandler
                0x0000000008038808                I2C2_ER_IRQHandler
                0x000000000803880c                SPI1_IRQHandler
                0x0000000008038810                SPI2_IRQHandler
                0x0000000008038814                USART1_IRQHandler
                0x0000000008038818                USART2_IRQHandler
                0x000000000803881c                USART3_IRQHandler
                0x0000000008038820                UART4_IRQHandler
                0x0000000008038824                UART5_IRQHandler
                0x0000000008038828                LPUART1_IRQHandler
                0x000000000803882c                LPTIM1_IRQHandler
                0x0000000008038830                LPTIM2_IRQHandler
                0x0000000008038834                TIM15_IRQHandler
                0x0000000008038838                TIM16_IRQHandler
                0x000000000803883c                TIM17_IRQHandler
                0x0000000008038840                COMP_IRQHandler
                0x0000000008038844                USB_FS_IRQHandler
                0x0000000008038848                CRS_IRQHandler
                0x000000000803884c                FMC_IRQHandler
                0x0000000008038850                OCTOSPI1_IRQHandler
                0x0000000008038854                SDMMC1_IRQHandler
                0x0000000008038858                DMA2_Channel1_IRQHandler
                0x000000000803885c                DMA2_Channel2_IRQHandler
                0x0000000008038860                DMA2_Channel3_IRQHandler
                0x0000000008038864                DMA2_Channel4_IRQHandler
                0x0000000008038868                DMA2_Channel5_IRQHandler
                0x000000000803886c                DMA2_Channel6_IRQHandler
                0x0000000008038870                DMA2_Channel7_IRQHandler
                0x0000000008038874                DMA2_Channel8_IRQHandler
                0x0000000008038878                I2C3_EV_IRQHandler
                0x000000000803887c                I2C3_ER_IRQHandler
                0x0000000008038880                SAI1_IRQHandler
                0x0000000008038884                SAI2_IRQHandler
                0x0000000008038888                TSC_IRQHandler
                0x000000000803888c                RNG_IRQHandler
                0x0000000008038890                FPU_IRQHandler
                0x0000000008038894                LPTIM3_IRQHandler
                0x0000000008038898                SPI3_IRQHandler
                0x000000000803889c                I2C4_ER_IRQHandler
                0x00000000080388a0                I2C4_EV_IRQHandler
                0x00000000080388a4                DFSDM1_FLT0_IRQHandler
                0x00000000080388a8                DFSDM1_FLT1_IRQHandler
                0x00000000080388ac                DFSDM1_FLT2_IRQHandler
                0x00000000080388b0                DFSDM1_FLT3_IRQHandler
                0x00000000080388b4                UCPD1_IRQHandler
                0x00000000080388b8                ICACHE_IRQHandler
                0x00000000080388bc                OTFDEC1_IRQHandler
 .text.COM_Init
                0x00000000080388c0       0x50 Application/User/com.o
                0x00000000080388c0                COM_Init
 .text.HAL_UART_MspInit
                0x0000000008038910       0x9c Application/User/com.o
                0x0000000008038910                HAL_UART_MspInit
 .text.COM_Transmit
                0x00000000080389ac       0x10 Application/User/com.o
                0x00000000080389ac                COM_Transmit
 .text.COM_Receive
                0x00000000080389bc       0x10 Application/User/com.o
                0x00000000080389bc                COM_Receive
 .text.COM_Flush
                0x00000000080389cc       0x1c Application/User/com.o
                0x00000000080389cc                COM_Flush
 .text.Str2Int  0x00000000080389e8       0x9c Application/User/common.o
                0x00000000080389e8                Str2Int
 .text.Serial_PutByte
                0x0000000008038a84       0x18 Application/User/common.o
                0x0000000008038a84                Serial_PutByte
 .text.GetPage  0x0000000008038a9c       0x38 Application/User/flash_if.o
 .text.GetBank  0x0000000008038ad4       0x34 Application/User/flash_if.o
 .text.FLASH_If_Init
                0x0000000008038b08       0x38 Application/User/flash_if.o
 .text.FLASH_If_Erase_Size
                0x0000000008038b40       0xfc Application/User/flash_if.o
                0x0000000008038b40                FLASH_If_Erase_Size
 .text.FLASH_If_Write
                0x0000000008038c3c       0x58 Application/User/flash_if.o
                0x0000000008038c3c                FLASH_If_Write
 .text.FW_UPDATE_PrintWelcome
                0x0000000008038c94       0x38 Application/User/fw_update_app.o
 .text.FW_UPDATE_DownloadNewFirmware.constprop.1
                0x0000000008038ccc       0x80 Application/User/fw_update_app.o
 .text.FW_UPDATE_Run
                0x0000000008038d4c       0xf4 Application/User/fw_update_app.o
                0x0000000008038d4c                FW_UPDATE_Run
 .text.Ymodem_HeaderPktRxCpltCallback
                0x0000000008038e40       0x40 Application/User/fw_update_app.o
                0x0000000008038e40                Ymodem_HeaderPktRxCpltCallback
 .text.Ymodem_DataPktRxCpltCallback
                0x0000000008038e80       0x6c Application/User/fw_update_app.o
                0x0000000008038e80                Ymodem_DataPktRxCpltCallback
 .text._write   0x0000000008038eec       0x2c Application/User/main.o
                0x0000000008038eec                _write
 .text.FW_APP_PrintMainMenu
                0x0000000008038f18       0x44 Application/User/main.o
                0x0000000008038f18                FW_APP_PrintMainMenu
 .text.Custom_Stuff_Run
                0x0000000008038f5c       0x80 Application/User/main.o
                0x0000000008038f5c                Custom_Stuff_Run
 .text.FW_APP_Run
                0x0000000008038fdc       0x60 Application/User/main.o
                0x0000000008038fdc                FW_APP_Run
 .text.startup.main
                0x000000000803903c       0x88 Application/User/main.o
                0x000000000803903c                main
 .text.mpu_armv8m_region_enable
                0x00000000080390c4       0x60 Application/User/mpu_armv8m_drv.o
                0x00000000080390c4                mpu_armv8m_region_enable
 .text.NMI_Handler
                0x0000000008039124        0x2 Application/User/stm32l5xx_it.o
                0x0000000008039124                NMI_Handler
 .text.HardFault_Handler
                0x0000000008039126        0x2 Application/User/stm32l5xx_it.o
                0x0000000008039126                HardFault_Handler
 .text.MemManage_Handler
                0x0000000008039128        0x2 Application/User/stm32l5xx_it.o
                0x0000000008039128                MemManage_Handler
 .text.BusFault_Handler
                0x000000000803912a        0x2 Application/User/stm32l5xx_it.o
                0x000000000803912a                BusFault_Handler
 .text.UsageFault_Handler
                0x000000000803912c        0x2 Application/User/stm32l5xx_it.o
                0x000000000803912c                UsageFault_Handler
 .text.DebugMon_Handler
                0x000000000803912e        0x2 Application/User/stm32l5xx_it.o
                0x000000000803912e                DebugMon_Handler
 .text.SysTick_Handler
                0x0000000008039130        0x4 Application/User/stm32l5xx_it.o
                0x0000000008039130                SysTick_Handler
 .text.FLASH_IRQHandler
                0x0000000008039134        0x4 Application/User/stm32l5xx_it.o
                0x0000000008039134                FLASH_IRQHandler
 .text.SystemInit
                0x0000000008039138       0x1c Application/User/system_stm32l5xx.o
                0x0000000008039138                SystemInit
 .text.SystemCoreClockUpdate
                0x0000000008039154       0x9c Application/User/system_stm32l5xx.o
                0x0000000008039154                SystemCoreClockUpdate
 .text.TEST_PROTECTIONS_PrintTestingMenu
                0x00000000080391f0       0x30 Application/User/test_protections.o
 .text.TEST_PROTECTIONS_Run_SecUserMem
                0x0000000008039220      0x1bc Application/User/test_protections.o
                0x0000000008039220                TEST_PROTECTIONS_Run_SecUserMem
 .text.TEST_PROTECTIONS_Run
                0x00000000080393dc       0xd0 Application/User/test_protections.o
                0x00000000080393dc                TEST_PROTECTIONS_Run
 .text.tfm_app_print_menu
                0x00000000080394ac       0x94 Application/User/tfm_app.o
 .text.tfm_sst_set_uid.isra.0
                0x0000000008039540       0x44 Application/User/tfm_app.o
 .text.tfm_sst_read_uid.isra.1
                0x0000000008039584       0x78 Application/User/tfm_app.o
 .text.tfm_its_set_uid.isra.3
                0x00000000080395fc       0x44 Application/User/tfm_app.o
 .text.tfm_its_read_uid.isra.4
                0x0000000008039640       0x80 Application/User/tfm_app.o
 .text.dump_eat_token
                0x00000000080396c0       0x54 Application/User/tfm_app.o
                0x00000000080396c0                dump_eat_token
 .text.tfm_eat_test_circuit_sig.isra.6.constprop.7
                0x0000000008039714       0xb4 Application/User/tfm_app.o
 .text.tfm_app_menu
                0x00000000080397c8      0x3d4 Application/User/tfm_app.o
                0x00000000080397c8                tfm_app_menu
 .text.tfm_ns_interface_dispatch
                0x0000000008039b9c       0x30 Application/User/tfm_ns_lock.o
                0x0000000008039b9c                tfm_ns_interface_dispatch
 .text.Ymodem_Init
                0x0000000008039bcc       0x54 Application/User/ymodem.o
                0x0000000008039bcc                Ymodem_Init
 .text.Ymodem_Receive
                0x0000000008039c20      0x294 Application/User/ymodem.o
                0x0000000008039c20                Ymodem_Receive
 .text.HAL_MspInit
                0x0000000008039eb4        0x2 Drivers/STM32L5xx_HAL_Driver/stm32l5xx_hal.o
                0x0000000008039eb4                HAL_MspInit
 *fill*         0x0000000008039eb6        0x2 
 .text.HAL_InitTick
                0x0000000008039eb8       0x4c Drivers/STM32L5xx_HAL_Driver/stm32l5xx_hal.o
                0x0000000008039eb8                HAL_InitTick
 .text.HAL_Init
                0x0000000008039f04       0x22 Drivers/STM32L5xx_HAL_Driver/stm32l5xx_hal.o
                0x0000000008039f04                HAL_Init
 *fill*         0x0000000008039f26        0x2 
 .text.HAL_IncTick
                0x0000000008039f28       0x18 Drivers/STM32L5xx_HAL_Driver/stm32l5xx_hal.o
                0x0000000008039f28                HAL_IncTick
 .text.HAL_GetTick
                0x0000000008039f40        0xc Drivers/STM32L5xx_HAL_Driver/stm32l5xx_hal.o
                0x0000000008039f40                HAL_GetTick
 .text.HAL_Delay
                0x0000000008039f4c       0x24 Drivers/STM32L5xx_HAL_Driver/stm32l5xx_hal.o
                0x0000000008039f4c                HAL_Delay
 .text.HAL_NVIC_SetPriorityGrouping
                0x0000000008039f70       0x24 Drivers/STM32L5xx_HAL_Driver/stm32l5xx_hal_cortex.o
                0x0000000008039f70                HAL_NVIC_SetPriorityGrouping
 .text.HAL_NVIC_SetPriority
                0x0000000008039f94       0x68 Drivers/STM32L5xx_HAL_Driver/stm32l5xx_hal_cortex.o
                0x0000000008039f94                HAL_NVIC_SetPriority
 .text.HAL_SYSTICK_Config
                0x0000000008039ffc       0x2c Drivers/STM32L5xx_HAL_Driver/stm32l5xx_hal_cortex.o
                0x0000000008039ffc                HAL_SYSTICK_Config
 .text.CRC_Handle_8
                0x000000000803a028       0x6a Drivers/STM32L5xx_HAL_Driver/stm32l5xx_hal_crc.o
 .text.CRC_Handle_16
                0x000000000803a092       0x2e Drivers/STM32L5xx_HAL_Driver/stm32l5xx_hal_crc.o
 .text.HAL_CRC_MspInit
                0x000000000803a0c0        0x2 Drivers/STM32L5xx_HAL_Driver/stm32l5xx_hal_crc.o
                0x000000000803a0c0                HAL_CRC_MspInit
 *fill*         0x000000000803a0c2        0x2 
 .text.HAL_CRC_Init
                0x000000000803a0c4       0x74 Drivers/STM32L5xx_HAL_Driver/stm32l5xx_hal_crc.o
                0x000000000803a0c4                HAL_CRC_Init
 .text.HAL_CRC_Calculate
                0x000000000803a138       0x48 Drivers/STM32L5xx_HAL_Driver/stm32l5xx_hal_crc.o
                0x000000000803a138                HAL_CRC_Calculate
 .text.HAL_CRCEx_Polynomial_Set
                0x000000000803a180       0x44 Drivers/STM32L5xx_HAL_Driver/stm32l5xx_hal_crc_ex.o
                0x000000000803a180                HAL_CRCEx_Polynomial_Set
 .text.HAL_FLASH_EndOfOperationCallback
                0x000000000803a1c4        0x2 Drivers/STM32L5xx_HAL_Driver/stm32l5xx_hal_flash.o
                0x000000000803a1c4                HAL_FLASH_EndOfOperationCallback
 .text.HAL_FLASH_OperationErrorCallback
                0x000000000803a1c6        0x2 Drivers/STM32L5xx_HAL_Driver/stm32l5xx_hal_flash.o
                0x000000000803a1c6                HAL_FLASH_OperationErrorCallback
 .text.HAL_FLASH_IRQHandler
                0x000000000803a1c8       0xb4 Drivers/STM32L5xx_HAL_Driver/stm32l5xx_hal_flash.o
                0x000000000803a1c8                HAL_FLASH_IRQHandler
 .text.HAL_FLASH_Unlock
                0x000000000803a27c       0x24 Drivers/STM32L5xx_HAL_Driver/stm32l5xx_hal_flash.o
                0x000000000803a27c                HAL_FLASH_Unlock
 .text.HAL_FLASH_Lock
                0x000000000803a2a0       0x18 Drivers/STM32L5xx_HAL_Driver/stm32l5xx_hal_flash.o
                0x000000000803a2a0                HAL_FLASH_Lock
 .text.HAL_FLASH_GetError
                0x000000000803a2b8        0xc Drivers/STM32L5xx_HAL_Driver/stm32l5xx_hal_flash.o
                0x000000000803a2b8                HAL_FLASH_GetError
 .text.FLASH_WaitForLastOperation
                0x000000000803a2c4       0x58 Drivers/STM32L5xx_HAL_Driver/stm32l5xx_hal_flash.o
                0x000000000803a2c4                FLASH_WaitForLastOperation
 .text.HAL_FLASH_Program
                0x000000000803a31c       0x70 Drivers/STM32L5xx_HAL_Driver/stm32l5xx_hal_flash.o
                0x000000000803a31c                HAL_FLASH_Program
 .text.FLASH_MassErase
                0x000000000803a38c       0x44 Drivers/STM32L5xx_HAL_Driver/stm32l5xx_hal_flash_ex.o
 .text.FLASH_PageErase
                0x000000000803a3d0       0x48 Drivers/STM32L5xx_HAL_Driver/stm32l5xx_hal_flash_ex.o
                0x000000000803a3d0                FLASH_PageErase
 .text.HAL_FLASHEx_Erase
                0x000000000803a418       0x9c Drivers/STM32L5xx_HAL_Driver/stm32l5xx_hal_flash_ex.o
                0x000000000803a418                HAL_FLASHEx_Erase
 .text.HAL_GPIO_Init
                0x000000000803a4b4      0x190 Drivers/STM32L5xx_HAL_Driver/stm32l5xx_hal_gpio.o
                0x000000000803a4b4                HAL_GPIO_Init
 .text.HAL_GPIO_TogglePin
                0x000000000803a644        0xc Drivers/STM32L5xx_HAL_Driver/stm32l5xx_hal_gpio.o
                0x000000000803a644                HAL_GPIO_TogglePin
 .text.HAL_PWREx_EnableVddIO2
                0x000000000803a650       0x10 Drivers/STM32L5xx_HAL_Driver/stm32l5xx_hal_pwr_ex.o
                0x000000000803a650                HAL_PWREx_EnableVddIO2
 .text.HAL_RCC_GetSysClockFreq
                0x000000000803a660       0x9c Drivers/STM32L5xx_HAL_Driver/stm32l5xx_hal_rcc.o
                0x000000000803a660                HAL_RCC_GetSysClockFreq
 .text.HAL_RCC_GetPCLK1Freq
                0x000000000803a6fc       0x28 Drivers/STM32L5xx_HAL_Driver/stm32l5xx_hal_rcc.o
                0x000000000803a6fc                HAL_RCC_GetPCLK1Freq
 .text.HAL_RCC_GetPCLK2Freq
                0x000000000803a724       0x28 Drivers/STM32L5xx_HAL_Driver/stm32l5xx_hal_rcc.o
                0x000000000803a724                HAL_RCC_GetPCLK2Freq
 *fill*         0x000000000803a74c        0x4 
 .text.UART_SetConfig
                0x000000000803a750      0xa08 Drivers/STM32L5xx_HAL_Driver/stm32l5xx_hal_uart.o
                0x000000000803a750                UART_SetConfig
 .text.UART_AdvFeatureConfig
                0x000000000803b158       0xaa Drivers/STM32L5xx_HAL_Driver/stm32l5xx_hal_uart.o
                0x000000000803b158                UART_AdvFeatureConfig
 .text.UART_WaitOnFlagUntilTimeout
                0x000000000803b202       0x8e Drivers/STM32L5xx_HAL_Driver/stm32l5xx_hal_uart.o
                0x000000000803b202                UART_WaitOnFlagUntilTimeout
 .text.HAL_UART_Transmit
                0x000000000803b290       0xb8 Drivers/STM32L5xx_HAL_Driver/stm32l5xx_hal_uart.o
                0x000000000803b290                HAL_UART_Transmit
 .text.HAL_UART_Receive
                0x000000000803b348       0xec Drivers/STM32L5xx_HAL_Driver/stm32l5xx_hal_uart.o
                0x000000000803b348                HAL_UART_Receive
 .text.UART_CheckIdleState
                0x000000000803b434       0x66 Drivers/STM32L5xx_HAL_Driver/stm32l5xx_hal_uart.o
                0x000000000803b434                UART_CheckIdleState
 .text.HAL_UART_Init
                0x000000000803b49a       0x60 Drivers/STM32L5xx_HAL_Driver/stm32l5xx_hal_uart.o
                0x000000000803b49a                HAL_UART_Init
 .text.UsefulBuf_CopyOffset
                0x000000000803b4fa       0x3a Middlewares/trustedfirmware/core/UsefulBuf.o
                0x000000000803b4fa                UsefulBuf_CopyOffset
 .text.UsefulBuf_IsValue
                0x000000000803b534       0x34 Middlewares/trustedfirmware/core/UsefulBuf.o
                0x000000000803b534                UsefulBuf_IsValue
 .text.psa_allocate_key
                0x000000000803b568       0x4e Middlewares/trustedfirmware/core/tfm_crypto_ipc_api.o
                0x000000000803b568                psa_allocate_key
 .text.psa_import_key
                0x000000000803b5b6       0x5a Middlewares/trustedfirmware/core/tfm_crypto_ipc_api.o
                0x000000000803b5b6                psa_import_key
 .text.psa_destroy_key
                0x000000000803b610       0x50 Middlewares/trustedfirmware/core/tfm_crypto_ipc_api.o
                0x000000000803b610                psa_destroy_key
 .text.psa_get_key_information
                0x000000000803b660       0x62 Middlewares/trustedfirmware/core/tfm_crypto_ipc_api.o
                0x000000000803b660                psa_get_key_information
 .text.psa_key_policy_set_usage
                0x000000000803b6c2        0x6 Middlewares/trustedfirmware/core/tfm_crypto_ipc_api.o
                0x000000000803b6c2                psa_key_policy_set_usage
 .text.psa_set_key_policy
                0x000000000803b6c8       0x58 Middlewares/trustedfirmware/core/tfm_crypto_ipc_api.o
                0x000000000803b6c8                psa_set_key_policy
 .text.psa_cipher_set_iv
                0x000000000803b720       0x60 Middlewares/trustedfirmware/core/tfm_crypto_ipc_api.o
                0x000000000803b720                psa_cipher_set_iv
 .text.psa_cipher_encrypt_setup
                0x000000000803b780       0x62 Middlewares/trustedfirmware/core/tfm_crypto_ipc_api.o
                0x000000000803b780                psa_cipher_encrypt_setup
 .text.psa_cipher_decrypt_setup
                0x000000000803b7e2       0x62 Middlewares/trustedfirmware/core/tfm_crypto_ipc_api.o
                0x000000000803b7e2                psa_cipher_decrypt_setup
 .text.psa_cipher_update
                0x000000000803b844       0x6e Middlewares/trustedfirmware/core/tfm_crypto_ipc_api.o
                0x000000000803b844                psa_cipher_update
 .text.psa_cipher_abort
                0x000000000803b8b2       0x56 Middlewares/trustedfirmware/core/tfm_crypto_ipc_api.o
                0x000000000803b8b2                psa_cipher_abort
 .text.psa_cipher_finish
                0x000000000803b908       0x66 Middlewares/trustedfirmware/core/tfm_crypto_ipc_api.o
                0x000000000803b908                psa_cipher_finish
 .text.psa_hash_setup
                0x000000000803b96e       0x5a Middlewares/trustedfirmware/core/tfm_crypto_ipc_api.o
                0x000000000803b96e                psa_hash_setup
 .text.psa_hash_update
                0x000000000803b9c8       0x60 Middlewares/trustedfirmware/core/tfm_crypto_ipc_api.o
                0x000000000803b9c8                psa_hash_update
 .text.psa_hash_verify
                0x000000000803ba28       0x60 Middlewares/trustedfirmware/core/tfm_crypto_ipc_api.o
                0x000000000803ba28                psa_hash_verify
 .text.psa_aead_encrypt
                0x000000000803ba88       0xac Middlewares/trustedfirmware/core/tfm_crypto_ipc_api.o
                0x000000000803ba88                psa_aead_encrypt
 .text.psa_aead_decrypt
                0x000000000803bb34       0xac Middlewares/trustedfirmware/core/tfm_crypto_ipc_api.o
                0x000000000803bb34                psa_aead_decrypt
 .text.psa_initial_attest_get_token
                0x000000000803bbe0       0x4a Middlewares/trustedfirmware/core/tfm_initial_attestation_ipc_api.o
                0x000000000803bbe0                psa_initial_attest_get_token
 .text.psa_its_set
                0x000000000803bc2a       0x52 Middlewares/trustedfirmware/core/tfm_its_ipc_api.o
                0x000000000803bc2a                psa_its_set
 .text.psa_its_get
                0x000000000803bc7c       0x64 Middlewares/trustedfirmware/core/tfm_its_ipc_api.o
                0x000000000803bc7c                psa_its_get
 .text.psa_its_remove
                0x000000000803bce0       0x3e Middlewares/trustedfirmware/core/tfm_its_ipc_api.o
                0x000000000803bce0                psa_its_remove
 *fill*         0x000000000803bd1e        0x2 
 .text.psa_connect
                0x000000000803bd20       0x1c Middlewares/trustedfirmware/core/tfm_psa_ns_api.o
                0x000000000803bd20                psa_connect
 .text.psa_call
                0x000000000803bd3c       0x28 Middlewares/trustedfirmware/core/tfm_psa_ns_api.o
                0x000000000803bd3c                psa_call
 .text.psa_close
                0x000000000803bd64       0x1c Middlewares/trustedfirmware/core/tfm_psa_ns_api.o
                0x000000000803bd64                psa_close
 .text.psa_ps_set
                0x000000000803bd80       0x56 Middlewares/trustedfirmware/core/tfm_sst_ipc_api.o
                0x000000000803bd80                psa_ps_set
 .text.psa_ps_get
                0x000000000803bdd6       0x58 Middlewares/trustedfirmware/core/tfm_sst_ipc_api.o
                0x000000000803bdd6                psa_ps_get
 .text.psa_ps_remove
                0x000000000803be2e       0x4a Middlewares/trustedfirmware/core/tfm_sst_ipc_api.o
                0x000000000803be2e                psa_ps_remove
 .text.psa_cipher_test
                0x000000000803be78      0x3c8 Middlewares/trustedfirmware/test/crypto_tests_common.o
                0x000000000803be78                psa_cipher_test
 .text.psa_hash_test
                0x000000000803c240      0x148 Middlewares/trustedfirmware/test/crypto_tests_common.o
                0x000000000803c240                psa_hash_test
 .text.psa_aead_test
                0x000000000803c388      0x260 Middlewares/trustedfirmware/test/crypto_tests_common.o
                0x000000000803c388                psa_aead_test
 .text.print_error
                0x000000000803c5e8       0x1c Middlewares/trustedfirmware/test/test_framework.o
 .text.set_test_failed
                0x000000000803c604       0x24 Middlewares/trustedfirmware/test/test_framework.o
                0x000000000803c604                set_test_failed
 .text.printf_set_color
                0x000000000803c628        0xc Middlewares/trustedfirmware/test/test_framework_helpers.o
                0x000000000803c628                printf_set_color
 .text.exit     0x000000000803c634       0x28 c:/st/stm32cubeide_1.5.0/stm32cubeide/plugins/com.st.stm32cube.ide.mcu.externaltools.gnu-tools-for-stm32.7-2018-q2-update.win32_1.5.0.202011040924/tools/bin/../lib/gcc/arm-none-eabi/7.3.1/../../../../arm-none-eabi/lib/thumb/v8-m.main/fpv5-sp/softfp\libc_nano.a(lib_a-exit.o)
                0x000000000803c634                exit
 .text.__libc_init_array
                0x000000000803c65c       0x48 c:/st/stm32cubeide_1.5.0/stm32cubeide/plugins/com.st.stm32cube.ide.mcu.externaltools.gnu-tools-for-stm32.7-2018-q2-update.win32_1.5.0.202011040924/tools/bin/../lib/gcc/arm-none-eabi/7.3.1/../../../../arm-none-eabi/lib/thumb/v8-m.main/fpv5-sp/softfp\libc_nano.a(lib_a-init.o)
                0x000000000803c65c                __libc_init_array
 .text.memcmp   0x000000000803c6a4       0x1e c:/st/stm32cubeide_1.5.0/stm32cubeide/plugins/com.st.stm32cube.ide.mcu.externaltools.gnu-tools-for-stm32.7-2018-q2-update.win32_1.5.0.202011040924/tools/bin/../lib/gcc/arm-none-eabi/7.3.1/../../../../arm-none-eabi/lib/thumb/v8-m.main/fpv5-sp/softfp\libc_nano.a(lib_a-memcmp.o)
                0x000000000803c6a4                memcmp
 .text.memcpy   0x000000000803c6c2       0x16 c:/st/stm32cubeide_1.5.0/stm32cubeide/plugins/com.st.stm32cube.ide.mcu.externaltools.gnu-tools-for-stm32.7-2018-q2-update.win32_1.5.0.202011040924/tools/bin/../lib/gcc/arm-none-eabi/7.3.1/../../../../arm-none-eabi/lib/thumb/v8-m.main/fpv5-sp/softfp\libc_nano.a(lib_a-memcpy-stub.o)
                0x000000000803c6c2                memcpy
 .text.memset   0x000000000803c6d8       0x10 c:/st/stm32cubeide_1.5.0/stm32cubeide/plugins/com.st.stm32cube.ide.mcu.externaltools.gnu-tools-for-stm32.7-2018-q2-update.win32_1.5.0.202011040924/tools/bin/../lib/gcc/arm-none-eabi/7.3.1/../../../../arm-none-eabi/lib/thumb/v8-m.main/fpv5-sp/softfp\libc_nano.a(lib_a-memset.o)
                0x000000000803c6d8                memset
 .text.printf   0x000000000803c6e8       0x30 c:/st/stm32cubeide_1.5.0/stm32cubeide/plugins/com.st.stm32cube.ide.mcu.externaltools.gnu-tools-for-stm32.7-2018-q2-update.win32_1.5.0.202011040924/tools/bin/../lib/gcc/arm-none-eabi/7.3.1/../../../../arm-none-eabi/lib/thumb/v8-m.main/fpv5-sp/softfp\libc_nano.a(lib_a-printf.o)
                0x000000000803c6e8                iprintf
                0x000000000803c6e8                printf
 .text._puts_r  0x000000000803c718       0xb8 c:/st/stm32cubeide_1.5.0/stm32cubeide/plugins/com.st.stm32cube.ide.mcu.externaltools.gnu-tools-for-stm32.7-2018-q2-update.win32_1.5.0.202011040924/tools/bin/../lib/gcc/arm-none-eabi/7.3.1/../../../../arm-none-eabi/lib/thumb/v8-m.main/fpv5-sp/softfp\libc_nano.a(lib_a-puts.o)
                0x000000000803c718                _puts_r
 .text.puts     0x000000000803c7d0       0x10 c:/st/stm32cubeide_1.5.0/stm32cubeide/plugins/com.st.stm32cube.ide.mcu.externaltools.gnu-tools-for-stm32.7-2018-q2-update.win32_1.5.0.202011040924/tools/bin/../lib/gcc/arm-none-eabi/7.3.1/../../../../arm-none-eabi/lib/thumb/v8-m.main/fpv5-sp/softfp\libc_nano.a(lib_a-puts.o)
                0x000000000803c7d0                puts
 .text.setvbuf  0x000000000803c7e0      0x158 c:/st/stm32cubeide_1.5.0/stm32cubeide/plugins/com.st.stm32cube.ide.mcu.externaltools.gnu-tools-for-stm32.7-2018-q2-update.win32_1.5.0.202011040924/tools/bin/../lib/gcc/arm-none-eabi/7.3.1/../../../../arm-none-eabi/lib/thumb/v8-m.main/fpv5-sp/softfp\libc_nano.a(lib_a-setvbuf.o)
                0x000000000803c7e0                setvbuf
 .text.strncmp  0x000000000803c938       0x24 c:/st/stm32cubeide_1.5.0/stm32cubeide/plugins/com.st.stm32cube.ide.mcu.externaltools.gnu-tools-for-stm32.7-2018-q2-update.win32_1.5.0.202011040924/tools/bin/../lib/gcc/arm-none-eabi/7.3.1/../../../../arm-none-eabi/lib/thumb/v8-m.main/fpv5-sp/softfp\libc_nano.a(lib_a-strncmp.o)
                0x000000000803c938                strncmp
 .text.__swbuf_r
                0x000000000803c95c       0xa4 c:/st/stm32cubeide_1.5.0/stm32cubeide/plugins/com.st.stm32cube.ide.mcu.externaltools.gnu-tools-for-stm32.7-2018-q2-update.win32_1.5.0.202011040924/tools/bin/../lib/gcc/arm-none-eabi/7.3.1/../../../../arm-none-eabi/lib/thumb/v8-m.main/fpv5-sp/softfp\libc_nano.a(lib_a-wbuf.o)
                0x000000000803c95c                __swbuf_r
 .text.__swsetup_r
                0x000000000803ca00       0xdc c:/st/stm32cubeide_1.5.0/stm32cubeide/plugins/com.st.stm32cube.ide.mcu.externaltools.gnu-tools-for-stm32.7-2018-q2-update.win32_1.5.0.202011040924/tools/bin/../lib/gcc/arm-none-eabi/7.3.1/../../../../arm-none-eabi/lib/thumb/v8-m.main/fpv5-sp/softfp\libc_nano.a(lib_a-wsetup.o)
                0x000000000803ca00                __swsetup_r
 .text.__sflush_r
                0x000000000803cadc      0x108 c:/st/stm32cubeide_1.5.0/stm32cubeide/plugins/com.st.stm32cube.ide.mcu.externaltools.gnu-tools-for-stm32.7-2018-q2-update.win32_1.5.0.202011040924/tools/bin/../lib/gcc/arm-none-eabi/7.3.1/../../../../arm-none-eabi/lib/thumb/v8-m.main/fpv5-sp/softfp\libc_nano.a(lib_a-fflush.o)
                0x000000000803cadc                __sflush_r
 .text._fflush_r
                0x000000000803cbe4       0x54 c:/st/stm32cubeide_1.5.0/stm32cubeide/plugins/com.st.stm32cube.ide.mcu.externaltools.gnu-tools-for-stm32.7-2018-q2-update.win32_1.5.0.202011040924/tools/bin/../lib/gcc/arm-none-eabi/7.3.1/../../../../arm-none-eabi/lib/thumb/v8-m.main/fpv5-sp/softfp\libc_nano.a(lib_a-fflush.o)
                0x000000000803cbe4                _fflush_r
 .text.std      0x000000000803cc38       0x48 c:/st/stm32cubeide_1.5.0/stm32cubeide/plugins/com.st.stm32cube.ide.mcu.externaltools.gnu-tools-for-stm32.7-2018-q2-update.win32_1.5.0.202011040924/tools/bin/../lib/gcc/arm-none-eabi/7.3.1/../../../../arm-none-eabi/lib/thumb/v8-m.main/fpv5-sp/softfp\libc_nano.a(lib_a-findfp.o)
 .text._cleanup_r
                0x000000000803cc80        0xc c:/st/stm32cubeide_1.5.0/stm32cubeide/plugins/com.st.stm32cube.ide.mcu.externaltools.gnu-tools-for-stm32.7-2018-q2-update.win32_1.5.0.202011040924/tools/bin/../lib/gcc/arm-none-eabi/7.3.1/../../../../arm-none-eabi/lib/thumb/v8-m.main/fpv5-sp/softfp\libc_nano.a(lib_a-findfp.o)
                0x000000000803cc80                _cleanup_r
 .text.__sfmoreglue
                0x000000000803cc8c       0x2c c:/st/stm32cubeide_1.5.0/stm32cubeide/plugins/com.st.stm32cube.ide.mcu.externaltools.gnu-tools-for-stm32.7-2018-q2-update.win32_1.5.0.202011040924/tools/bin/../lib/gcc/arm-none-eabi/7.3.1/../../../../arm-none-eabi/lib/thumb/v8-m.main/fpv5-sp/softfp\libc_nano.a(lib_a-findfp.o)
                0x000000000803cc8c                __sfmoreglue
 .text.__sinit  0x000000000803ccb8       0x60 c:/st/stm32cubeide_1.5.0/stm32cubeide/plugins/com.st.stm32cube.ide.mcu.externaltools.gnu-tools-for-stm32.7-2018-q2-update.win32_1.5.0.202011040924/tools/bin/../lib/gcc/arm-none-eabi/7.3.1/../../../../arm-none-eabi/lib/thumb/v8-m.main/fpv5-sp/softfp\libc_nano.a(lib_a-findfp.o)
                0x000000000803ccb8                __sinit
 .text.__sfp    0x000000000803cd18       0x78 c:/st/stm32cubeide_1.5.0/stm32cubeide/plugins/com.st.stm32cube.ide.mcu.externaltools.gnu-tools-for-stm32.7-2018-q2-update.win32_1.5.0.202011040924/tools/bin/../lib/gcc/arm-none-eabi/7.3.1/../../../../arm-none-eabi/lib/thumb/v8-m.main/fpv5-sp/softfp\libc_nano.a(lib_a-findfp.o)
                0x000000000803cd18                __sfp
 .text._fwalk_reent
                0x000000000803cd90       0x3c c:/st/stm32cubeide_1.5.0/stm32cubeide/plugins/com.st.stm32cube.ide.mcu.externaltools.gnu-tools-for-stm32.7-2018-q2-update.win32_1.5.0.202011040924/tools/bin/../lib/gcc/arm-none-eabi/7.3.1/../../../../arm-none-eabi/lib/thumb/v8-m.main/fpv5-sp/softfp\libc_nano.a(lib_a-fwalk.o)
                0x000000000803cd90                _fwalk_reent
 .text.__swhatbuf_r
                0x000000000803cdcc       0x48 c:/st/stm32cubeide_1.5.0/stm32cubeide/plugins/com.st.stm32cube.ide.mcu.externaltools.gnu-tools-for-stm32.7-2018-q2-update.win32_1.5.0.202011040924/tools/bin/../lib/gcc/arm-none-eabi/7.3.1/../../../../arm-none-eabi/lib/thumb/v8-m.main/fpv5-sp/softfp\libc_nano.a(lib_a-makebuf.o)
                0x000000000803cdcc                __swhatbuf_r
 .text.__smakebuf_r
                0x000000000803ce14       0x80 c:/st/stm32cubeide_1.5.0/stm32cubeide/plugins/com.st.stm32cube.ide.mcu.externaltools.gnu-tools-for-stm32.7-2018-q2-update.win32_1.5.0.202011040924/tools/bin/../lib/gcc/arm-none-eabi/7.3.1/../../../../arm-none-eabi/lib/thumb/v8-m.main/fpv5-sp/softfp\libc_nano.a(lib_a-makebuf.o)
                0x000000000803ce14                __smakebuf_r
 .text.malloc   0x000000000803ce94       0x10 c:/st/stm32cubeide_1.5.0/stm32cubeide/plugins/com.st.stm32cube.ide.mcu.externaltools.gnu-tools-for-stm32.7-2018-q2-update.win32_1.5.0.202011040924/tools/bin/../lib/gcc/arm-none-eabi/7.3.1/../../../../arm-none-eabi/lib/thumb/v8-m.main/fpv5-sp/softfp\libc_nano.a(lib_a-malloc.o)
                0x000000000803ce94                malloc
 .text._free_r  0x000000000803cea4       0x9c c:/st/stm32cubeide_1.5.0/stm32cubeide/plugins/com.st.stm32cube.ide.mcu.externaltools.gnu-tools-for-stm32.7-2018-q2-update.win32_1.5.0.202011040924/tools/bin/../lib/gcc/arm-none-eabi/7.3.1/../../../../arm-none-eabi/lib/thumb/v8-m.main/fpv5-sp/softfp\libc_nano.a(lib_a-nano-freer.o)
                0x000000000803cea4                _free_r
 .text._malloc_r
                0x000000000803cf40       0xb4 c:/st/stm32cubeide_1.5.0/stm32cubeide/plugins/com.st.stm32cube.ide.mcu.externaltools.gnu-tools-for-stm32.7-2018-q2-update.win32_1.5.0.202011040924/tools/bin/../lib/gcc/arm-none-eabi/7.3.1/../../../../arm-none-eabi/lib/thumb/v8-m.main/fpv5-sp/softfp\libc_nano.a(lib_a-nano-mallocr.o)
                0x000000000803cf40                _malloc_r
 .text.__sfputc_r
                0x000000000803cff4       0x2e c:/st/stm32cubeide_1.5.0/stm32cubeide/plugins/com.st.stm32cube.ide.mcu.externaltools.gnu-tools-for-stm32.7-2018-q2-update.win32_1.5.0.202011040924/tools/bin/../lib/gcc/arm-none-eabi/7.3.1/../../../../arm-none-eabi/lib/thumb/v8-m.main/fpv5-sp/softfp\libc_nano.a(lib_a-nano-vfprintf.o)
 .text.__sfputs_r
                0x000000000803d022       0x24 c:/st/stm32cubeide_1.5.0/stm32cubeide/plugins/com.st.stm32cube.ide.mcu.externaltools.gnu-tools-for-stm32.7-2018-q2-update.win32_1.5.0.202011040924/tools/bin/../lib/gcc/arm-none-eabi/7.3.1/../../../../arm-none-eabi/lib/thumb/v8-m.main/fpv5-sp/softfp\libc_nano.a(lib_a-nano-vfprintf.o)
                0x000000000803d022                __sfputs_r
 *fill*         0x000000000803d046        0x2 
 .text._vfprintf_r
                0x000000000803d048      0x22c c:/st/stm32cubeide_1.5.0/stm32cubeide/plugins/com.st.stm32cube.ide.mcu.externaltools.gnu-tools-for-stm32.7-2018-q2-update.win32_1.5.0.202011040924/tools/bin/../lib/gcc/arm-none-eabi/7.3.1/../../../../arm-none-eabi/lib/thumb/v8-m.main/fpv5-sp/softfp\libc_nano.a(lib_a-nano-vfprintf.o)
                0x000000000803d048                _vfprintf_r
                0x000000000803d048                _vfiprintf_r
 .text._printf_common
                0x000000000803d274       0xf0 c:/st/stm32cubeide_1.5.0/stm32cubeide/plugins/com.st.stm32cube.ide.mcu.externaltools.gnu-tools-for-stm32.7-2018-q2-update.win32_1.5.0.202011040924/tools/bin/../lib/gcc/arm-none-eabi/7.3.1/../../../../arm-none-eabi/lib/thumb/v8-m.main/fpv5-sp/softfp\libc_nano.a(lib_a-nano-vfprintf_i.o)
                0x000000000803d274                _printf_common
 .text._printf_i
                0x000000000803d364      0x224 c:/st/stm32cubeide_1.5.0/stm32cubeide/plugins/com.st.stm32cube.ide.mcu.externaltools.gnu-tools-for-stm32.7-2018-q2-update.win32_1.5.0.202011040924/tools/bin/../lib/gcc/arm-none-eabi/7.3.1/../../../../arm-none-eabi/lib/thumb/v8-m.main/fpv5-sp/softfp\libc_nano.a(lib_a-nano-vfprintf_i.o)
                0x000000000803d364                _printf_i
 .text._sbrk_r  0x000000000803d588       0x20 c:/st/stm32cubeide_1.5.0/stm32cubeide/plugins/com.st.stm32cube.ide.mcu.externaltools.gnu-tools-for-stm32.7-2018-q2-update.win32_1.5.0.202011040924/tools/bin/../lib/gcc/arm-none-eabi/7.3.1/../../../../arm-none-eabi/lib/thumb/v8-m.main/fpv5-sp/softfp\libc_nano.a(lib_a-sbrkr.o)
                0x000000000803d588                _sbrk_r
 .text.__sread  0x000000000803d5a8       0x22 c:/st/stm32cubeide_1.5.0/stm32cubeide/plugins/com.st.stm32cube.ide.mcu.externaltools.gnu-tools-for-stm32.7-2018-q2-update.win32_1.5.0.202011040924/tools/bin/../lib/gcc/arm-none-eabi/7.3.1/../../../../arm-none-eabi/lib/thumb/v8-m.main/fpv5-sp/softfp\libc_nano.a(lib_a-stdio.o)
                0x000000000803d5a8                __sread
 .text.__swrite
                0x000000000803d5ca       0x38 c:/st/stm32cubeide_1.5.0/stm32cubeide/plugins/com.st.stm32cube.ide.mcu.externaltools.gnu-tools-for-stm32.7-2018-q2-update.win32_1.5.0.202011040924/tools/bin/../lib/gcc/arm-none-eabi/7.3.1/../../../../arm-none-eabi/lib/thumb/v8-m.main/fpv5-sp/softfp\libc_nano.a(lib_a-stdio.o)
                0x000000000803d5ca                __swrite
 .text.__sseek  0x000000000803d602       0x24 c:/st/stm32cubeide_1.5.0/stm32cubeide/plugins/com.st.stm32cube.ide.mcu.externaltools.gnu-tools-for-stm32.7-2018-q2-update.win32_1.5.0.202011040924/tools/bin/../lib/gcc/arm-none-eabi/7.3.1/../../../../arm-none-eabi/lib/thumb/v8-m.main/fpv5-sp/softfp\libc_nano.a(lib_a-stdio.o)
                0x000000000803d602                __sseek
 .text.__sclose
                0x000000000803d626        0x8 c:/st/stm32cubeide_1.5.0/stm32cubeide/plugins/com.st.stm32cube.ide.mcu.externaltools.gnu-tools-for-stm32.7-2018-q2-update.win32_1.5.0.202011040924/tools/bin/../lib/gcc/arm-none-eabi/7.3.1/../../../../arm-none-eabi/lib/thumb/v8-m.main/fpv5-sp/softfp\libc_nano.a(lib_a-stdio.o)
                0x000000000803d626                __sclose
 *fill*         0x000000000803d62e        0x2 
 .text._write_r
                0x000000000803d630       0x24 c:/st/stm32cubeide_1.5.0/stm32cubeide/plugins/com.st.stm32cube.ide.mcu.externaltools.gnu-tools-for-stm32.7-2018-q2-update.win32_1.5.0.202011040924/tools/bin/../lib/gcc/arm-none-eabi/7.3.1/../../../../arm-none-eabi/lib/thumb/v8-m.main/fpv5-sp/softfp\libc_nano.a(lib_a-writer.o)
                0x000000000803d630                _write_r
 .text._close_r
                0x000000000803d654       0x20 c:/st/stm32cubeide_1.5.0/stm32cubeide/plugins/com.st.stm32cube.ide.mcu.externaltools.gnu-tools-for-stm32.7-2018-q2-update.win32_1.5.0.202011040924/tools/bin/../lib/gcc/arm-none-eabi/7.3.1/../../../../arm-none-eabi/lib/thumb/v8-m.main/fpv5-sp/softfp\libc_nano.a(lib_a-closer.o)
                0x000000000803d654                _close_r
 .text._fstat_r
                0x000000000803d674       0x24 c:/st/stm32cubeide_1.5.0/stm32cubeide/plugins/com.st.stm32cube.ide.mcu.externaltools.gnu-tools-for-stm32.7-2018-q2-update.win32_1.5.0.202011040924/tools/bin/../lib/gcc/arm-none-eabi/7.3.1/../../../../arm-none-eabi/lib/thumb/v8-m.main/fpv5-sp/softfp\libc_nano.a(lib_a-fstatr.o)
                0x000000000803d674                _fstat_r
 .text._isatty_r
                0x000000000803d698       0x20 c:/st/stm32cubeide_1.5.0/stm32cubeide/plugins/com.st.stm32cube.ide.mcu.externaltools.gnu-tools-for-stm32.7-2018-q2-update.win32_1.5.0.202011040924/tools/bin/../lib/gcc/arm-none-eabi/7.3.1/../../../../arm-none-eabi/lib/thumb/v8-m.main/fpv5-sp/softfp\libc_nano.a(lib_a-isattyr.o)
                0x000000000803d698                _isatty_r
 .text._lseek_r
                0x000000000803d6b8       0x24 c:/st/stm32cubeide_1.5.0/stm32cubeide/plugins/com.st.stm32cube.ide.mcu.externaltools.gnu-tools-for-stm32.7-2018-q2-update.win32_1.5.0.202011040924/tools/bin/../lib/gcc/arm-none-eabi/7.3.1/../../../../arm-none-eabi/lib/thumb/v8-m.main/fpv5-sp/softfp\libc_nano.a(lib_a-lseekr.o)
                0x000000000803d6b8                _lseek_r
 .text.memchr   0x000000000803d6dc       0x1c c:/st/stm32cubeide_1.5.0/stm32cubeide/plugins/com.st.stm32cube.ide.mcu.externaltools.gnu-tools-for-stm32.7-2018-q2-update.win32_1.5.0.202011040924/tools/bin/../lib/gcc/arm-none-eabi/7.3.1/../../../../arm-none-eabi/lib/thumb/v8-m.main/fpv5-sp/softfp\libc_nano.a(lib_a-memchr-stub.o)
                0x000000000803d6dc                memchr
 .text.__malloc_lock
                0x000000000803d6f8        0x2 c:/st/stm32cubeide_1.5.0/stm32cubeide/plugins/com.st.stm32cube.ide.mcu.externaltools.gnu-tools-for-stm32.7-2018-q2-update.win32_1.5.0.202011040924/tools/bin/../lib/gcc/arm-none-eabi/7.3.1/../../../../arm-none-eabi/lib/thumb/v8-m.main/fpv5-sp/softfp\libc_nano.a(lib_a-mlock.o)
                0x000000000803d6f8                __malloc_lock
 .text.__malloc_unlock
                0x000000000803d6fa        0x2 c:/st/stm32cubeide_1.5.0/stm32cubeide/plugins/com.st.stm32cube.ide.mcu.externaltools.gnu-tools-for-stm32.7-2018-q2-update.win32_1.5.0.202011040924/tools/bin/../lib/gcc/arm-none-eabi/7.3.1/../../../../arm-none-eabi/lib/thumb/v8-m.main/fpv5-sp/softfp\libc_nano.a(lib_a-mlock.o)
                0x000000000803d6fa                __malloc_unlock
 .text._read_r  0x000000000803d6fc       0x24 c:/st/stm32cubeide_1.5.0/stm32cubeide/plugins/com.st.stm32cube.ide.mcu.externaltools.gnu-tools-for-stm32.7-2018-q2-update.win32_1.5.0.202011040924/tools/bin/../lib/gcc/arm-none-eabi/7.3.1/../../../../arm-none-eabi/lib/thumb/v8-m.main/fpv5-sp/softfp\libc_nano.a(lib_a-readr.o)
                0x000000000803d6fc                _read_r
 .text          0x000000000803d720       0x30 c:/st/stm32cubeide_1.5.0/stm32cubeide/plugins/com.st.stm32cube.ide.mcu.externaltools.gnu-tools-for-stm32.7-2018-q2-update.win32_1.5.0.202011040924/tools/bin/../lib/gcc/arm-none-eabi/7.3.1/thumb/v8-m.main/fpv5-sp/softfp\libgcc.a(_aeabi_uldivmod.o)
                0x000000000803d720                __aeabi_uldivmod
 .text          0x000000000803d750      0x2e0 c:/st/stm32cubeide_1.5.0/stm32cubeide/plugins/com.st.stm32cube.ide.mcu.externaltools.gnu-tools-for-stm32.7-2018-q2-update.win32_1.5.0.202011040924/tools/bin/../lib/gcc/arm-none-eabi/7.3.1/thumb/v8-m.main/fpv5-sp/softfp\libgcc.a(_udivmoddi4.o)
                0x000000000803d750                __udivmoddi4
 .text          0x000000000803da30        0x4 c:/st/stm32cubeide_1.5.0/stm32cubeide/plugins/com.st.stm32cube.ide.mcu.externaltools.gnu-tools-for-stm32.7-2018-q2-update.win32_1.5.0.202011040924/tools/bin/../lib/gcc/arm-none-eabi/7.3.1/thumb/v8-m.main/fpv5-sp/softfp\libgcc.a(_dvmd_tls.o)
                0x000000000803da30                __aeabi_idiv0
                0x000000000803da30                __aeabi_ldiv0
 .text._close   0x000000000803da34       0x10 c:/st/stm32cubeide_1.5.0/stm32cubeide/plugins/com.st.stm32cube.ide.mcu.externaltools.gnu-tools-for-stm32.7-2018-q2-update.win32_1.5.0.202011040924/tools/bin/../lib/gcc/arm-none-eabi/7.3.1/../../../../arm-none-eabi/lib/thumb/v8-m.main/fpv5-sp/softfp\libnosys.a(close.o)
                0x000000000803da34                _close
 .text._fstat   0x000000000803da44       0x10 c:/st/stm32cubeide_1.5.0/stm32cubeide/plugins/com.st.stm32cube.ide.mcu.externaltools.gnu-tools-for-stm32.7-2018-q2-update.win32_1.5.0.202011040924/tools/bin/../lib/gcc/arm-none-eabi/7.3.1/../../../../arm-none-eabi/lib/thumb/v8-m.main/fpv5-sp/softfp\libnosys.a(fstat.o)
                0x000000000803da44                _fstat
 .text._isatty  0x000000000803da54       0x10 c:/st/stm32cubeide_1.5.0/stm32cubeide/plugins/com.st.stm32cube.ide.mcu.externaltools.gnu-tools-for-stm32.7-2018-q2-update.win32_1.5.0.202011040924/tools/bin/../lib/gcc/arm-none-eabi/7.3.1/../../../../arm-none-eabi/lib/thumb/v8-m.main/fpv5-sp/softfp\libnosys.a(isatty.o)
                0x000000000803da54                _isatty
 .text._lseek   0x000000000803da64       0x10 c:/st/stm32cubeide_1.5.0/stm32cubeide/plugins/com.st.stm32cube.ide.mcu.externaltools.gnu-tools-for-stm32.7-2018-q2-update.win32_1.5.0.202011040924/tools/bin/../lib/gcc/arm-none-eabi/7.3.1/../../../../arm-none-eabi/lib/thumb/v8-m.main/fpv5-sp/softfp\libnosys.a(lseek.o)
                0x000000000803da64                _lseek
 .text._read    0x000000000803da74       0x10 c:/st/stm32cubeide_1.5.0/stm32cubeide/plugins/com.st.stm32cube.ide.mcu.externaltools.gnu-tools-for-stm32.7-2018-q2-update.win32_1.5.0.202011040924/tools/bin/../lib/gcc/arm-none-eabi/7.3.1/../../../../arm-none-eabi/lib/thumb/v8-m.main/fpv5-sp/softfp\libnosys.a(read.o)
                0x000000000803da74                _read
 .text._sbrk    0x000000000803da84       0x1c c:/st/stm32cubeide_1.5.0/stm32cubeide/plugins/com.st.stm32cube.ide.mcu.externaltools.gnu-tools-for-stm32.7-2018-q2-update.win32_1.5.0.202011040924/tools/bin/../lib/gcc/arm-none-eabi/7.3.1/../../../../arm-none-eabi/lib/thumb/v8-m.main/fpv5-sp/softfp\libnosys.a(sbrk.o)
                0x000000000803da84                _sbrk
 .text._exit    0x000000000803daa0        0x2 c:/st/stm32cubeide_1.5.0/stm32cubeide/plugins/com.st.stm32cube.ide.mcu.externaltools.gnu-tools-for-stm32.7-2018-q2-update.win32_1.5.0.202011040924/tools/bin/../lib/gcc/arm-none-eabi/7.3.1/../../../../arm-none-eabi/lib/thumb/v8-m.main/fpv5-sp/softfp\libnosys.a(_exit.o)
                0x000000000803daa0                _exit
 *(.init)
 *fill*         0x000000000803daa2        0x2 
 .init          0x000000000803daa4        0x4 c:/st/stm32cubeide_1.5.0/stm32cubeide/plugins/com.st.stm32cube.ide.mcu.externaltools.gnu-tools-for-stm32.7-2018-q2-update.win32_1.5.0.202011040924/tools/bin/../lib/gcc/arm-none-eabi/7.3.1/thumb/v8-m.main/fpv5-sp/softfp/crti.o
                0x000000000803daa4                _init
 .init          0x000000000803daa8        0x8 c:/st/stm32cubeide_1.5.0/stm32cubeide/plugins/com.st.stm32cube.ide.mcu.externaltools.gnu-tools-for-stm32.7-2018-q2-update.win32_1.5.0.202011040924/tools/bin/../lib/gcc/arm-none-eabi/7.3.1/thumb/v8-m.main/fpv5-sp/softfp/crtn.o
 *(.fini)
 .fini          0x000000000803dab0        0x4 c:/st/stm32cubeide_1.5.0/stm32cubeide/plugins/com.st.stm32cube.ide.mcu.externaltools.gnu-tools-for-stm32.7-2018-q2-update.win32_1.5.0.202011040924/tools/bin/../lib/gcc/arm-none-eabi/7.3.1/thumb/v8-m.main/fpv5-sp/softfp/crti.o
                0x000000000803dab0                _fini
 .fini          0x000000000803dab4        0x8 c:/st/stm32cubeide_1.5.0/stm32cubeide/plugins/com.st.stm32cube.ide.mcu.externaltools.gnu-tools-for-stm32.7-2018-q2-update.win32_1.5.0.202011040924/tools/bin/../lib/gcc/arm-none-eabi/7.3.1/thumb/v8-m.main/fpv5-sp/softfp/crtn.o
 *crtbegin.o(.ctors)
 *crtbegin?.o(.ctors)
 *(EXCLUDE_FILE(*crtend.o *crtend?.o) .ctors)
 *(SORT_BY_NAME(.ctors.*))
 *(.ctors)
 *crtbegin.o(.dtors)
 *crtbegin?.o(.dtors)
 *(EXCLUDE_FILE(*crtend.o *crtend?.o) .dtors)
 *(SORT_BY_NAME(.dtors.*))
 *(.dtors)
 *(.rodata*)
 .rodata.FLASH_If_Init.str1.1
                0x000000000803dabc       0x34 Application/User/flash_if.o
 .rodata.FW_UPDATE_DownloadNewFirmware.constprop.1.str1.1
                0x000000000803daf0       0xc8 Application/User/fw_update_app.o
                                         0xcb (size before relaxing)
 .rodata.FW_UPDATE_PrintWelcome.str1.1
                0x000000000803dbb8      0x137 Application/User/fw_update_app.o
 .rodata.FW_UPDATE_Run.str1.1
                0x000000000803dcef       0xb8 Application/User/fw_update_app.o
 .rodata.Custom_Stuff_Run.str1.1
                0x000000000803dda7       0x56 Application/User/main.o
 .rodata.FW_APP_PrintMainMenu.str1.1
                0x000000000803ddfd      0x147 Application/User/main.o
 .rodata.FW_APP_Run.str1.1
                0x000000000803df44       0x12 Application/User/main.o
 .rodata.UserAppId
                0x000000000803df44        0x1 Application/User/main.o
                0x000000000803df44                UserAppId
 .rodata.main.str1.1
                0x000000000803df45      0x129 Application/User/main.o
 .rodata.AHBPrescTable
                0x000000000803e06e       0x10 Application/User/system_stm32l5xx.o
                0x000000000803e06e                AHBPrescTable
 .rodata.APBPrescTable
                0x000000000803e07e        0x8 Application/User/system_stm32l5xx.o
                0x000000000803e07e                APBPrescTable
 *fill*         0x000000000803e086        0x2 
 .rodata.MSIRangeTable
                0x000000000803e088       0x40 Application/User/system_stm32l5xx.o
                0x000000000803e088                MSIRangeTable
 .rodata.TEST_PROTECTIONS_PrintTestingMenu.str1.1
                0x000000000803e0c8       0xf9 Application/User/test_protections.o
 .rodata.TEST_PROTECTIONS_Run.str1.1
                0x000000000803e1c1       0x72 Application/User/test_protections.o
                                         0x84 (size before relaxing)
 .rodata.TEST_PROTECTIONS_Run_SecUserMem.str1.1
                0x000000000803e233       0xb9 Application/User/test_protections.o
 .rodata.aProtectTests
                0x000000000803e2ec      0x168 Application/User/test_protections.o
                0x000000000803e2ec                aProtectTests
 .rodata.aTestOperation
                0x000000000803e454       0xa0 Application/User/test_protections.o
                0x000000000803e454                aTestOperation
 .rodata.dump_eat_token.str1.1
                0x000000000803e4f4        0x6 Application/User/tfm_app.o
                                          0x8 (size before relaxing)
 .rodata.tfm_app_menu.str1.1
                0x000000000803e4fa      0x139 Application/User/tfm_app.o
                                        0x14b (size before relaxing)
 .rodata.tfm_app_print_menu.str1.1
                0x000000000803e633      0x433 Application/User/tfm_app.o
 .rodata.tfm_eat_test_circuit_sig.isra.6.constprop.7.str1.1
                0x000000000803ea66       0x42 Application/User/tfm_app.o
 .rodata.tfm_sst_read_uid.isra.1.str1.1
                0x000000000803eaa8       0x2d Application/User/tfm_app.o
 .rodata.tfm_sst_set_uid.isra.0.str1.1
                0x000000000803ead5       0x1a Application/User/tfm_app.o
 .rodata.Ymodem_Receive.str1.1
                0x000000000803eaef       0x18 Application/User/ymodem.o
 .rodata.CSWTCH.301
                0x000000000803eb07        0x4 Drivers/STM32L5xx_HAL_Driver/stm32l5xx_hal_uart.o
 .rodata.CSWTCH.302
                0x000000000803eb0b        0xd Drivers/STM32L5xx_HAL_Driver/stm32l5xx_hal_uart.o
 .rodata.__func__.7640
                0x000000000803eb18       0x10 Middlewares/trustedfirmware/test/crypto_tests_common.o
 .rodata.__func__.7670
                0x000000000803eb28        0xe Middlewares/trustedfirmware/test/crypto_tests_common.o
 .rodata.__func__.7727
                0x000000000803eb36        0xe Middlewares/trustedfirmware/test/crypto_tests_common.o
 .rodata.hash_val
                0x000000000803eb44      0x140 Middlewares/trustedfirmware/test/crypto_tests_common.o
 .rodata.psa_aead_test.str1.1
                0x000000000803ec84       0xca Middlewares/trustedfirmware/test/crypto_tests_common.o
 .rodata.psa_cipher_test.str1.1
                0x000000000803ed4e      0x22c Middlewares/trustedfirmware/test/crypto_tests_common.o
 .rodata.psa_hash_test.str1.1
                0x000000000803ef7a       0x7a Middlewares/trustedfirmware/test/crypto_tests_common.o
 .rodata.psa_key_interface_test.str1.1
                0x000000000803eff4      0x1b3 Middlewares/trustedfirmware/test/crypto_tests_common.o
 .rodata.str1.1
                0x000000000803f1a7       0x5c Middlewares/trustedfirmware/test/crypto_tests_common.o
 .rodata.print_error.str1.1
                0x000000000803f203        0xf Middlewares/trustedfirmware/test/test_framework.o
 .rodata.set_test_failed.str1.1
                0x000000000803f212       0x22 Middlewares/trustedfirmware/test/test_framework.o
 .rodata.printf_set_color.str1.1
                0x000000000803f234        0x7 Middlewares/trustedfirmware/test/test_framework_helpers.o
 *fill*         0x000000000803f23b        0x1 
 .rodata._global_impure_ptr
                0x000000000803f23c        0x4 c:/st/stm32cubeide_1.5.0/stm32cubeide/plugins/com.st.stm32cube.ide.mcu.externaltools.gnu-tools-for-stm32.7-2018-q2-update.win32_1.5.0.202011040924/tools/bin/../lib/gcc/arm-none-eabi/7.3.1/../../../../arm-none-eabi/lib/thumb/v8-m.main/fpv5-sp/softfp\libc_nano.a(lib_a-impure.o)
                0x000000000803f23c                _global_impure_ptr
 .rodata.__sf_fake_stderr
                0x000000000803f240       0x20 c:/st/stm32cubeide_1.5.0/stm32cubeide/plugins/com.st.stm32cube.ide.mcu.externaltools.gnu-tools-for-stm32.7-2018-q2-update.win32_1.5.0.202011040924/tools/bin/../lib/gcc/arm-none-eabi/7.3.1/../../../../arm-none-eabi/lib/thumb/v8-m.main/fpv5-sp/softfp\libc_nano.a(lib_a-findfp.o)
                0x000000000803f240                __sf_fake_stderr
 .rodata.__sf_fake_stdin
                0x000000000803f260       0x20 c:/st/stm32cubeide_1.5.0/stm32cubeide/plugins/com.st.stm32cube.ide.mcu.externaltools.gnu-tools-for-stm32.7-2018-q2-update.win32_1.5.0.202011040924/tools/bin/../lib/gcc/arm-none-eabi/7.3.1/../../../../arm-none-eabi/lib/thumb/v8-m.main/fpv5-sp/softfp\libc_nano.a(lib_a-findfp.o)
                0x000000000803f260                __sf_fake_stdin
 .rodata.__sf_fake_stdout
                0x000000000803f280       0x20 c:/st/stm32cubeide_1.5.0/stm32cubeide/plugins/com.st.stm32cube.ide.mcu.externaltools.gnu-tools-for-stm32.7-2018-q2-update.win32_1.5.0.202011040924/tools/bin/../lib/gcc/arm-none-eabi/7.3.1/../../../../arm-none-eabi/lib/thumb/v8-m.main/fpv5-sp/softfp\libc_nano.a(lib_a-findfp.o)
                0x000000000803f280                __sf_fake_stdout
 .rodata._vfprintf_r.str1.1
                0x000000000803f2a0       0x11 c:/st/stm32cubeide_1.5.0/stm32cubeide/plugins/com.st.stm32cube.ide.mcu.externaltools.gnu-tools-for-stm32.7-2018-q2-update.win32_1.5.0.202011040924/tools/bin/../lib/gcc/arm-none-eabi/7.3.1/../../../../arm-none-eabi/lib/thumb/v8-m.main/fpv5-sp/softfp\libc_nano.a(lib_a-nano-vfprintf.o)
 .rodata._printf_i.str1.1
                0x000000000803f2b1       0x22 c:/st/stm32cubeide_1.5.0/stm32cubeide/plugins/com.st.stm32cube.ide.mcu.externaltools.gnu-tools-for-stm32.7-2018-q2-update.win32_1.5.0.202011040924/tools/bin/../lib/gcc/arm-none-eabi/7.3.1/../../../../arm-none-eabi/lib/thumb/v8-m.main/fpv5-sp/softfp\libc_nano.a(lib_a-nano-vfprintf_i.o)
 *(.eh_frame*)
 *fill*         0x000000000803f2d3        0x1 
 .eh_frame      0x000000000803f2d4        0x0 c:/st/stm32cubeide_1.5.0/stm32cubeide/plugins/com.st.stm32cube.ide.mcu.externaltools.gnu-tools-for-stm32.7-2018-q2-update.win32_1.5.0.202011040924/tools/bin/../lib/gcc/arm-none-eabi/7.3.1/thumb/v8-m.main/fpv5-sp/softfp/crtbegin.o
 .eh_frame      0x000000000803f2d4        0x4 c:/st/stm32cubeide_1.5.0/stm32cubeide/plugins/com.st.stm32cube.ide.mcu.externaltools.gnu-tools-for-stm32.7-2018-q2-update.win32_1.5.0.202011040924/tools/bin/../lib/gcc/arm-none-eabi/7.3.1/thumb/v8-m.main/fpv5-sp/softfp/crtend.o

.glue_7         0x000000000803f2d8        0x0
 .glue_7        0x000000000803f2d8        0x0 linker stubs

.glue_7t        0x000000000803f2d8        0x0
 .glue_7t       0x000000000803f2d8        0x0 linker stubs

.vfp11_veneer   0x000000000803f2d8        0x0
 .vfp11_veneer  0x000000000803f2d8        0x0 linker stubs

.v4_bx          0x000000000803f2d8        0x0
 .v4_bx         0x000000000803f2d8        0x0 linker stubs

.iplt           0x000000000803f2d8        0x0
 .iplt          0x000000000803f2d8        0x0 c:/st/stm32cubeide_1.5.0/stm32cubeide/plugins/com.st.stm32cube.ide.mcu.externaltools.gnu-tools-for-stm32.7-2018-q2-update.win32_1.5.0.202011040924/tools/bin/../lib/gcc/arm-none-eabi/7.3.1/thumb/v8-m.main/fpv5-sp/softfp/crtbegin.o

.ARM.extab
 *(.ARM.extab* .gnu.linkonce.armextab.*)
                0x000000000803f2d8                __exidx_start = .

.ARM.exidx      0x000000000803f2d8        0x8
 *(.ARM.exidx* .gnu.linkonce.armexidx.*)
 .ARM.exidx     0x000000000803f2d8        0x8 c:/st/stm32cubeide_1.5.0/stm32cubeide/plugins/com.st.stm32cube.ide.mcu.externaltools.gnu-tools-for-stm32.7-2018-q2-update.win32_1.5.0.202011040924/tools/bin/../lib/gcc/arm-none-eabi/7.3.1/../../../../arm-none-eabi/lib/thumb/v8-m.main/fpv5-sp/softfp/crt0.o
 .ARM.exidx     0x000000000803f2e0        0x0 c:/st/stm32cubeide_1.5.0/stm32cubeide/plugins/com.st.stm32cube.ide.mcu.externaltools.gnu-tools-for-stm32.7-2018-q2-update.win32_1.5.0.202011040924/tools/bin/../lib/gcc/arm-none-eabi/7.3.1/thumb/v8-m.main/fpv5-sp/softfp\libgcc.a(_udivmoddi4.o)
                                          0x8 (size before relaxing)
                0x000000000803f2e0                __exidx_end = .

.rel.dyn        0x000000000803f2e0        0x0
 .rel.iplt      0x000000000803f2e0        0x0 c:/st/stm32cubeide_1.5.0/stm32cubeide/plugins/com.st.stm32cube.ide.mcu.externaltools.gnu-tools-for-stm32.7-2018-q2-update.win32_1.5.0.202011040924/tools/bin/../lib/gcc/arm-none-eabi/7.3.1/thumb/v8-m.main/fpv5-sp/softfp/crtbegin.o

.copy.table     0x000000000803f2e0       0x18
                0x000000000803f2e0                . = ALIGN (0x4)
                0x000000000803f2e0                __copy_table_start__ = .
                0x000000000803f2e0        0x4 LONG 0x803f308 __etext
                0x000000000803f2e4        0x4 LONG 0x20000100 __data_start__
                0x000000000803f2e8        0x4 LONG 0x94 (__data_end__ - __data_start__)
                0x000000000803f2ec        0x4 LONG 0x0 DEFINED (__etext2)?__etext2:0x0
                0x000000000803f2f0        0x4 LONG 0x0 DEFINED (__data2_start__)?__data2_start__:0x0
                0x000000000803f2f4        0x4 LONG 0x0 DEFINED (__data2_start__)?(__data2_end__ - __data2_start__):0x0
                0x000000000803f2f8                __copy_table_end__ = .

.zero.table     0x000000000803f2f8       0x10
                0x000000000803f2f8                . = ALIGN (0x4)
                0x000000000803f2f8                __zero_table_start__ = .
                0x000000000803f2f8        0x4 LONG 0x20000194 __bss_start__
                0x000000000803f2fc        0x4 LONG 0x540 (__bss_end__ - __bss_start__)
                0x000000000803f300        0x4 LONG 0x0 DEFINED (__bss2_start__)?__bss2_start__:0x0
                0x000000000803f304        0x4 LONG 0x0 DEFINED (__bss2_start__)?(__bss2_end__ - __bss2_start__):0x0
                0x000000000803f308                __zero_table_end__ = .
                0x000000000803f308                __etext = .

.testprotection
                0x0000000020000000        0x4
 *(.bss.NoInit)
 .bss.NoInit    0x0000000020000000        0x4 Application/User/main.o
                0x0000000020000000                TestNumber

.data           0x0000000020000100       0x94 load address 0x000000000803f308
                0x0000000020000100                __data_start__ = .
 *(vtable)
 *(.data*)
 .data.SystemCoreClock
                0x0000000020000100        0x4 Application/User/system_stm32l5xx.o
                0x0000000020000100                SystemCoreClock
 .data.uwTickFreq
                0x0000000020000104        0x4 Drivers/STM32L5xx_HAL_Driver/stm32l5xx_hal.o
                0x0000000020000104                uwTickFreq
 .data.uwTickPrio
                0x0000000020000108        0x4 Drivers/STM32L5xx_HAL_Driver/stm32l5xx_hal.o
                0x0000000020000108                uwTickPrio
 .data.pFlash   0x000000002000010c       0x1c Drivers/STM32L5xx_HAL_Driver/stm32l5xx_hal_flash.o
                0x000000002000010c                pFlash
 .data._impure_ptr
                0x0000000020000128        0x4 c:/st/stm32cubeide_1.5.0/stm32cubeide/plugins/com.st.stm32cube.ide.mcu.externaltools.gnu-tools-for-stm32.7-2018-q2-update.win32_1.5.0.202011040924/tools/bin/../lib/gcc/arm-none-eabi/7.3.1/../../../../arm-none-eabi/lib/thumb/v8-m.main/fpv5-sp/softfp\libc_nano.a(lib_a-impure.o)
                0x0000000020000128                _impure_ptr
 .data.impure_data
                0x000000002000012c       0x60 c:/st/stm32cubeide_1.5.0/stm32cubeide/plugins/com.st.stm32cube.ide.mcu.externaltools.gnu-tools-for-stm32.7-2018-q2-update.win32_1.5.0.202011040924/tools/bin/../lib/gcc/arm-none-eabi/7.3.1/../../../../arm-none-eabi/lib/thumb/v8-m.main/fpv5-sp/softfp\libc_nano.a(lib_a-impure.o)
                0x000000002000018c                . = ALIGN (0x4)
                0x000000002000018c                PROVIDE (__preinit_array_start = .)
 *(.preinit_array)
                0x000000002000018c                PROVIDE (__preinit_array_end = .)
                0x000000002000018c                . = ALIGN (0x4)
                0x000000002000018c                PROVIDE (__init_array_start = .)
 *(SORT_BY_NAME(.init_array.*))
 *(.init_array)
 .init_array    0x000000002000018c        0x4 c:/st/stm32cubeide_1.5.0/stm32cubeide/plugins/com.st.stm32cube.ide.mcu.externaltools.gnu-tools-for-stm32.7-2018-q2-update.win32_1.5.0.202011040924/tools/bin/../lib/gcc/arm-none-eabi/7.3.1/thumb/v8-m.main/fpv5-sp/softfp/crtbegin.o
                0x0000000020000190                PROVIDE (__init_array_end = .)
                0x0000000020000190                . = ALIGN (0x4)
                [!provide]                        PROVIDE (__fini_array_start = .)
 *(SORT_BY_NAME(.fini_array.*))
 *(.fini_array)
 .fini_array    0x0000000020000190        0x4 c:/st/stm32cubeide_1.5.0/stm32cubeide/plugins/com.st.stm32cube.ide.mcu.externaltools.gnu-tools-for-stm32.7-2018-q2-update.win32_1.5.0.202011040924/tools/bin/../lib/gcc/arm-none-eabi/7.3.1/thumb/v8-m.main/fpv5-sp/softfp/crtbegin.o
                [!provide]                        PROVIDE (__fini_array_end = .)
 *(.jcr*)
                0x0000000020000194                . = ALIGN (0x4)
                0x0000000020000194                __data_end__ = .

.igot.plt       0x0000000020000194        0x0 load address 0x000000000803f39c
 .igot.plt      0x0000000020000194        0x0 c:/st/stm32cubeide_1.5.0/stm32cubeide/plugins/com.st.stm32cube.ide.mcu.externaltools.gnu-tools-for-stm32.7-2018-q2-update.win32_1.5.0.202011040924/tools/bin/../lib/gcc/arm-none-eabi/7.3.1/thumb/v8-m.main/fpv5-sp/softfp/crtbegin.o

.bss            0x0000000020000194      0x540 load address 0x000000000803f39c
                0x0000000020000194                . = ALIGN (0x4)
                0x0000000020000194                __bss_start__ = .
 *(.bss*)
 .bss           0x0000000020000194       0x1c c:/st/stm32cubeide_1.5.0/stm32cubeide/plugins/com.st.stm32cube.ide.mcu.externaltools.gnu-tools-for-stm32.7-2018-q2-update.win32_1.5.0.202011040924/tools/bin/../lib/gcc/arm-none-eabi/7.3.1/thumb/v8-m.main/fpv5-sp/softfp/crtbegin.o
 .bss.UartHandle
                0x00000000200001b0       0x8c Application/User/com.o
 .bss.m_uFileSizeYmodem
                0x000000002000023c        0x4 Application/User/fw_update_app.o
 .bss.m_uNbrBlocksYmodem
                0x0000000020000240        0x4 Application/User/fw_update_app.o
 .bss.m_uPacketsReceived
                0x0000000020000244        0x4 Application/User/fw_update_app.o
 .bss.users     0x0000000020000248        0x1 Application/User/tfm_ns_lock.o
 *fill*         0x0000000020000249        0x3 
 .bss.CrcHandle
                0x000000002000024c       0x24 Application/User/ymodem.o
 .bss.m_aPacketData
                0x0000000020000270      0x406 Application/User/ymodem.o
 *fill*         0x0000000020000676        0x2 
 .bss.__malloc_free_list
                0x0000000020000678        0x4 c:/st/stm32cubeide_1.5.0/stm32cubeide/plugins/com.st.stm32cube.ide.mcu.externaltools.gnu-tools-for-stm32.7-2018-q2-update.win32_1.5.0.202011040924/tools/bin/../lib/gcc/arm-none-eabi/7.3.1/../../../../arm-none-eabi/lib/thumb/v8-m.main/fpv5-sp/softfp\libc_nano.a(lib_a-nano-mallocr.o)
                0x0000000020000678                __malloc_free_list
 .bss.__malloc_sbrk_start
                0x000000002000067c        0x4 c:/st/stm32cubeide_1.5.0/stm32cubeide/plugins/com.st.stm32cube.ide.mcu.externaltools.gnu-tools-for-stm32.7-2018-q2-update.win32_1.5.0.202011040924/tools/bin/../lib/gcc/arm-none-eabi/7.3.1/../../../../arm-none-eabi/lib/thumb/v8-m.main/fpv5-sp/softfp\libc_nano.a(lib_a-nano-mallocr.o)
                0x000000002000067c                __malloc_sbrk_start
 .bss.heap_end.5377
                0x0000000020000680        0x4 c:/st/stm32cubeide_1.5.0/stm32cubeide/plugins/com.st.stm32cube.ide.mcu.externaltools.gnu-tools-for-stm32.7-2018-q2-update.win32_1.5.0.202011040924/tools/bin/../lib/gcc/arm-none-eabi/7.3.1/../../../../arm-none-eabi/lib/thumb/v8-m.main/fpv5-sp/softfp\libnosys.a(sbrk.o)
 *(COMMON)
 COMMON         0x0000000020000684        0x4 Application/User/main.o
                0x0000000020000684                pUserAppId
 COMMON         0x0000000020000688       0x41 Application/User/ymodem.o
                0x0000000020000688                m_aFileName
 *fill*         0x00000000200006c9        0x3 
 COMMON         0x00000000200006cc        0x4 Drivers/STM32L5xx_HAL_Driver/stm32l5xx_hal.o
                0x00000000200006cc                uwTick
 COMMON         0x00000000200006d0        0x4 c:/st/stm32cubeide_1.5.0/stm32cubeide/plugins/com.st.stm32cube.ide.mcu.externaltools.gnu-tools-for-stm32.7-2018-q2-update.win32_1.5.0.202011040924/tools/bin/../lib/gcc/arm-none-eabi/7.3.1/../../../../arm-none-eabi/lib/thumb/v8-m.main/fpv5-sp/softfp\libc_nano.a(lib_a-reent.o)
                0x00000000200006d0                errno
                0x00000000200006d4                . = ALIGN (0x4)
                0x00000000200006d4                __bss_end__ = .
                0x0000000000000540                bss_size = (__bss_end__ - __bss_start__)

.msp_stack      0x00000000200006e0      0x400 load address 0x000000000803f900
                0x0000000020000ae0                . = (. + __msp_stack_size__)
 *fill*         0x00000000200006e0      0x400 
                0x0000000020000ae0                Image$$ARM_LIB_STACK_MSP$$ZI$$Limit = (ADDR (.msp_stack) + SIZEOF (.msp_stack))

.psp_stack      0x0000000020000ae0      0xc00 load address 0x000000000803fd00
                0x00000000200016e0                . = (. + __psp_stack_size__)
 *fill*         0x0000000020000ae0      0xc00 
                0x0000000020000ae0                Image$$ARM_LIB_STACK$$ZI$$Base = ADDR (.psp_stack)
                0x00000000200016e0                Image$$ARM_LIB_STACK$$ZI$$Limit = (ADDR (.psp_stack) + SIZEOF (.psp_stack))

.heap           0x00000000200016e0     0x1000 load address 0x0000000008040900
                0x00000000200016e0                __end__ = .
                0x00000000200016e0                PROVIDE (end = .)
                0x00000000200016e0                __HeapBase = .
                0x00000000200026e0                . = (. + __heap_size__)
 *fill*         0x00000000200016e0     0x1000 
                0x00000000200026e0                __HeapLimit = .
                0x00000000200026e0                __heap_limit = .
                0x00000000200016e0                PROVIDE (__stack = Image$$ARM_LIB_STACK$$ZI$$Limit)
OUTPUT(TFM_Appli_NonSecure.elf elf32-littlearm)

.ARM.attributes
                0x0000000000000000       0x34
 .ARM.attributes
                0x0000000000000000       0x26 c:/st/stm32cubeide_1.5.0/stm32cubeide/plugins/com.st.stm32cube.ide.mcu.externaltools.gnu-tools-for-stm32.7-2018-q2-update.win32_1.5.0.202011040924/tools/bin/../lib/gcc/arm-none-eabi/7.3.1/thumb/v8-m.main/fpv5-sp/softfp/crti.o
 .ARM.attributes
                0x0000000000000026       0x36 c:/st/stm32cubeide_1.5.0/stm32cubeide/plugins/com.st.stm32cube.ide.mcu.externaltools.gnu-tools-for-stm32.7-2018-q2-update.win32_1.5.0.202011040924/tools/bin/../lib/gcc/arm-none-eabi/7.3.1/thumb/v8-m.main/fpv5-sp/softfp/crtbegin.o
 .ARM.attributes
                0x000000000000005c       0x24 c:/st/stm32cubeide_1.5.0/stm32cubeide/plugins/com.st.stm32cube.ide.mcu.externaltools.gnu-tools-for-stm32.7-2018-q2-update.win32_1.5.0.202011040924/tools/bin/../lib/gcc/arm-none-eabi/7.3.1/../../../../arm-none-eabi/lib/thumb/v8-m.main/fpv5-sp/softfp/crt0.o
 .ARM.attributes
                0x0000000000000080       0x24 Application/Startup/startup_stm32l5xx_ns.o
 .ARM.attributes
                0x00000000000000a4       0x3a Application/User/com.o
 .ARM.attributes
                0x00000000000000de       0x3a Application/User/common.o
 .ARM.attributes
                0x0000000000000118       0x3a Application/User/flash_if.o
 .ARM.attributes
                0x0000000000000152       0x3a Application/User/fw_update_app.o
 .ARM.attributes
                0x000000000000018c       0x3a Application/User/main.o
 .ARM.attributes
                0x00000000000001c6       0x3a Application/User/mpu_armv8m_drv.o
 .ARM.attributes
                0x0000000000000200       0x3a Application/User/stm32l5xx_it.o
 .ARM.attributes
                0x000000000000023a       0x3a Application/User/system_stm32l5xx.o
 .ARM.attributes
                0x0000000000000274       0x3a Application/User/test_protections.o
 .ARM.attributes
                0x00000000000002ae       0x3a Application/User/tfm_app.o
 .ARM.attributes
                0x00000000000002e8       0x3a Application/User/tfm_ns_lock.o
 .ARM.attributes
                0x0000000000000322       0x3a Application/User/ymodem.o
 .ARM.attributes
                0x000000000000035c       0x3a Drivers/STM32L5xx_HAL_Driver/stm32l5xx_hal.o
 .ARM.attributes
                0x0000000000000396       0x3a Drivers/STM32L5xx_HAL_Driver/stm32l5xx_hal_cortex.o
 .ARM.attributes
                0x00000000000003d0       0x3a Drivers/STM32L5xx_HAL_Driver/stm32l5xx_hal_crc.o
 .ARM.attributes
                0x000000000000040a       0x3a Drivers/STM32L5xx_HAL_Driver/stm32l5xx_hal_crc_ex.o
 .ARM.attributes
                0x0000000000000444       0x3a Drivers/STM32L5xx_HAL_Driver/stm32l5xx_hal_flash.o
 .ARM.attributes
                0x000000000000047e       0x3a Drivers/STM32L5xx_HAL_Driver/stm32l5xx_hal_flash_ex.o
 .ARM.attributes
                0x00000000000004b8       0x3a Drivers/STM32L5xx_HAL_Driver/stm32l5xx_hal_gpio.o
 .ARM.attributes
                0x00000000000004f2       0x3a Drivers/STM32L5xx_HAL_Driver/stm32l5xx_hal_pwr_ex.o
 .ARM.attributes
                0x000000000000052c       0x3a Drivers/STM32L5xx_HAL_Driver/stm32l5xx_hal_rcc.o
 .ARM.attributes
                0x0000000000000566       0x3a Drivers/STM32L5xx_HAL_Driver/stm32l5xx_hal_uart.o
 .ARM.attributes
                0x00000000000005a0       0x3a Middlewares/trustedfirmware/core/UsefulBuf.o
 .ARM.attributes
                0x00000000000005da       0x3a Middlewares/trustedfirmware/core/tfm_crypto_ipc_api.o
 .ARM.attributes
                0x0000000000000614       0x3a Middlewares/trustedfirmware/core/tfm_initial_attestation_ipc_api.o
 .ARM.attributes
                0x000000000000064e       0x3a Middlewares/trustedfirmware/core/tfm_its_ipc_api.o
 .ARM.attributes
                0x0000000000000688       0x3a Middlewares/trustedfirmware/core/tfm_psa_ns_api.o
 .ARM.attributes
                0x00000000000006c2       0x3a Middlewares/trustedfirmware/core/tfm_sst_ipc_api.o
 .ARM.attributes
                0x00000000000006fc       0x3a Middlewares/trustedfirmware/test/crypto_tests_common.o
 .ARM.attributes
                0x0000000000000736       0x3a Middlewares/trustedfirmware/test/test_framework.o
 .ARM.attributes
                0x0000000000000770       0x3a Middlewares/trustedfirmware/test/test_framework_helpers.o
 .ARM.attributes
                0x00000000000007aa       0x36 c:/st/stm32cubeide_1.5.0/stm32cubeide/plugins/com.st.stm32cube.ide.mcu.externaltools.gnu-tools-for-stm32.7-2018-q2-update.win32_1.5.0.202011040924/tools/bin/../lib/gcc/arm-none-eabi/7.3.1/../../../../arm-none-eabi/lib/thumb/v8-m.main/fpv5-sp/softfp\libc_nano.a(lib_a-exit.o)
 .ARM.attributes
                0x00000000000007e0       0x36 c:/st/stm32cubeide_1.5.0/stm32cubeide/plugins/com.st.stm32cube.ide.mcu.externaltools.gnu-tools-for-stm32.7-2018-q2-update.win32_1.5.0.202011040924/tools/bin/../lib/gcc/arm-none-eabi/7.3.1/../../../../arm-none-eabi/lib/thumb/v8-m.main/fpv5-sp/softfp\libc_nano.a(lib_a-impure.o)
 .ARM.attributes
                0x0000000000000816       0x36 c:/st/stm32cubeide_1.5.0/stm32cubeide/plugins/com.st.stm32cube.ide.mcu.externaltools.gnu-tools-for-stm32.7-2018-q2-update.win32_1.5.0.202011040924/tools/bin/../lib/gcc/arm-none-eabi/7.3.1/../../../../arm-none-eabi/lib/thumb/v8-m.main/fpv5-sp/softfp\libc_nano.a(lib_a-init.o)
 .ARM.attributes
                0x000000000000084c       0x36 c:/st/stm32cubeide_1.5.0/stm32cubeide/plugins/com.st.stm32cube.ide.mcu.externaltools.gnu-tools-for-stm32.7-2018-q2-update.win32_1.5.0.202011040924/tools/bin/../lib/gcc/arm-none-eabi/7.3.1/../../../../arm-none-eabi/lib/thumb/v8-m.main/fpv5-sp/softfp\libc_nano.a(lib_a-memcmp.o)
 .ARM.attributes
                0x0000000000000882       0x36 c:/st/stm32cubeide_1.5.0/stm32cubeide/plugins/com.st.stm32cube.ide.mcu.externaltools.gnu-tools-for-stm32.7-2018-q2-update.win32_1.5.0.202011040924/tools/bin/../lib/gcc/arm-none-eabi/7.3.1/../../../../arm-none-eabi/lib/thumb/v8-m.main/fpv5-sp/softfp\libc_nano.a(lib_a-memcpy-stub.o)
 .ARM.attributes
                0x00000000000008b8       0x36 c:/st/stm32cubeide_1.5.0/stm32cubeide/plugins/com.st.stm32cube.ide.mcu.externaltools.gnu-tools-for-stm32.7-2018-q2-update.win32_1.5.0.202011040924/tools/bin/../lib/gcc/arm-none-eabi/7.3.1/../../../../arm-none-eabi/lib/thumb/v8-m.main/fpv5-sp/softfp\libc_nano.a(lib_a-memset.o)
 .ARM.attributes
                0x00000000000008ee       0x36 c:/st/stm32cubeide_1.5.0/stm32cubeide/plugins/com.st.stm32cube.ide.mcu.externaltools.gnu-tools-for-stm32.7-2018-q2-update.win32_1.5.0.202011040924/tools/bin/../lib/gcc/arm-none-eabi/7.3.1/../../../../arm-none-eabi/lib/thumb/v8-m.main/fpv5-sp/softfp\libc_nano.a(lib_a-printf.o)
 .ARM.attributes
                0x0000000000000924       0x36 c:/st/stm32cubeide_1.5.0/stm32cubeide/plugins/com.st.stm32cube.ide.mcu.externaltools.gnu-tools-for-stm32.7-2018-q2-update.win32_1.5.0.202011040924/tools/bin/../lib/gcc/arm-none-eabi/7.3.1/../../../../arm-none-eabi/lib/thumb/v8-m.main/fpv5-sp/softfp\libc_nano.a(lib_a-puts.o)
 .ARM.attributes
                0x000000000000095a       0x36 c:/st/stm32cubeide_1.5.0/stm32cubeide/plugins/com.st.stm32cube.ide.mcu.externaltools.gnu-tools-for-stm32.7-2018-q2-update.win32_1.5.0.202011040924/tools/bin/../lib/gcc/arm-none-eabi/7.3.1/../../../../arm-none-eabi/lib/thumb/v8-m.main/fpv5-sp/softfp\libc_nano.a(lib_a-setvbuf.o)
 .ARM.attributes
                0x0000000000000990       0x36 c:/st/stm32cubeide_1.5.0/stm32cubeide/plugins/com.st.stm32cube.ide.mcu.externaltools.gnu-tools-for-stm32.7-2018-q2-update.win32_1.5.0.202011040924/tools/bin/../lib/gcc/arm-none-eabi/7.3.1/../../../../arm-none-eabi/lib/thumb/v8-m.main/fpv5-sp/softfp\libc_nano.a(lib_a-strncmp.o)
 .ARM.attributes
                0x00000000000009c6       0x36 c:/st/stm32cubeide_1.5.0/stm32cubeide/plugins/com.st.stm32cube.ide.mcu.externaltools.gnu-tools-for-stm32.7-2018-q2-update.win32_1.5.0.202011040924/tools/bin/../lib/gcc/arm-none-eabi/7.3.1/../../../../arm-none-eabi/lib/thumb/v8-m.main/fpv5-sp/softfp\libc_nano.a(lib_a-wbuf.o)
 .ARM.attributes
                0x00000000000009fc       0x36 c:/st/stm32cubeide_1.5.0/stm32cubeide/plugins/com.st.stm32cube.ide.mcu.externaltools.gnu-tools-for-stm32.7-2018-q2-update.win32_1.5.0.202011040924/tools/bin/../lib/gcc/arm-none-eabi/7.3.1/../../../../arm-none-eabi/lib/thumb/v8-m.main/fpv5-sp/softfp\libc_nano.a(lib_a-wsetup.o)
 .ARM.attributes
                0x0000000000000a32       0x36 c:/st/stm32cubeide_1.5.0/stm32cubeide/plugins/com.st.stm32cube.ide.mcu.externaltools.gnu-tools-for-stm32.7-2018-q2-update.win32_1.5.0.202011040924/tools/bin/../lib/gcc/arm-none-eabi/7.3.1/../../../../arm-none-eabi/lib/thumb/v8-m.main/fpv5-sp/softfp\libc_nano.a(lib_a-fflush.o)
 .ARM.attributes
                0x0000000000000a68       0x36 c:/st/stm32cubeide_1.5.0/stm32cubeide/plugins/com.st.stm32cube.ide.mcu.externaltools.gnu-tools-for-stm32.7-2018-q2-update.win32_1.5.0.202011040924/tools/bin/../lib/gcc/arm-none-eabi/7.3.1/../../../../arm-none-eabi/lib/thumb/v8-m.main/fpv5-sp/softfp\libc_nano.a(lib_a-findfp.o)
 .ARM.attributes
                0x0000000000000a9e       0x36 c:/st/stm32cubeide_1.5.0/stm32cubeide/plugins/com.st.stm32cube.ide.mcu.externaltools.gnu-tools-for-stm32.7-2018-q2-update.win32_1.5.0.202011040924/tools/bin/../lib/gcc/arm-none-eabi/7.3.1/../../../../arm-none-eabi/lib/thumb/v8-m.main/fpv5-sp/softfp\libc_nano.a(lib_a-fwalk.o)
 .ARM.attributes
                0x0000000000000ad4       0x36 c:/st/stm32cubeide_1.5.0/stm32cubeide/plugins/com.st.stm32cube.ide.mcu.externaltools.gnu-tools-for-stm32.7-2018-q2-update.win32_1.5.0.202011040924/tools/bin/../lib/gcc/arm-none-eabi/7.3.1/../../../../arm-none-eabi/lib/thumb/v8-m.main/fpv5-sp/softfp\libc_nano.a(lib_a-makebuf.o)
 .ARM.attributes
                0x0000000000000b0a       0x36 c:/st/stm32cubeide_1.5.0/stm32cubeide/plugins/com.st.stm32cube.ide.mcu.externaltools.gnu-tools-for-stm32.7-2018-q2-update.win32_1.5.0.202011040924/tools/bin/../lib/gcc/arm-none-eabi/7.3.1/../../../../arm-none-eabi/lib/thumb/v8-m.main/fpv5-sp/softfp\libc_nano.a(lib_a-malloc.o)
 .ARM.attributes
                0x0000000000000b40       0x36 c:/st/stm32cubeide_1.5.0/stm32cubeide/plugins/com.st.stm32cube.ide.mcu.externaltools.gnu-tools-for-stm32.7-2018-q2-update.win32_1.5.0.202011040924/tools/bin/../lib/gcc/arm-none-eabi/7.3.1/../../../../arm-none-eabi/lib/thumb/v8-m.main/fpv5-sp/softfp\libc_nano.a(lib_a-nano-freer.o)
 .ARM.attributes
                0x0000000000000b76       0x36 c:/st/stm32cubeide_1.5.0/stm32cubeide/plugins/com.st.stm32cube.ide.mcu.externaltools.gnu-tools-for-stm32.7-2018-q2-update.win32_1.5.0.202011040924/tools/bin/../lib/gcc/arm-none-eabi/7.3.1/../../../../arm-none-eabi/lib/thumb/v8-m.main/fpv5-sp/softfp\libc_nano.a(lib_a-nano-mallocr.o)
 .ARM.attributes
                0x0000000000000bac       0x36 c:/st/stm32cubeide_1.5.0/stm32cubeide/plugins/com.st.stm32cube.ide.mcu.externaltools.gnu-tools-for-stm32.7-2018-q2-update.win32_1.5.0.202011040924/tools/bin/../lib/gcc/arm-none-eabi/7.3.1/../../../../arm-none-eabi/lib/thumb/v8-m.main/fpv5-sp/softfp\libc_nano.a(lib_a-nano-vfprintf.o)
 .ARM.attributes
                0x0000000000000be2       0x36 c:/st/stm32cubeide_1.5.0/stm32cubeide/plugins/com.st.stm32cube.ide.mcu.externaltools.gnu-tools-for-stm32.7-2018-q2-update.win32_1.5.0.202011040924/tools/bin/../lib/gcc/arm-none-eabi/7.3.1/../../../../arm-none-eabi/lib/thumb/v8-m.main/fpv5-sp/softfp\libc_nano.a(lib_a-nano-vfprintf_i.o)
 .ARM.attributes
                0x0000000000000c18       0x36 c:/st/stm32cubeide_1.5.0/stm32cubeide/plugins/com.st.stm32cube.ide.mcu.externaltools.gnu-tools-for-stm32.7-2018-q2-update.win32_1.5.0.202011040924/tools/bin/../lib/gcc/arm-none-eabi/7.3.1/../../../../arm-none-eabi/lib/thumb/v8-m.main/fpv5-sp/softfp\libc_nano.a(lib_a-sbrkr.o)
 .ARM.attributes
                0x0000000000000c4e       0x36 c:/st/stm32cubeide_1.5.0/stm32cubeide/plugins/com.st.stm32cube.ide.mcu.externaltools.gnu-tools-for-stm32.7-2018-q2-update.win32_1.5.0.202011040924/tools/bin/../lib/gcc/arm-none-eabi/7.3.1/../../../../arm-none-eabi/lib/thumb/v8-m.main/fpv5-sp/softfp\libc_nano.a(lib_a-stdio.o)
 .ARM.attributes
                0x0000000000000c84       0x36 c:/st/stm32cubeide_1.5.0/stm32cubeide/plugins/com.st.stm32cube.ide.mcu.externaltools.gnu-tools-for-stm32.7-2018-q2-update.win32_1.5.0.202011040924/tools/bin/../lib/gcc/arm-none-eabi/7.3.1/../../../../arm-none-eabi/lib/thumb/v8-m.main/fpv5-sp/softfp\libc_nano.a(lib_a-writer.o)
 .ARM.attributes
                0x0000000000000cba       0x36 c:/st/stm32cubeide_1.5.0/stm32cubeide/plugins/com.st.stm32cube.ide.mcu.externaltools.gnu-tools-for-stm32.7-2018-q2-update.win32_1.5.0.202011040924/tools/bin/../lib/gcc/arm-none-eabi/7.3.1/../../../../arm-none-eabi/lib/thumb/v8-m.main/fpv5-sp/softfp\libc_nano.a(lib_a-closer.o)
 .ARM.attributes
                0x0000000000000cf0       0x36 c:/st/stm32cubeide_1.5.0/stm32cubeide/plugins/com.st.stm32cube.ide.mcu.externaltools.gnu-tools-for-stm32.7-2018-q2-update.win32_1.5.0.202011040924/tools/bin/../lib/gcc/arm-none-eabi/7.3.1/../../../../arm-none-eabi/lib/thumb/v8-m.main/fpv5-sp/softfp\libc_nano.a(lib_a-fstatr.o)
 .ARM.attributes
                0x0000000000000d26       0x36 c:/st/stm32cubeide_1.5.0/stm32cubeide/plugins/com.st.stm32cube.ide.mcu.externaltools.gnu-tools-for-stm32.7-2018-q2-update.win32_1.5.0.202011040924/tools/bin/../lib/gcc/arm-none-eabi/7.3.1/../../../../arm-none-eabi/lib/thumb/v8-m.main/fpv5-sp/softfp\libc_nano.a(lib_a-isattyr.o)
 .ARM.attributes
                0x0000000000000d5c       0x36 c:/st/stm32cubeide_1.5.0/stm32cubeide/plugins/com.st.stm32cube.ide.mcu.externaltools.gnu-tools-for-stm32.7-2018-q2-update.win32_1.5.0.202011040924/tools/bin/../lib/gcc/arm-none-eabi/7.3.1/../../../../arm-none-eabi/lib/thumb/v8-m.main/fpv5-sp/softfp\libc_nano.a(lib_a-lseekr.o)
 .ARM.attributes
                0x0000000000000d92       0x36 c:/st/stm32cubeide_1.5.0/stm32cubeide/plugins/com.st.stm32cube.ide.mcu.externaltools.gnu-tools-for-stm32.7-2018-q2-update.win32_1.5.0.202011040924/tools/bin/../lib/gcc/arm-none-eabi/7.3.1/../../../../arm-none-eabi/lib/thumb/v8-m.main/fpv5-sp/softfp\libc_nano.a(lib_a-memchr-stub.o)
 .ARM.attributes
                0x0000000000000dc8       0x36 c:/st/stm32cubeide_1.5.0/stm32cubeide/plugins/com.st.stm32cube.ide.mcu.externaltools.gnu-tools-for-stm32.7-2018-q2-update.win32_1.5.0.202011040924/tools/bin/../lib/gcc/arm-none-eabi/7.3.1/../../../../arm-none-eabi/lib/thumb/v8-m.main/fpv5-sp/softfp\libc_nano.a(lib_a-mlock.o)
 .ARM.attributes
                0x0000000000000dfe       0x36 c:/st/stm32cubeide_1.5.0/stm32cubeide/plugins/com.st.stm32cube.ide.mcu.externaltools.gnu-tools-for-stm32.7-2018-q2-update.win32_1.5.0.202011040924/tools/bin/../lib/gcc/arm-none-eabi/7.3.1/../../../../arm-none-eabi/lib/thumb/v8-m.main/fpv5-sp/softfp\libc_nano.a(lib_a-readr.o)
 .ARM.attributes