bootutil_misc.c:410:1:boot_write_trailer_byte	32	static
bootutil_misc.c:117:10:boot_secure_memequal	16	static
bootutil_misc.c:161:1:boot_magic_compatible_check	0	static
bootutil_misc.c:176:1:boot_trailer_sz	0	static
bootutil_misc.c:192:1:boot_status_entries	0	static
bootutil_misc.c:205:1:boot_status_off	8	static
bootutil_misc.c:219:1:boot_swap_info_off	0	static
bootutil_misc.c:243:1:boot_read_swap_state	40	static
bootutil_misc.c:308:1:boot_read_swap_state_by_id	16	static
bootutil_misc.c:330:1:boot_read_swap_size	32	static
bootutil_misc.c:392:1:boot_write_magic	8	static
bootutil_misc.c:433:1:boot_write_copy_done	0	static
bootutil_misc.c:444:1:boot_write_image_ok	0	static
bootutil_misc.c:460:1:boot_write_swap_info	0	static
bootutil_misc.c:477:1:boot_write_swap_size	32	static
bootutil_misc.c:507:1:boot_swap_type	48	static
bootutil_misc.c:567:1:boot_set_pending	32	static
bootutil_misc.c:636:1:boot_set_confirmed	32	static
bootutil_misc.c:701:1:boot_is_version_sufficient	0	static
bootutil_misc.c:736:1:boot_add_uint32_overflow_check	0	static
bootutil_misc.c:751:1:boot_add_uint16_overflow_check	0	static
