flash_map.c:304:12:validate_idx	8	static
flash_map.c:116:5:flash_device_base	8	static
flash_map.c:131:5:flash_area_open	20	static
flash_map.c:154:6:flash_area_close	0	static
flash_map.c:174:6:flash_area_warn_on_open	16	static
flash_map.c:188:9:flash_area_erased_val	8	static
flash_map.c:195:5:flash_area_read	8	static
flash_map.c:202:5:flash_area_read_is_empty	24	static
flash_map.c:228:5:flash_area_write	8	static
flash_map.c:235:5:flash_area_erase	32	static
flash_map.c:263:10:flash_area_align	8	static
flash_map.c:275:5:flash_area_id_from_image_slot	16	static
flash_map.c:291:5:flash_area_id_to_image_slot	8	static
flash_map.c:344:5:flash_area_to_sectors	48	static
flash_map.c:391:5:flash_area_get_sectors	32	static
