stm32l5xx_hal_hash.c:1830:13:HASH_GetDigest	0	static
stm32l5xx_hal_hash.c:1904:26:HASH_WaitOnFlagUntilTimeout	32	static
stm32l5xx_hal_hash.c:1757:26:HASH_WriteData	40	static
stm32l5xx_hal_hash.c:423:13:HAL_HASH_MspInit	0	static
stm32l5xx_hal_hash.c:290:19:HAL_HASH_Init	16	static
stm32l5xx_hal_hash.c:438:13:HAL_HASH_MspDeInit	0	static
stm32l5xx_hal_hash.c:367:19:HAL_HASH_DeInit	16	static
stm32l5xx_hal_hash.c:459:13:HAL_HASH_InCpltCallback	0	static
stm32l5xx_hal_hash.c:1583:13:HASH_DMAXferCplt	16	static
stm32l5xx_hal_hash.c:476:13:HAL_HASH_DgstCpltCallback	0	static
stm32l5xx_hal_hash.c:493:13:HAL_HASH_ErrorCallback	0	static
stm32l5xx_hal_hash.c:1723:13:HASH_DMAError	8	static
stm32l5xx_hal_hash.c:973:6:HAL_HASH_IRQHandler	16	static
stm32l5xx_hal_hash.c:1319:23:HAL_HASH_GetState	0	static
stm32l5xx_hal_hash.c:1332:19:HAL_HASH_GetStatus	0	static
stm32l5xx_hal_hash.c:1350:6:HAL_HASH_ContextSaving	12	static
stm32l5xx_hal_hash.c:1390:6:HAL_HASH_ContextRestoring	8	static
stm32l5xx_hal_hash.c:1433:6:HAL_HASH_SwFeed_ProcessSuspend	0	static
stm32l5xx_hal_hash.c:1448:19:HAL_HASH_DMAFeed_ProcessSuspend	16	static
stm32l5xx_hal_hash.c:1558:10:HAL_HASH_GetError	0	static
stm32l5xx_hal_hash.c:2377:19:HASH_Start	24	static
stm32l5xx_hal_hash.c:726:19:HAL_HASH_MD5_Start	16	static
stm32l5xx_hal_hash.c:766:19:HAL_HASH_MD5_Accmlt_End	0	static
stm32l5xx_hal_hash.c:782:19:HAL_HASH_SHA1_Start	16	static
stm32l5xx_hal_hash.c:822:19:HAL_HASH_SHA1_Accmlt_End	0	static
stm32l5xx_hal_hash.c:2513:19:HASH_Accumulate	16	static
stm32l5xx_hal_hash.c:751:19:HAL_HASH_MD5_Accmlt	0	static
stm32l5xx_hal_hash.c:807:19:HAL_HASH_SHA1_Accmlt	0	static
stm32l5xx_hal_hash.c:2616:19:HASH_Accumulate_IT	24	static
stm32l5xx_hal_hash.c:892:19:HAL_HASH_MD5_Accmlt_IT	0	static
stm32l5xx_hal_hash.c:945:19:HAL_HASH_SHA1_Accmlt_IT	0	static
stm32l5xx_hal_hash.c:2738:19:HASH_Start_IT	24	static
stm32l5xx_hal_hash.c:869:19:HAL_HASH_MD5_Start_IT	16	static
stm32l5xx_hal_hash.c:906:19:HAL_HASH_MD5_Accmlt_End_IT	0	static
stm32l5xx_hal_hash.c:921:19:HAL_HASH_SHA1_Start_IT	16	static
stm32l5xx_hal_hash.c:959:19:HAL_HASH_SHA1_Accmlt_End_IT	0	static
stm32l5xx_hal_hash.c:2894:19:HASH_Start_DMA	24	static
stm32l5xx_hal_hash.c:1031:19:HAL_HASH_MD5_Start_DMA	0	static
stm32l5xx_hal_hash.c:1061:19:HAL_HASH_SHA1_Start_DMA	0	static
stm32l5xx_hal_hash.c:3008:19:HASH_Finish	16	static
stm32l5xx_hal_hash.c:1077:19:HAL_HASH_SHA1_Finish	0	static
stm32l5xx_hal_hash.c:1046:19:HAL_HASH_MD5_Finish	0	static
stm32l5xx_hal_hash.c:3069:19:HMAC_Start	24	static
stm32l5xx_hal_hash.c:1118:19:HAL_HMAC_MD5_Start	16	static
stm32l5xx_hal_hash.c:1136:19:HAL_HMAC_SHA1_Start	16	static
stm32l5xx_hal_hash.c:3139:19:HMAC_Start_IT	20	static
stm32l5xx_hal_hash.c:1177:19:HAL_HMAC_MD5_Start_IT	16	static
stm32l5xx_hal_hash.c:1194:19:HAL_HMAC_SHA1_Start_IT	16	static
stm32l5xx_hal_hash.c:3246:19:HMAC_Start_DMA	24	static
stm32l5xx_hal_hash.c:1247:19:HAL_HMAC_MD5_Start_DMA	0	static
stm32l5xx_hal_hash.c:1272:19:HAL_HMAC_SHA1_Start_DMA	0	static
